[two-party-fc] build
In file included from /tmp/ringlpn-linear-adapter-reproducible-build/source/GPU-MPC/fss/gpu_linear_helper.h:26,
                 from /tmp/ringlpn-linear-adapter-reproducible-build/source/GPU-MPC/fss/gpu_select.cu:27,
                 from /tmp/ringlpn-linear-adapter-reproducible-build/source/GPU-MPC/fss/gpu_select.h:62,
                 from /tmp/ringlpn-linear-adapter-reproducible-build/source/GPU-MPC/fss/gpu_relu.h:26,
                 from /tmp/ringlpn-linear-adapter-reproducible-build/source/GPU-MPC/fss/gpu_truncate.h:30,
                 from /tmp/ringlpn-linear-adapter-reproducible-build/source/GPU-MPC/fss/gpu_matmul.h:25,
                 from src/orca_fc_ringlpn_keywriter.cuh:13,
                 from src/two_party_linear_preprocess.cuh:28,
                 from src/linear_preprocess_backend.cuh:8,
                 from src/linear_preprocess_fc.cu:2:
/tmp/ringlpn-linear-adapter-reproducible-build/source/GPU-MPC/utils/helper_cutlass.h:34:100: warning: backslash-newline at end of file
   34 | #define CUTLASS_CHECK(status)                                                                      \
      |                                                                                                     
/tmp/ringlpn-linear-adapter-reproducible-build/source/SCI/src/utils/aes-ni.h(296): warning #1675-D: unrecognized GCC pragma
  #pragma GCC optimize("unroll-loops")
              ^

Remark: The warnings can be suppressed with "-diag-suppress <warning-number>"

/tmp/ringlpn-linear-adapter-reproducible-build/source/SCI/src/utils/utils.hpp(250): warning #68-D: integer conversion resulted in a change of sign
      if (x==64) return -1;
                        ^

/tmp/ringlpn-linear-adapter-reproducible-build/source/SCI/src/utils/utils.hpp(436): warning #68-D: integer conversion resulted in a change of sign
      uint64_t mask_x = (bw_x == 64 ? -1: ((1ULL << bw_x) - 1));
                                      ^

/tmp/ringlpn-linear-adapter-reproducible-build/source/SCI/src/utils/crh.h(49): warning #1675-D: unrecognized GCC pragma
  #pragma GCC optimize("unroll-loops")
              ^

/tmp/ringlpn-linear-adapter-reproducible-build/source/SCI/src/OT/ot-utils.h(162): warning #68-D: integer conversion resulted in a change of sign
      mask = -1;
             ^

/tmp/ringlpn-linear-adapter-reproducible-build/source/SCI/src/OT/ot-utils.h(195): warning #68-D: integer conversion resulted in a change of sign
      mask = -1;
             ^

/tmp/ringlpn-linear-adapter-reproducible-build/source/SCI/src/OT/split-iknp.h(536): warning #68-D: integer conversion resulted in a change of sign
      uint64_t modulo_mask = (l == 64 ? -1 : ((1ULL << l) - 1));
                                        ^

/tmp/ringlpn-linear-adapter-reproducible-build/source/SCI/src/OT/split-iknp.h(631): warning #68-D: integer conversion resulted in a change of sign
      uint64_t modulo_mask = (l == 64 ? -1 : ((1ULL << l) - 1));
                                        ^

/tmp/ringlpn-linear-adapter-reproducible-build/source/SCI/src/OT/split-iknp.h(723): warning #68-D: integer conversion resulted in a change of sign
        modulo_mask = -1;
                      ^

/tmp/ringlpn-linear-adapter-reproducible-build/source/SCI/src/OT/split-iknp.h(756): warning #68-D: integer conversion resulted in a change of sign
        modulo_mask = -1;
                      ^

/tmp/ringlpn-linear-adapter-reproducible-build/source/SCI/src/OT/split-iknp.h(799): warning #68-D: integer conversion resulted in a change of sign
            (msg_len[bit_idx] == 64 ? -1 : ((1ULL << msg_len[bit_idx]) - 1));
                                      ^

/tmp/ringlpn-linear-adapter-reproducible-build/source/SCI/src/OT/split-iknp.h(885): warning #68-D: integer conversion resulted in a change of sign
            (msg_len[bit_idx] == 64 ? -1 : ((1ULL << msg_len[bit_idx]) - 1));
                                      ^

/tmp/ringlpn-linear-adapter-reproducible-build/source/GPU-MPC/ext/sytorch/ext/cryptoTools/cryptoTools/Crypto/PRNG.h(39): warning #815-D: type qualifier on return type is meaningless
          const block getSeed() const;
          ^

/tmp/ringlpn-linear-adapter-reproducible-build/source/GPU-MPC/utils/gpu_comms.h(315): warning #940-D: missing return statement at end of non-void function "GpuPeer::addAndReconstruct(int, u64, u32 *, u32 *, Stats *, bool)"
      }
      ^

In file included from /tmp/ringlpn-linear-adapter-reproducible-build/source/GPU-MPC/fss/gpu_linear_helper.h:26,
                 from /tmp/ringlpn-linear-adapter-reproducible-build/source/GPU-MPC/fss/gpu_select.cu:27,
                 from /tmp/ringlpn-linear-adapter-reproducible-build/source/GPU-MPC/fss/gpu_select.h:62,
                 from /tmp/ringlpn-linear-adapter-reproducible-build/source/GPU-MPC/fss/gpu_relu.h:26,
                 from /tmp/ringlpn-linear-adapter-reproducible-build/source/GPU-MPC/fss/gpu_truncate.h:30,
                 from /tmp/ringlpn-linear-adapter-reproducible-build/source/GPU-MPC/fss/gpu_matmul.h:25,
                 from src/orca_fc_ringlpn_keywriter.cuh:13,
                 from src/two_party_linear_preprocess.cuh:28,
                 from src/linear_preprocess_backend.cuh:8,
                 from src/linear_preprocess_fc.cu:2:
/tmp/ringlpn-linear-adapter-reproducible-build/source/GPU-MPC/utils/helper_cutlass.h:34:100: warning: backslash-newline at end of file
   34 | #define CUTLASS_CHECK(status)                                                                      \
      |                                                                                                     
/tmp/ringlpn-linear-adapter-reproducible-build/source/SCI/src/utils/aes-ni.h(296): warning #1675-D: unrecognized GCC pragma
  #pragma GCC optimize("unroll-loops")
              ^

Remark: The warnings can be suppressed with "-diag-suppress <warning-number>"

/tmp/ringlpn-linear-adapter-reproducible-build/source/SCI/src/utils/utils.hpp(250): warning #68-D: integer conversion resulted in a change of sign
      if (x==64) return -1;
                        ^

/tmp/ringlpn-linear-adapter-reproducible-build/source/SCI/src/utils/utils.hpp(436): warning #68-D: integer conversion resulted in a change of sign
      uint64_t mask_x = (bw_x == 64 ? -1: ((1ULL << bw_x) - 1));
                                      ^

/tmp/ringlpn-linear-adapter-reproducible-build/source/SCI/src/utils/crh.h(49): warning #1675-D: unrecognized GCC pragma
  #pragma GCC optimize("unroll-loops")
              ^

/tmp/ringlpn-linear-adapter-reproducible-build/source/SCI/src/OT/ot-utils.h(162): warning #68-D: integer conversion resulted in a change of sign
      mask = -1;
             ^

/tmp/ringlpn-linear-adapter-reproducible-build/source/SCI/src/OT/ot-utils.h(195): warning #68-D: integer conversion resulted in a change of sign
      mask = -1;
             ^

/tmp/ringlpn-linear-adapter-reproducible-build/source/GPU-MPC/ext/sytorch/ext/cryptoTools/cryptoTools/Crypto/PRNG.h(39): warning #815-D: type qualifier on return type is meaningless
          const block getSeed() const;
          ^

/tmp/ringlpn-linear-adapter-reproducible-build/source/GPU-MPC/utils/gpu_comms.h(315): warning #940-D: missing return statement at end of non-void function "GpuPeer::addAndReconstruct(int, u64, u32 *, u32 *, Stats *, __nv_bool)"
      }
      ^

/tmp/ringlpn-linear-adapter-reproducible-build/source/SCI/src/utils/utils.hpp: In function ‘void sci::print128_num(__m128i)’:
/tmp/ringlpn-linear-adapter-reproducible-build/source/SCI/src/utils/utils.hpp:287:8: warning: format ‘%llx’ expects argument of type ‘long long unsigned int’, but argument 2 has type ‘uint64_t’ {aka ‘long unsigned int’} [-Wformat=]
  287 |     printf("%.16llx %.16llx\n", v64val[1], v64val[0]);
      |        ^~~~~~~~~~~~~~~~~~~  ~~~~~~~~~
      |                                     |
      |                                     uint64_t {aka long unsigned int}
/tmp/ringlpn-linear-adapter-reproducible-build/source/SCI/src/utils/utils.hpp:287:8: warning: format ‘%llx’ expects argument of type ‘long long unsigned int’, but argument 3 has type ‘uint64_t’ {aka ‘long unsigned int’} [-Wformat=]
  287 |     printf("%.16llx %.16llx\n", v64val[1], v64val[0]);
      |        ^~~~~~~~~~~~~~~~~~~             ~~~~~~~~~
      |                                                |
      |                                                uint64_t {aka long unsigned int}
/tmp/ringlpn-linear-adapter-reproducible-build/source/SCI/src/utils/group_openssl.h: In constructor ‘emp::Group::Group()’:
/tmp/ringlpn-linear-adapter-reproducible-build/source/SCI/src/utils/group_openssl.h:174:25: warning: ‘int EC_GROUP_precompute_mult(EC_GROUP*, BN_CTX*)’ is deprecated: Since OpenSSL 3.0 [-Wdeprecated-declarations]
  174 |   EC_GROUP_precompute_mult(ec_group, bn_ctx);
      |   ~~~~~~~~~~~~~~~~~~~~~~^~~~~~~~~~~~~~~~~~
/usr/include/openssl/ec.h:883:52: note: declared here
  883 | OSSL_DEPRECATEDIN_3_0 int EC_GROUP_precompute_mult(EC_GROUP *group, BN_CTX *ctx);
      |                                                    ^~~~~~~~~~~~~~~~~~~~~~~~
/tmp/ringlpn-linear-adapter-reproducible-build/source/SCI/src/utils/hash.h: In constructor ‘sci::Hash::Hash()’:
/tmp/ringlpn-linear-adapter-reproducible-build/source/SCI/src/utils/hash.h:46:21: warning: ‘int SHA256_Init(SHA256_CTX*)’ is deprecated: Since OpenSSL 3.0 [-Wdeprecated-declarations]
   46 |   Hash() { SHA256_Init(&hash); }
      |          ~~~~~~~~~~~^~~~~~~~~
/usr/include/openssl/sha.h:73:52: note: declared here
   73 | OSSL_DEPRECATEDIN_3_0 int SHA256_Init(SHA256_CTX *c);
      |                                                    ^~         
/tmp/ringlpn-linear-adapter-reproducible-build/source/SCI/src/utils/hash.h: In member function ‘void sci::Hash::put(const void*, int)’:
/tmp/ringlpn-linear-adapter-reproducible-build/source/SCI/src/utils/hash.h:50:14: warning: ‘int SHA256_Update(SHA256_CTX*, const void*, size_t)’ is deprecated: Since OpenSSL 3.0 [-Wdeprecated-declarations]
   50 |       SHA256_Update(&hash, data, nbyte);
      |       ~~~~~~~^~~~~~~~~~~~~~~~~~~~~~
/usr/include/openssl/sha.h:74:52: note: declared here
   74 | OSSL_DEPRECATEDIN_3_0 int SHA256_Update(SHA256_CTX *c,
      |                                                    ^~~          
/tmp/ringlpn-linear-adapter-reproducible-build/source/SCI/src/utils/hash.h:55:14: warning: ‘int SHA256_Update(SHA256_CTX*, const void*, size_t)’ is deprecated: Since OpenSSL 3.0 [-Wdeprecated-declarations]
   55 |       SHA256_Update(&hash, (char *)buffer, size);
      |       ~~~~~~~^~~~~~~~~~~~~~~~~~~~~~~~~~~~~~~~~
/usr/include/openssl/sha.h:74:52: note: declared here
   74 | OSSL_DEPRECATEDIN_3_0 int SHA256_Update(SHA256_CTX *c,
      |                                                    ^~~          
/tmp/ringlpn-linear-adapter-reproducible-build/source/SCI/src/utils/hash.h: In member function ‘void sci::Hash::digest(char*)’:
/tmp/ringlpn-linear-adapter-reproducible-build/source/SCI/src/utils/hash.h:65:14: warning: ‘int SHA256_Update(SHA256_CTX*, const void*, size_t)’ is deprecated: Since OpenSSL 3.0 [-Wdeprecated-declarations]
   65 |       SHA256_Update(&hash, (char *)buffer, size);
      |       ~~~~~~~^~~~~~~~~~~~~~~~~~~~~~~~~~~~~~~~~
/usr/include/openssl/sha.h:74:52: note: declared here
   74 | OSSL_DEPRECATEDIN_3_0 int SHA256_Update(SHA256_CTX *c,
      |                                                    ^~~          
/tmp/ringlpn-linear-adapter-reproducible-build/source/SCI/src/utils/hash.h:68:13: warning: ‘int SHA256_Final(unsigned char*, SHA256_CTX*)’ is deprecated: Since OpenSSL 3.0 [-Wdeprecated-declarations]
   68 |     SHA256_Final((unsigned char *)a, &hash);
      |     ~~~~~~~~^~~~~~~~~~~~~~~~~~~~~~~~~~~~~
/usr/include/openssl/sha.h:76:52: note: declared here
   76 | OSSL_DEPRECATEDIN_3_0 int SHA256_Final(unsigned char *md, SHA256_CTX *c);
      |                                                    ^~~~~~~~~~~~
/tmp/ringlpn-linear-adapter-reproducible-build/source/SCI/src/utils/hash.h: In member function ‘void sci::Hash::reset()’:
/tmp/ringlpn-linear-adapter-reproducible-build/source/SCI/src/utils/hash.h:71:12: warning: ‘int SHA256_Init(SHA256_CTX*)’ is deprecated: Since OpenSSL 3.0 [-Wdeprecated-declarations]
   71 |     SHA256_Init(&hash);
      |     ~~~~~~~^~~~~~~~~
/usr/include/openssl/sha.h:73:52: note: declared here
   73 | OSSL_DEPRECATEDIN_3_0 int SHA256_Init(SHA256_CTX *c);
      |                                                    ^~         
src/two_party_ot.h: In member function ‘void ringlpn_2pc::PartyChannel::ot_send_128(const std::vector<__int128 unsigned>&, const std::vector<__int128 unsigned>&)’:
src/two_party_ot.h:434:61: warning: ignoring attributes on template argument ‘__m128i []’ [-Wignored-attributes]
  434 |             std::unique_ptr<sci::block128[]> b0(new sci::block128[(size_t)n]);
      |                                                             ^
src/two_party_ot.h:434:63: warning: ignoring attributes on template argument ‘__m128i []’ [-Wignored-attributes]
  434 |             std::unique_ptr<sci::block128[]> b0(new sci::block128[(size_t)n]);
      |                                                               ^
src/two_party_ot.h:435:61: warning: ignoring attributes on template argument ‘__m128i []’ [-Wignored-attributes]
  435 |             std::unique_ptr<sci::block128[]> b1(new sci::block128[(size_t)n]);
      |                                                             ^
src/two_party_ot.h:435:63: warning: ignoring attributes on template argument ‘__m128i []’ [-Wignored-attributes]
  435 |             std::unique_ptr<sci::block128[]> b1(new sci::block128[(size_t)n]);
      |                                                               ^
src/two_party_ot.h: In member function ‘std::vector<__int128 unsigned> ringlpn_2pc::PartyChannel::ot_recv_128(const std::vector<unsigned char>&)’:
src/two_party_ot.h:458:61: warning: ignoring attributes on template argument ‘__m128i []’ [-Wignored-attributes]
  458 |             std::unique_ptr<sci::block128[]> out(new sci::block128[(size_t)n]);
      |                                                             ^
src/two_party_ot.h:458:63: warning: ignoring attributes on template argument ‘__m128i []’ [-Wignored-attributes]
  458 |             std::unique_ptr<sci::block128[]> out(new sci::block128[(size_t)n]);
      |                                                               ^
/tmp/ringlpn-linear-adapter-reproducible-build/source/GPU-MPC/ext/sytorch/ext/cryptoTools/cryptoTools/Common/Defines.h: At global scope:
/tmp/ringlpn-linear-adapter-reproducible-build/source/GPU-MPC/ext/sytorch/ext/cryptoTools/cryptoTools/Common/Defines.h:73:38: warning: ignoring attributes on template argument ‘__m128i’ [-Wignored-attributes]
   73 |     extern const std::array<block, 2> zeroAndAllOne;
      |                                      ^
/tmp/ringlpn-linear-adapter-reproducible-build/source/GPU-MPC/ext/sytorch/ext/cryptoTools/cryptoTools/Crypto/AES.h:35:38: warning: ignoring attributes on template argument ‘const __m128i’ [-Wignored-attributes]
   35 |         void ecbEncBlocks(span<const block> plaintexts, span<block> ciphertext) const
      |                                      ^
/tmp/ringlpn-linear-adapter-reproducible-build/source/GPU-MPC/ext/sytorch/ext/cryptoTools/cryptoTools/Crypto/AES.h:35:66: warning: ignoring attributes on template argument ‘__m128i’ [-Wignored-attributes]
   35 |         void ecbEncBlocks(span<const block> plaintexts, span<block> ciphertext) const
      |                                                                  ^
/tmp/ringlpn-linear-adapter-reproducible-build/source/GPU-MPC/ext/sytorch/ext/cryptoTools/cryptoTools/Crypto/AES.h:56:50: warning: ignoring attributes on template argument ‘__m128i’ [-Wignored-attributes]
   56 |         void ecbEncCounterMode(u64 baseIdx, span<block> ciphertext) const
      |                                                  ^
/tmp/ringlpn-linear-adapter-reproducible-build/source/GPU-MPC/ext/sytorch/ext/cryptoTools/cryptoTools/Crypto/AES.h:81:24: warning: ignoring attributes on template argument ‘osuCrypto::block’ {aka ‘__m128i’} [-Wignored-attributes]
   81 |         MultiKeyAES(span<block> keys) { setKeys(keys); }
      |                        ^
/tmp/ringlpn-linear-adapter-reproducible-build/source/GPU-MPC/ext/sytorch/ext/cryptoTools/cryptoTools/Crypto/AES.h:84:25: warning: ignoring attributes on template argument ‘osuCrypto::block’ {aka ‘__m128i’} [-Wignored-attributes]
   84 |         void setKeys(span<block> keys)
      |                         ^
/tmp/ringlpn-linear-adapter-reproducible-build/source/GPU-MPC/ext/sytorch/ext/cryptoTools/cryptoTools/Crypto/PRNG.h:140:35: warning: ignoring attributes on template argument ‘__m128i’ [-Wignored-attributes]
  140 |                 std::vector<block> mBuffer;
      |                                   ^
In file included from /tmp/ringlpn-linear-adapter-reproducible-build/source/SCI/src/utils/utils.h:87,
                 from /tmp/ringlpn-linear-adapter-reproducible-build/source/SCI/src/utils/group.h:28,
                 from /tmp/ringlpn-linear-adapter-reproducible-build/source/SCI/src/utils/io_channel.h:31,
                 from /tmp/ringlpn-linear-adapter-reproducible-build/source/SCI/src/utils/emp-tool.h:1,
                 from /tmp/ringlpn-linear-adapter-reproducible-build/source/SCI/src/OT/ot.h:30,
                 from /tmp/ringlpn-linear-adapter-reproducible-build/source/SCI/src/OT/np.h:30,
                 from /tmp/ringlpn-linear-adapter-reproducible-build/source/SCI/src/OT/split-iknp.h:28,
                 from src/two_party_ot.h:42,
                 from src/secure_convert.h:3,
                 from src/secure_convert.cpp:1:
/tmp/ringlpn-linear-adapter-reproducible-build/source/SCI/src/utils/utils.hpp: In function ‘void sci::print128_num(__m128i)’:
/tmp/ringlpn-linear-adapter-reproducible-build/source/SCI/src/utils/utils.hpp:287:19: warning: format ‘%llx’ expects argument of type ‘long long unsigned int’, but argument 2 has type ‘uint64_t’ {aka ‘long unsigned int’} [-Wformat=]
  287 |     printf("%.16llx %.16llx\n", v64val[1], v64val[0]);
      |             ~~~~~~^             ~~~~~~~~~
      |                   |                     |
      |                   |                     uint64_t {aka long unsigned int}
      |                   long long unsigned int
      |             %.16lx
/tmp/ringlpn-linear-adapter-reproducible-build/source/SCI/src/utils/utils.hpp:287:27: warning: format ‘%llx’ expects argument of type ‘long long unsigned int’, but argument 3 has type ‘uint64_t’ {aka ‘long unsigned int’} [-Wformat=]
  287 |     printf("%.16llx %.16llx\n", v64val[1], v64val[0]);
      |                     ~~~~~~^                ~~~~~~~~~
      |                           |                        |
      |                           long long unsigned int   uint64_t {aka long unsigned int}
      |                     %.16lx
In file included from /tmp/ringlpn-linear-adapter-reproducible-build/source/SCI/src/utils/group.h:97:
/tmp/ringlpn-linear-adapter-reproducible-build/source/SCI/src/utils/group_openssl.h: In constructor ‘emp::Group::Group()’:
/tmp/ringlpn-linear-adapter-reproducible-build/source/SCI/src/utils/group_openssl.h:174:27: warning: ‘int EC_GROUP_precompute_mult(EC_GROUP*, BN_CTX*)’ is deprecated: Since OpenSSL 3.0 [-Wdeprecated-declarations]
  174 |   EC_GROUP_precompute_mult(ec_group, bn_ctx);
      |   ~~~~~~~~~~~~~~~~~~~~~~~~^~~~~~~~~~~~~~~~~~
In file included from /tmp/ringlpn-linear-adapter-reproducible-build/source/SCI/src/utils/group.h:31:
/usr/include/openssl/ec.h:883:27: note: declared here
  883 | OSSL_DEPRECATEDIN_3_0 int EC_GROUP_precompute_mult(EC_GROUP *group, BN_CTX *ctx);
      |                           ^~~~~~~~~~~~~~~~~~~~~~~~
In file included from /tmp/ringlpn-linear-adapter-reproducible-build/source/SCI/src/utils/emp-tool.h:15:
/tmp/ringlpn-linear-adapter-reproducible-build/source/SCI/src/utils/hash.h: In constructor ‘sci::Hash::Hash()’:
/tmp/ringlpn-linear-adapter-reproducible-build/source/SCI/src/utils/hash.h:46:23: warning: ‘int SHA256_Init(SHA256_CTX*)’ is deprecated: Since OpenSSL 3.0 [-Wdeprecated-declarations]
   46 |   Hash() { SHA256_Init(&hash); }
      |            ~~~~~~~~~~~^~~~~~~
In file included from /tmp/ringlpn-linear-adapter-reproducible-build/source/SCI/src/utils/hash.h:33:
/usr/include/openssl/sha.h:73:27: note: declared here
   73 | OSSL_DEPRECATEDIN_3_0 int SHA256_Init(SHA256_CTX *c);
      |                           ^~~~~~~~~~~
/tmp/ringlpn-linear-adapter-reproducible-build/source/SCI/src/utils/hash.h: In member function ‘void sci::Hash::put(const void*, int)’:
/tmp/ringlpn-linear-adapter-reproducible-build/source/SCI/src/utils/hash.h:50:20: warning: ‘int SHA256_Update(SHA256_CTX*, const void*, size_t)’ is deprecated: Since OpenSSL 3.0 [-Wdeprecated-declarations]
   50 |       SHA256_Update(&hash, data, nbyte);
      |       ~~~~~~~~~~~~~^~~~~~~~~~~~~~~~~~~~
/usr/include/openssl/sha.h:74:27: note: declared here
   74 | OSSL_DEPRECATEDIN_3_0 int SHA256_Update(SHA256_CTX *c,
      |                           ^~~~~~~~~~~~~
/tmp/ringlpn-linear-adapter-reproducible-build/source/SCI/src/utils/hash.h:55:20: warning: ‘int SHA256_Update(SHA256_CTX*, const void*, size_t)’ is deprecated: Since OpenSSL 3.0 [-Wdeprecated-declarations]
   55 |       SHA256_Update(&hash, (char *)buffer, size);
      |       ~~~~~~~~~~~~~^~~~~~~~~~~~~~~~~~~~~~~~~~~~~
/usr/include/openssl/sha.h:74:27: note: declared here
   74 | OSSL_DEPRECATEDIN_3_0 int SHA256_Update(SHA256_CTX *c,
      |                           ^~~~~~~~~~~~~
/tmp/ringlpn-linear-adapter-reproducible-build/source/SCI/src/utils/hash.h: In member function ‘void sci::Hash::digest(char*)’:
/tmp/ringlpn-linear-adapter-reproducible-build/source/SCI/src/utils/hash.h:65:20: warning: ‘int SHA256_Update(SHA256_CTX*, const void*, size_t)’ is deprecated: Since OpenSSL 3.0 [-Wdeprecated-declarations]
   65 |       SHA256_Update(&hash, (char *)buffer, size);
      |       ~~~~~~~~~~~~~^~~~~~~~~~~~~~~~~~~~~~~~~~~~~
/usr/include/openssl/sha.h:74:27: note: declared here
   74 | OSSL_DEPRECATEDIN_3_0 int SHA256_Update(SHA256_CTX *c,
      |                           ^~~~~~~~~~~~~
/tmp/ringlpn-linear-adapter-reproducible-build/source/SCI/src/utils/hash.h:68:17: warning: ‘int SHA256_Final(unsigned char*, SHA256_CTX*)’ is deprecated: Since OpenSSL 3.0 [-Wdeprecated-declarations]
   68 |     SHA256_Final((unsigned char *)a, &hash);
      |     ~~~~~~~~~~~~^~~~~~~~~~~~~~~~~~~~~~~~~~~
/usr/include/openssl/sha.h:76:27: note: declared here
   76 | OSSL_DEPRECATEDIN_3_0 int SHA256_Final(unsigned char *md, SHA256_CTX *c);
      |                           ^~~~~~~~~~~~
/tmp/ringlpn-linear-adapter-reproducible-build/source/SCI/src/utils/hash.h: In member function ‘void sci::Hash::reset()’:
/tmp/ringlpn-linear-adapter-reproducible-build/source/SCI/src/utils/hash.h:71:16: warning: ‘int SHA256_Init(SHA256_CTX*)’ is deprecated: Since OpenSSL 3.0 [-Wdeprecated-declarations]
   71 |     SHA256_Init(&hash);
      |     ~~~~~~~~~~~^~~~~~~
/usr/include/openssl/sha.h:73:27: note: declared here
   73 | OSSL_DEPRECATEDIN_3_0 int SHA256_Init(SHA256_CTX *c);
      |                           ^~~~~~~~~~~
src/two_party_ot.h: In member function ‘void ringlpn_2pc::PartyChannel::ot_send_128(const std::vector<__int128 unsigned>&, const std::vector<__int128 unsigned>&)’:
src/two_party_ot.h:434:44: warning: ignoring attributes on template argument ‘sci::block128 []’ {aka ‘__m128i []’} [-Wignored-attributes]
  434 |             std::unique_ptr<sci::block128[]> b0(new sci::block128[(size_t)n]);
      |                                            ^
src/two_party_ot.h:435:44: warning: ignoring attributes on template argument ‘sci::block128 []’ {aka ‘__m128i []’} [-Wignored-attributes]
  435 |             std::unique_ptr<sci::block128[]> b1(new sci::block128[(size_t)n]);
      |                                            ^
src/two_party_ot.h: In member function ‘std::vector<__int128 unsigned> ringlpn_2pc::PartyChannel::ot_recv_128(const std::vector<unsigned char>&)’:
src/two_party_ot.h:458:44: warning: ignoring attributes on template argument ‘sci::block128 []’ {aka ‘__m128i []’} [-Wignored-attributes]
  458 |             std::unique_ptr<sci::block128[]> out(new sci::block128[(size_t)n]);
      |                                            ^
In file included from /tmp/ringlpn-linear-adapter-reproducible-build/source/SCI/src/utils/utils.h:87,
                 from /tmp/ringlpn-linear-adapter-reproducible-build/source/SCI/src/utils/group.h:28,
                 from /tmp/ringlpn-linear-adapter-reproducible-build/source/SCI/src/utils/io_channel.h:31,
                 from /tmp/ringlpn-linear-adapter-reproducible-build/source/SCI/src/utils/emp-tool.h:1,
                 from /tmp/ringlpn-linear-adapter-reproducible-build/source/SCI/src/OT/ot.h:30,
                 from /tmp/ringlpn-linear-adapter-reproducible-build/source/SCI/src/OT/np.h:30,
                 from /tmp/ringlpn-linear-adapter-reproducible-build/source/SCI/src/OT/split-iknp.h:28,
                 from src/two_party_ot.h:42,
                 from src/secure_truncate.h:3,
                 from src/secure_truncate.cpp:1:
/tmp/ringlpn-linear-adapter-reproducible-build/source/SCI/src/utils/utils.hpp: In function ‘void sci::print128_num(__m128i)’:
/tmp/ringlpn-linear-adapter-reproducible-build/source/SCI/src/utils/utils.hpp:287:19: warning: format ‘%llx’ expects argument of type ‘long long unsigned int’, but argument 2 has type ‘uint64_t’ {aka ‘long unsigned int’} [-Wformat=]
  287 |     printf("%.16llx %.16llx\n", v64val[1], v64val[0]);
      |             ~~~~~~^             ~~~~~~~~~
      |                   |                     |
      |                   |                     uint64_t {aka long unsigned int}
      |                   long long unsigned int
      |             %.16lx
/tmp/ringlpn-linear-adapter-reproducible-build/source/SCI/src/utils/utils.hpp:287:27: warning: format ‘%llx’ expects argument of type ‘long long unsigned int’, but argument 3 has type ‘uint64_t’ {aka ‘long unsigned int’} [-Wformat=]
  287 |     printf("%.16llx %.16llx\n", v64val[1], v64val[0]);
      |                     ~~~~~~^                ~~~~~~~~~
      |                           |                        |
      |                           long long unsigned int   uint64_t {aka long unsigned int}
      |                     %.16lx
In file included from /tmp/ringlpn-linear-adapter-reproducible-build/source/SCI/src/utils/group.h:97:
/tmp/ringlpn-linear-adapter-reproducible-build/source/SCI/src/utils/group_openssl.h: In constructor ‘emp::Group::Group()’:
/tmp/ringlpn-linear-adapter-reproducible-build/source/SCI/src/utils/group_openssl.h:174:27: warning: ‘int EC_GROUP_precompute_mult(EC_GROUP*, BN_CTX*)’ is deprecated: Since OpenSSL 3.0 [-Wdeprecated-declarations]
  174 |   EC_GROUP_precompute_mult(ec_group, bn_ctx);
      |   ~~~~~~~~~~~~~~~~~~~~~~~~^~~~~~~~~~~~~~~~~~
In file included from /tmp/ringlpn-linear-adapter-reproducible-build/source/SCI/src/utils/group.h:31:
/usr/include/openssl/ec.h:883:27: note: declared here
  883 | OSSL_DEPRECATEDIN_3_0 int EC_GROUP_precompute_mult(EC_GROUP *group, BN_CTX *ctx);
      |                           ^~~~~~~~~~~~~~~~~~~~~~~~
In file included from /tmp/ringlpn-linear-adapter-reproducible-build/source/SCI/src/utils/emp-tool.h:15:
/tmp/ringlpn-linear-adapter-reproducible-build/source/SCI/src/utils/hash.h: In constructor ‘sci::Hash::Hash()’:
/tmp/ringlpn-linear-adapter-reproducible-build/source/SCI/src/utils/hash.h:46:23: warning: ‘int SHA256_Init(SHA256_CTX*)’ is deprecated: Since OpenSSL 3.0 [-Wdeprecated-declarations]
   46 |   Hash() { SHA256_Init(&hash); }
      |            ~~~~~~~~~~~^~~~~~~
In file included from /tmp/ringlpn-linear-adapter-reproducible-build/source/SCI/src/utils/hash.h:33:
/usr/include/openssl/sha.h:73:27: note: declared here
   73 | OSSL_DEPRECATEDIN_3_0 int SHA256_Init(SHA256_CTX *c);
      |                           ^~~~~~~~~~~
/tmp/ringlpn-linear-adapter-reproducible-build/source/SCI/src/utils/hash.h: In member function ‘void sci::Hash::put(const void*, int)’:
/tmp/ringlpn-linear-adapter-reproducible-build/source/SCI/src/utils/hash.h:50:20: warning: ‘int SHA256_Update(SHA256_CTX*, const void*, size_t)’ is deprecated: Since OpenSSL 3.0 [-Wdeprecated-declarations]
   50 |       SHA256_Update(&hash, data, nbyte);
      |       ~~~~~~~~~~~~~^~~~~~~~~~~~~~~~~~~~
/usr/include/openssl/sha.h:74:27: note: declared here
   74 | OSSL_DEPRECATEDIN_3_0 int SHA256_Update(SHA256_CTX *c,
      |                           ^~~~~~~~~~~~~
/tmp/ringlpn-linear-adapter-reproducible-build/source/SCI/src/utils/hash.h:55:20: warning: ‘int SHA256_Update(SHA256_CTX*, const void*, size_t)’ is deprecated: Since OpenSSL 3.0 [-Wdeprecated-declarations]
   55 |       SHA256_Update(&hash, (char *)buffer, size);
      |       ~~~~~~~~~~~~~^~~~~~~~~~~~~~~~~~~~~~~~~~~~~
/usr/include/openssl/sha.h:74:27: note: declared here
   74 | OSSL_DEPRECATEDIN_3_0 int SHA256_Update(SHA256_CTX *c,
      |                           ^~~~~~~~~~~~~
/tmp/ringlpn-linear-adapter-reproducible-build/source/SCI/src/utils/hash.h: In member function ‘void sci::Hash::digest(char*)’:
/tmp/ringlpn-linear-adapter-reproducible-build/source/SCI/src/utils/hash.h:65:20: warning: ‘int SHA256_Update(SHA256_CTX*, const void*, size_t)’ is deprecated: Since OpenSSL 3.0 [-Wdeprecated-declarations]
   65 |       SHA256_Update(&hash, (char *)buffer, size);
      |       ~~~~~~~~~~~~~^~~~~~~~~~~~~~~~~~~~~~~~~~~~~
/usr/include/openssl/sha.h:74:27: note: declared here
   74 | OSSL_DEPRECATEDIN_3_0 int SHA256_Update(SHA256_CTX *c,
      |                           ^~~~~~~~~~~~~
/tmp/ringlpn-linear-adapter-reproducible-build/source/SCI/src/utils/hash.h:68:17: warning: ‘int SHA256_Final(unsigned char*, SHA256_CTX*)’ is deprecated: Since OpenSSL 3.0 [-Wdeprecated-declarations]
   68 |     SHA256_Final((unsigned char *)a, &hash);
      |     ~~~~~~~~~~~~^~~~~~~~~~~~~~~~~~~~~~~~~~~
/usr/include/openssl/sha.h:76:27: note: declared here
   76 | OSSL_DEPRECATEDIN_3_0 int SHA256_Final(unsigned char *md, SHA256_CTX *c);
      |                           ^~~~~~~~~~~~
/tmp/ringlpn-linear-adapter-reproducible-build/source/SCI/src/utils/hash.h: In member function ‘void sci::Hash::reset()’:
/tmp/ringlpn-linear-adapter-reproducible-build/source/SCI/src/utils/hash.h:71:16: warning: ‘int SHA256_Init(SHA256_CTX*)’ is deprecated: Since OpenSSL 3.0 [-Wdeprecated-declarations]
   71 |     SHA256_Init(&hash);
      |     ~~~~~~~~~~~^~~~~~~
/usr/include/openssl/sha.h:73:27: note: declared here
   73 | OSSL_DEPRECATEDIN_3_0 int SHA256_Init(SHA256_CTX *c);
      |                           ^~~~~~~~~~~
src/two_party_ot.h: In member function ‘void ringlpn_2pc::PartyChannel::ot_send_128(const std::vector<__int128 unsigned>&, const std::vector<__int128 unsigned>&)’:
src/two_party_ot.h:434:44: warning: ignoring attributes on template argument ‘sci::block128 []’ {aka ‘__m128i []’} [-Wignored-attributes]
  434 |             std::unique_ptr<sci::block128[]> b0(new sci::block128[(size_t)n]);
      |                                            ^
src/two_party_ot.h:435:44: warning: ignoring attributes on template argument ‘sci::block128 []’ {aka ‘__m128i []’} [-Wignored-attributes]
  435 |             std::unique_ptr<sci::block128[]> b1(new sci::block128[(size_t)n]);
      |                                            ^
src/two_party_ot.h: In member function ‘std::vector<__int128 unsigned> ringlpn_2pc::PartyChannel::ot_recv_128(const std::vector<unsigned char>&)’:
src/two_party_ot.h:458:44: warning: ignoring attributes on template argument ‘sci::block128 []’ {aka ‘__m128i []’} [-Wignored-attributes]
  458 |             std::unique_ptr<sci::block128[]> out(new sci::block128[(size_t)n]);
      |                                            ^
Built /tmp/ringlpn-linear-adapter-reproducible-build/source/GPU-MPC/ringlpn/bin/test_two_party_fc_preprocess

===== q64_regular_small / party 0 =====
0,64,16,2,2,2,8192,2,8,regular,1,7424,768,2,16,512,11264,5120,1536,768,768,1536,768,768,869376,1643520,116544,4,16,4,1248,2496,1225312,425,298762,pass,213,42.868,24336.6,2143.69,20513.2,4617.54,15.178,508.942,9279.03,49.452,4555.89,506.522,129.411,124575744,32158056448,1668481024,1054081,NA,193221,NA,256,21829,NA,416,480,128,128,yes,NA,29b0a2f927824512dcb04c9abe5bb55b,5476be24496e01f0aa576bc7d2b1c2c5f8fc2cf4a36e646bcd957bb1eb25ff20,sci-iknp,SCI-IKNP-IN-TREE,NA,NA,NA,NA,NA,NA,NA,NA,NA,NA,NA,NA,existing-default,14832,NA,8,0
===== q64_regular_small / party 1 =====
1,64,16,2,2,2,8192,2,8,regular,1,7424,768,2,16,512,11264,5120,1536,768,768,1536,768,768,869376,1643520,116544,4,16,4,1248,2496,1265504,425,298786,pass,213,392.266,24319,2146.99,20515.4,4615.1,14.391,3939.92,9191.2,52.054,4557.16,483.257,123.866,123371520,7671840768,26154696704,1097034,NA,190460,NA,256,21829,NA,128,128,128,128,yes,NA,29b0a2f927824512dcb04c9abe5bb55b,5476be24496e01f0aa576bc7d2b1c2c5f8fc2cf4a36e646bcd957bb1eb25ff20,sci-iknp,SCI-IKNP-IN-TREE,NA,NA,NA,NA,NA,NA,NA,NA,NA,NA,NA,NA,existing-default,14832,NA,8,0
===== q64_regular_small / offline checker =====
64,16,2,2,2,1,96,47341.5,15890,pass,pass,pass,pass,219406,128352256,31929597952,1896939520,29b0a2f927824512dcb04c9abe5bb55b,5476be24496e01f0aa576bc7d2b1c2c5f8fc2cf4a36e646bcd957bb1eb25ff20

===== q64_uniform_small / party 0 =====
0,64,16,2,2,2,8192,2,8,uniform,1,7424,768,2,16,512,14336,6656,1536,768,768,1536,768,768,1072128,2049024,141504,4,16,4,1248,2496,1353184,461,338089,pass,231,21.215,20330.5,2919.89,28218,4460.7,8.432,537.147,16489.8,45.761,4228.27,314.882,121.456,124399616,32292274176,1534263296,1132801,NA,242373,NA,256,21829,NA,128,128,128,128,yes,NA,aea8c50a42b012f8844727973c4d23f6,ed9aa8796fc9454fb363bf7abc6c827629218a367a1870a801cb481b09375fde,sci-iknp,SCI-IKNP-IN-TREE,NA,NA,NA,NA,NA,NA,NA,NA,NA,NA,NA,NA,existing-default,14832,NA,8,0
===== q64_uniform_small / party 1 =====
1,64,16,2,2,2,8192,2,8,uniform,1,7424,768,2,16,512,14336,6656,1536,768,768,1536,768,768,1072128,2049024,141504,4,16,4,1248,2496,1393376,461,338119,pass,231,9.675,20301.7,2914.74,28218.2,4460.26,8.812,2389.76,16517.3,51.514,4228.26,320.911,116.216,123629568,7806058496,26020478976,1175370,NA,239996,NA,256,21829,NA,128,128,128,128,yes,NA,aea8c50a42b012f8844727973c4d23f6,ed9aa8796fc9454fb363bf7abc6c827629218a367a1870a801cb481b09375fde,sci-iknp,SCI-IKNP-IN-TREE,NA,NA,NA,NA,NA,NA,NA,NA,NA,NA,NA,NA,existing-default,14832,NA,8,0
===== q64_uniform_small / offline checker =====
64,16,2,2,2,1,96,24257.1,99.628,pass,pass,pass,pass,314782,128212992,31929597952,1896939520,aea8c50a42b012f8844727973c4d23f6,ed9aa8796fc9454fb363bf7abc6c827629218a367a1870a801cb481b09375fde

===== q128_regular_small / party 0 =====
0,128,32,2,2,2,8192,2,8,regular,1,7424,768,4,32,1024,22528,10240,3072,1536,1536,3072,1536,1536,1738752,3287040,233088,4,32,4,2488,4976,2450208,831,329419,pass,415,41.98,20733.1,4066.08,39140.1,8177.62,25.204,871.44,17948.5,115.963,6947.27,315.796,124.804,124592128,32158056448,1668481024,2098753,NA,373445,NA,256,21829,NA,128,128,128,128,yes,NA,4cd8d0848b94c1a85ce886d934dad1bb,5bae2c2b43b724cebec9fd0c247d89a9093d07295cf5b42a694f73635a051d0b,sci-iknp,SCI-IKNP-IN-TREE,NA,NA,NA,NA,NA,NA,NA,NA,NA,NA,NA,NA,existing-default,29664,NA,16,0
===== q128_regular_small / party 1 =====
1,128,32,2,2,2,8192,2,8,regular,1,7424,768,4,32,1024,22528,10240,3072,1536,1536,3072,1536,1536,1738752,3287040,233088,4,32,4,2488,4976,2526752,831,329422,pass,415,20.87,20746.1,4068.14,39173.6,8150.73,27.178,1048.12,18046.9,94.86,6944.92,324.839,119.468,123867136,7671840768,26154696704,2176654,NA,372088,NA,256,21829,NA,128,128,128,128,yes,NA,4cd8d0848b94c1a85ce886d934dad1bb,5bae2c2b43b724cebec9fd0c247d89a9093d07295cf5b42a694f73635a051d0b,sci-iknp,SCI-IKNP-IN-TREE,NA,NA,NA,NA,NA,NA,NA,NA,NA,NA,NA,NA,existing-default,29664,NA,16,0
===== q128_regular_small / offline checker =====
128,32,2,2,2,1,96,47348,15974.6,pass,pass,pass,pass,220292,128606208,31929597952,1896939520,4cd8d0848b94c1a85ce886d934dad1bb,5bae2c2b43b724cebec9fd0c247d89a9093d07295cf5b42a694f73635a051d0b

===== q128_uniform_small / party 0 =====
0,128,32,2,2,2,8192,2,8,uniform,1,7424,768,4,32,1024,28672,13312,3072,1536,1536,3072,1536,1536,2144256,4098048,283008,4,32,4,2488,4976,2705952,903,385632,pass,451,27.904,20801.3,4584.18,48542.8,8357.98,17.328,948.386,32931.6,101.084,6932.11,592.958,148.633,124841984,32292274176,1534263296,2256193,NA,471749,NA,256,21829,NA,128,128,128,128,yes,NA,77433198d7fd416387901d1e90c4804e,a8197dd1213d98c2e4fa0bde2e8292e4d904fd60e2559d480a9f3533796bb240,sci-iknp,SCI-IKNP-IN-TREE,NA,NA,NA,NA,NA,NA,NA,NA,NA,NA,NA,NA,existing-default,29664,NA,16,0
===== q128_uniform_small / party 1 =====
1,128,32,2,2,2,8192,2,8,uniform,1,7424,768,4,32,1024,28672,13312,3072,1536,1536,3072,1536,1536,2144256,4098048,283008,4,32,4,2488,4976,2782496,903,385558,pass,451,24.863,20875.3,4579.52,48544.8,8310.73,18.863,865.713,32920.8,106.701,6932.07,602.039,141.517,123371520,7806058496,26020478976,2333326,NA,471160,NA,256,21829,NA,128,128,128,128,yes,NA,77433198d7fd416387901d1e90c4804e,a8197dd1213d98c2e4fa0bde2e8292e4d904fd60e2559d480a9f3533796bb240,sci-iknp,SCI-IKNP-IN-TREE,NA,NA,NA,NA,NA,NA,NA,NA,NA,NA,NA,NA,existing-default,29664,NA,16,0
===== q128_uniform_small / offline checker =====
128,32,2,2,2,1,96,22990.8,101.507,pass,pass,pass,pass,307081,128495616,31929597952,1896939520,77433198d7fd416387901d1e90c4804e,a8197dd1213d98c2e4fa0bde2e8292e4d904fd60e2559d480a9f3533796bb240

===== q64_regular_multibatch / party 0 =====
0,64,16,8,65,16,8192,2,8,regular,2,7424,768,4,16640,1024,22528,10240,3072,768,2304,3072,768,2304,1833984,3382272,233088,4,16640,128,39936,79872,2355460,585,331117,pass,291,28.303,20833.8,4181.4,36944.9,5647.38,27.201,910.216,18114.2,759.155,5623.31,306.774,113.836,124534784,32158056448,1668481024,1766437,NA,611013,NA,256,21829,NA,128,128,128,128,yes,NA,e76f947896963de5a4f19bcd2d301e96,a73d6edd18d4d0be226f4e11100fabaf65a72a0642d0e07733e7464e323d2033,sci-iknp,SCI-IKNP-IN-TREE,NA,NA,NA,NA,NA,NA,NA,NA,NA,NA,NA,NA,existing-default,13056,NA,16,0
===== q64_regular_multibatch / party 1 =====
1,64,16,8,65,16,8192,2,8,regular,2,7424,768,4,16640,1024,22528,10240,3072,768,2304,3072,768,2304,1833984,3382272,233088,4,16640,128,39936,79872,2268676,585,331123,pass,291,24.395,20828,4179.55,36907.1,5679.08,25.788,4117.16,17792.6,637.286,5629.12,321.175,107.975,124526592,7671840768,26154696704,1914858,NA,375808,NA,256,21829,NA,128,128,128,128,yes,NA,e76f947896963de5a4f19bcd2d301e96,a73d6edd18d4d0be226f4e11100fabaf65a72a0642d0e07733e7464e323d2033,sci-iknp,SCI-IKNP-IN-TREE,NA,NA,NA,NA,NA,NA,NA,NA,NA,NA,NA,NA,existing-default,13056,NA,16,0
===== q64_regular_multibatch / offline checker =====
64,16,8,65,16,2,13504,49514.7,15952.7,pass,pass,pass,pass,217782,128290816,31929597952,1896939520,e76f947896963de5a4f19bcd2d301e96,a73d6edd18d4d0be226f4e11100fabaf65a72a0642d0e07733e7464e323d2033

===== control_duplicate_id / party 0 =====
[two-party-fc] local preflight failed: work=1 output-absent=1 state-absent=1 paths-disjoint=1 plan=1 claim=0
[two-party-fc] public/local preflight rejected before OT/output
===== control_duplicate_id / party 1 =====
[two-party-fc] local preflight failed: work=1 output-absent=1 state-absent=1 paths-disjoint=1 plan=1 claim=0
[two-party-fc] public/local preflight rejected before OT/output

===== control_restart_retry / party 0 =====
[two-party-fc] local preflight failed: work=1 output-absent=1 state-absent=1 paths-disjoint=1 plan=1 claim=0
[two-party-fc] public/local preflight rejected before OT/output
===== control_restart_retry / party 1 =====
[two-party-fc] local preflight failed: work=1 output-absent=1 state-absent=1 paths-disjoint=1 plan=1 claim=0
[two-party-fc] public/local preflight rejected before OT/output

===== control_tail_slot_reuse / party 0 =====
[two-party-fc] local preflight failed: work=1 output-absent=1 state-absent=1 paths-disjoint=1 plan=1 claim=0
[two-party-fc] public/local preflight rejected before OT/output
===== control_tail_slot_reuse / party 1 =====
[two-party-fc] local preflight failed: work=1 output-absent=1 state-absent=1 paths-disjoint=1 plan=1 claim=0
[two-party-fc] public/local preflight rejected before OT/output

===== control_invocation_collision / party 0 =====
[two-party-fc] local preflight failed: work=1 output-absent=1 state-absent=1 paths-disjoint=1 plan=1 claim=0
[two-party-fc] public/local preflight rejected before OT/output
===== control_invocation_collision / party 1 =====
[two-party-fc] local preflight failed: work=1 output-absent=1 state-absent=1 paths-disjoint=1 plan=1 claim=0
[two-party-fc] public/local preflight rejected before OT/output

===== control_ledger_truncation / party 0 =====
[two-party-fc] local preflight failed: work=1 output-absent=1 state-absent=1 paths-disjoint=1 plan=1 claim=0
[two-party-fc] public/local preflight rejected before OT/output
===== control_ledger_truncation / party 1 =====
[two-party-fc] local preflight failed: work=1 output-absent=1 state-absent=1 paths-disjoint=1 plan=1 claim=0
[two-party-fc] public/local preflight rejected before OT/output

===== control_ledger_payload_corruption / party 0 =====
[two-party-fc] local preflight failed: work=1 output-absent=1 state-absent=1 paths-disjoint=1 plan=1 claim=0
[two-party-fc] public/local preflight rejected before OT/output
===== control_ledger_payload_corruption / party 1 =====
[two-party-fc] local preflight failed: work=1 output-absent=1 state-absent=1 paths-disjoint=1 plan=1 claim=0
[two-party-fc] public/local preflight rejected before OT/output

===== control_preflight_mismatch / party 0 =====
[two-party-linear] authenticated execution rejected
===== control_preflight_mismatch / party 1 =====
[two-party-linear] authenticated execution rejected

===== control_stale_output / party 0 =====
[two-party-fc] local preflight failed: work=1 output-absent=0 state-absent=1 paths-disjoint=1 plan=0 claim=0
[two-party-linear] authenticated execution rejected
===== control_stale_output / party 1 =====
[two-party-linear] authenticated execution rejected

===== control_bootstrap_capacity / party 0 =====
[two-party-fc] local preflight failed: work=0 output-absent=1 state-absent=1 paths-disjoint=1 plan=0 claim=0
[two-party-fc] public/local preflight rejected before OT/output
===== control_bootstrap_capacity / party 1 =====
[two-party-fc] local preflight failed: work=0 output-absent=1 state-absent=1 paths-disjoint=1 plan=0 claim=0
[two-party-fc] public/local preflight rejected before OT/output

===== control_rename_failure / party 0 =====
0,64,16,2,2,2,8192,2,8,regular,1,7424,768,2,16,512,11264,5120,1536,768,768,1536,768,768,869376,1643520,116544,4,16,4,1248,2496,1225312,425,325916,FAIL,213,55.135,21004.4,2046.85,22292.4,4547.47,16.575,3757.16,9450.54,48.669,4211.22,264.586,106.031,124293120,32158056448,1668481024,1054081,NA,193221,NA,256,21829,NA,128,128,128,128,yes,NA,eeca98291ca340424b364e2d47e6677a,2fa09ff0b0c497bcd9eca36eff8164f2f4c6f857f3c2462a76d686e3a0c86460,sci-iknp,SCI-IKNP-IN-TREE,NA,NA,NA,NA,NA,NA,NA,NA,NA,NA,NA,NA,existing-default,14832,NA,8,0
===== control_rename_failure / party 1 =====
1,64,16,2,2,2,8192,2,8,regular,1,7424,768,2,16,512,11264,5120,1536,768,768,1536,768,768,869376,1643520,116544,4,16,4,1248,2496,1265504,425,325920,FAIL,213,187.684,21008.4,2047.2,22302.3,4544.45,18.683,463.751,9426.02,49.947,4210.86,277.393,94.67,122851328,7671840768,26154696704,1097034,NA,190460,NA,256,21829,NA,128,128,128,128,yes,NA,eeca98291ca340424b364e2d47e6677a,2fa09ff0b0c497bcd9eca36eff8164f2f4c6f857f3c2462a76d686e3a0c86460,sci-iknp,SCI-IKNP-IN-TREE,NA,NA,NA,NA,NA,NA,NA,NA,NA,NA,NA,NA,existing-default,14832,NA,8,0

===== control_checker / corrupt digest =====
[two-party-fc-check] record validation failed
===== control_checker / swapped party records =====
[two-party-fc-check] record validation failed
