[two-party-fc-model] build
In file included from /tmp/ringlpn-linear-adapter-reproducible-build/source/GPU-MPC/fss/gpu_linear_helper.h:26,
                 from /tmp/ringlpn-linear-adapter-reproducible-build/source/GPU-MPC/fss/gpu_select.cu:27,
                 from /tmp/ringlpn-linear-adapter-reproducible-build/source/GPU-MPC/fss/gpu_select.h:62,
                 from /tmp/ringlpn-linear-adapter-reproducible-build/source/GPU-MPC/fss/gpu_relu.h:26,
                 from /tmp/ringlpn-linear-adapter-reproducible-build/source/GPU-MPC/fss/gpu_truncate.h:30,
                 from /tmp/ringlpn-linear-adapter-reproducible-build/source/GPU-MPC/fss/gpu_matmul.h:25,
                 from src/orca_fc_ringlpn_keywriter.cuh:13,
                 from src/two_party_linear_preprocess.cuh:28,
                 from src/linear_preprocess_backend.cuh:8,
                 from src/linear_preprocess_fc.cu:2:
/tmp/ringlpn-linear-adapter-reproducible-build/source/GPU-MPC/utils/helper_cutlass.h:34:100: warning: backslash-newline at end of file
   34 | #define CUTLASS_CHECK(status)                                                                      \
      |                                                                                                     
/tmp/ringlpn-linear-adapter-reproducible-build/source/SCI/src/utils/aes-ni.h(296): warning #1675-D: unrecognized GCC pragma
  #pragma GCC optimize("unroll-loops")
              ^

Remark: The warnings can be suppressed with "-diag-suppress <warning-number>"

/tmp/ringlpn-linear-adapter-reproducible-build/source/SCI/src/utils/utils.hpp(250): warning #68-D: integer conversion resulted in a change of sign
      if (x==64) return -1;
                        ^

/tmp/ringlpn-linear-adapter-reproducible-build/source/SCI/src/utils/utils.hpp(436): warning #68-D: integer conversion resulted in a change of sign
      uint64_t mask_x = (bw_x == 64 ? -1: ((1ULL << bw_x) - 1));
                                      ^

/tmp/ringlpn-linear-adapter-reproducible-build/source/SCI/src/utils/crh.h(49): warning #1675-D: unrecognized GCC pragma
  #pragma GCC optimize("unroll-loops")
              ^

/tmp/ringlpn-linear-adapter-reproducible-build/source/SCI/src/OT/ot-utils.h(162): warning #68-D: integer conversion resulted in a change of sign
      mask = -1;
             ^

/tmp/ringlpn-linear-adapter-reproducible-build/source/SCI/src/OT/ot-utils.h(195): warning #68-D: integer conversion resulted in a change of sign
      mask = -1;
             ^

/tmp/ringlpn-linear-adapter-reproducible-build/source/SCI/src/OT/split-iknp.h(536): warning #68-D: integer conversion resulted in a change of sign
      uint64_t modulo_mask = (l == 64 ? -1 : ((1ULL << l) - 1));
                                        ^

/tmp/ringlpn-linear-adapter-reproducible-build/source/SCI/src/OT/split-iknp.h(631): warning #68-D: integer conversion resulted in a change of sign
      uint64_t modulo_mask = (l == 64 ? -1 : ((1ULL << l) - 1));
                                        ^

/tmp/ringlpn-linear-adapter-reproducible-build/source/SCI/src/OT/split-iknp.h(723): warning #68-D: integer conversion resulted in a change of sign
        modulo_mask = -1;
                      ^

/tmp/ringlpn-linear-adapter-reproducible-build/source/SCI/src/OT/split-iknp.h(756): warning #68-D: integer conversion resulted in a change of sign
        modulo_mask = -1;
                      ^

/tmp/ringlpn-linear-adapter-reproducible-build/source/SCI/src/OT/split-iknp.h(799): warning #68-D: integer conversion resulted in a change of sign
            (msg_len[bit_idx] == 64 ? -1 : ((1ULL << msg_len[bit_idx]) - 1));
                                      ^

/tmp/ringlpn-linear-adapter-reproducible-build/source/SCI/src/OT/split-iknp.h(885): warning #68-D: integer conversion resulted in a change of sign
            (msg_len[bit_idx] == 64 ? -1 : ((1ULL << msg_len[bit_idx]) - 1));
                                      ^

/tmp/ringlpn-linear-adapter-reproducible-build/source/GPU-MPC/ext/sytorch/ext/cryptoTools/cryptoTools/Crypto/PRNG.h(39): warning #815-D: type qualifier on return type is meaningless
          const block getSeed() const;
          ^

/tmp/ringlpn-linear-adapter-reproducible-build/source/GPU-MPC/utils/gpu_comms.h(315): warning #940-D: missing return statement at end of non-void function "GpuPeer::addAndReconstruct(int, u64, u32 *, u32 *, Stats *, bool)"
      }
      ^

In file included from /tmp/ringlpn-linear-adapter-reproducible-build/source/GPU-MPC/fss/gpu_linear_helper.h:26,
                 from /tmp/ringlpn-linear-adapter-reproducible-build/source/GPU-MPC/fss/gpu_select.cu:27,
                 from /tmp/ringlpn-linear-adapter-reproducible-build/source/GPU-MPC/fss/gpu_select.h:62,
                 from /tmp/ringlpn-linear-adapter-reproducible-build/source/GPU-MPC/fss/gpu_relu.h:26,
                 from /tmp/ringlpn-linear-adapter-reproducible-build/source/GPU-MPC/fss/gpu_truncate.h:30,
                 from /tmp/ringlpn-linear-adapter-reproducible-build/source/GPU-MPC/fss/gpu_matmul.h:25,
                 from src/orca_fc_ringlpn_keywriter.cuh:13,
                 from src/two_party_linear_preprocess.cuh:28,
                 from src/linear_preprocess_backend.cuh:8,
                 from src/linear_preprocess_fc.cu:2:
/tmp/ringlpn-linear-adapter-reproducible-build/source/GPU-MPC/utils/helper_cutlass.h:34:100: warning: backslash-newline at end of file
   34 | #define CUTLASS_CHECK(status)                                                                      \
      |                                                                                                     
/tmp/ringlpn-linear-adapter-reproducible-build/source/SCI/src/utils/aes-ni.h(296): warning #1675-D: unrecognized GCC pragma
  #pragma GCC optimize("unroll-loops")
              ^

Remark: The warnings can be suppressed with "-diag-suppress <warning-number>"

/tmp/ringlpn-linear-adapter-reproducible-build/source/SCI/src/utils/utils.hpp(250): warning #68-D: integer conversion resulted in a change of sign
      if (x==64) return -1;
                        ^

/tmp/ringlpn-linear-adapter-reproducible-build/source/SCI/src/utils/utils.hpp(436): warning #68-D: integer conversion resulted in a change of sign
      uint64_t mask_x = (bw_x == 64 ? -1: ((1ULL << bw_x) - 1));
                                      ^

/tmp/ringlpn-linear-adapter-reproducible-build/source/SCI/src/utils/crh.h(49): warning #1675-D: unrecognized GCC pragma
  #pragma GCC optimize("unroll-loops")
              ^

/tmp/ringlpn-linear-adapter-reproducible-build/source/SCI/src/OT/ot-utils.h(162): warning #68-D: integer conversion resulted in a change of sign
      mask = -1;
             ^

/tmp/ringlpn-linear-adapter-reproducible-build/source/SCI/src/OT/ot-utils.h(195): warning #68-D: integer conversion resulted in a change of sign
      mask = -1;
             ^

/tmp/ringlpn-linear-adapter-reproducible-build/source/GPU-MPC/ext/sytorch/ext/cryptoTools/cryptoTools/Crypto/PRNG.h(39): warning #815-D: type qualifier on return type is meaningless
          const block getSeed() const;
          ^

/tmp/ringlpn-linear-adapter-reproducible-build/source/GPU-MPC/utils/gpu_comms.h(315): warning #940-D: missing return statement at end of non-void function "GpuPeer::addAndReconstruct(int, u64, u32 *, u32 *, Stats *, __nv_bool)"
      }
      ^

/tmp/ringlpn-linear-adapter-reproducible-build/source/SCI/src/utils/utils.hpp: In function ‘void sci::print128_num(__m128i)’:
/tmp/ringlpn-linear-adapter-reproducible-build/source/SCI/src/utils/utils.hpp:287:8: warning: format ‘%llx’ expects argument of type ‘long long unsigned int’, but argument 2 has type ‘uint64_t’ {aka ‘long unsigned int’} [-Wformat=]
  287 |     printf("%.16llx %.16llx\n", v64val[1], v64val[0]);
      |        ^~~~~~~~~~~~~~~~~~~  ~~~~~~~~~
      |                                     |
      |                                     uint64_t {aka long unsigned int}
/tmp/ringlpn-linear-adapter-reproducible-build/source/SCI/src/utils/utils.hpp:287:8: warning: format ‘%llx’ expects argument of type ‘long long unsigned int’, but argument 3 has type ‘uint64_t’ {aka ‘long unsigned int’} [-Wformat=]
  287 |     printf("%.16llx %.16llx\n", v64val[1], v64val[0]);
      |        ^~~~~~~~~~~~~~~~~~~             ~~~~~~~~~
      |                                                |
      |                                                uint64_t {aka long unsigned int}
/tmp/ringlpn-linear-adapter-reproducible-build/source/SCI/src/utils/group_openssl.h: In constructor ‘emp::Group::Group()’:
/tmp/ringlpn-linear-adapter-reproducible-build/source/SCI/src/utils/group_openssl.h:174:25: warning: ‘int EC_GROUP_precompute_mult(EC_GROUP*, BN_CTX*)’ is deprecated: Since OpenSSL 3.0 [-Wdeprecated-declarations]
  174 |   EC_GROUP_precompute_mult(ec_group, bn_ctx);
      |   ~~~~~~~~~~~~~~~~~~~~~~^~~~~~~~~~~~~~~~~~
/usr/include/openssl/ec.h:883:52: note: declared here
  883 | OSSL_DEPRECATEDIN_3_0 int EC_GROUP_precompute_mult(EC_GROUP *group, BN_CTX *ctx);
      |                                                    ^~~~~~~~~~~~~~~~~~~~~~~~
/tmp/ringlpn-linear-adapter-reproducible-build/source/SCI/src/utils/hash.h: In constructor ‘sci::Hash::Hash()’:
/tmp/ringlpn-linear-adapter-reproducible-build/source/SCI/src/utils/hash.h:46:21: warning: ‘int SHA256_Init(SHA256_CTX*)’ is deprecated: Since OpenSSL 3.0 [-Wdeprecated-declarations]
   46 |   Hash() { SHA256_Init(&hash); }
      |          ~~~~~~~~~~~^~~~~~~~~
/usr/include/openssl/sha.h:73:52: note: declared here
   73 | OSSL_DEPRECATEDIN_3_0 int SHA256_Init(SHA256_CTX *c);
      |                                                    ^~         
/tmp/ringlpn-linear-adapter-reproducible-build/source/SCI/src/utils/hash.h: In member function ‘void sci::Hash::put(const void*, int)’:
/tmp/ringlpn-linear-adapter-reproducible-build/source/SCI/src/utils/hash.h:50:14: warning: ‘int SHA256_Update(SHA256_CTX*, const void*, size_t)’ is deprecated: Since OpenSSL 3.0 [-Wdeprecated-declarations]
   50 |       SHA256_Update(&hash, data, nbyte);
      |       ~~~~~~~^~~~~~~~~~~~~~~~~~~~~~
/usr/include/openssl/sha.h:74:52: note: declared here
   74 | OSSL_DEPRECATEDIN_3_0 int SHA256_Update(SHA256_CTX *c,
      |                                                    ^~~          
/tmp/ringlpn-linear-adapter-reproducible-build/source/SCI/src/utils/hash.h:55:14: warning: ‘int SHA256_Update(SHA256_CTX*, const void*, size_t)’ is deprecated: Since OpenSSL 3.0 [-Wdeprecated-declarations]
   55 |       SHA256_Update(&hash, (char *)buffer, size);
      |       ~~~~~~~^~~~~~~~~~~~~~~~~~~~~~~~~~~~~~~~~
/usr/include/openssl/sha.h:74:52: note: declared here
   74 | OSSL_DEPRECATEDIN_3_0 int SHA256_Update(SHA256_CTX *c,
      |                                                    ^~~          
/tmp/ringlpn-linear-adapter-reproducible-build/source/SCI/src/utils/hash.h: In member function ‘void sci::Hash::digest(char*)’:
/tmp/ringlpn-linear-adapter-reproducible-build/source/SCI/src/utils/hash.h:65:14: warning: ‘int SHA256_Update(SHA256_CTX*, const void*, size_t)’ is deprecated: Since OpenSSL 3.0 [-Wdeprecated-declarations]
   65 |       SHA256_Update(&hash, (char *)buffer, size);
      |       ~~~~~~~^~~~~~~~~~~~~~~~~~~~~~~~~~~~~~~~~
/usr/include/openssl/sha.h:74:52: note: declared here
   74 | OSSL_DEPRECATEDIN_3_0 int SHA256_Update(SHA256_CTX *c,
      |                                                    ^~~          
/tmp/ringlpn-linear-adapter-reproducible-build/source/SCI/src/utils/hash.h:68:13: warning: ‘int SHA256_Final(unsigned char*, SHA256_CTX*)’ is deprecated: Since OpenSSL 3.0 [-Wdeprecated-declarations]
   68 |     SHA256_Final((unsigned char *)a, &hash);
      |     ~~~~~~~~^~~~~~~~~~~~~~~~~~~~~~~~~~~~~
/usr/include/openssl/sha.h:76:52: note: declared here
   76 | OSSL_DEPRECATEDIN_3_0 int SHA256_Final(unsigned char *md, SHA256_CTX *c);
      |                                                    ^~~~~~~~~~~~
/tmp/ringlpn-linear-adapter-reproducible-build/source/SCI/src/utils/hash.h: In member function ‘void sci::Hash::reset()’:
/tmp/ringlpn-linear-adapter-reproducible-build/source/SCI/src/utils/hash.h:71:12: warning: ‘int SHA256_Init(SHA256_CTX*)’ is deprecated: Since OpenSSL 3.0 [-Wdeprecated-declarations]
   71 |     SHA256_Init(&hash);
      |     ~~~~~~~^~~~~~~~~
/usr/include/openssl/sha.h:73:52: note: declared here
   73 | OSSL_DEPRECATEDIN_3_0 int SHA256_Init(SHA256_CTX *c);
      |                                                    ^~         
src/two_party_ot.h: In member function ‘void ringlpn_2pc::PartyChannel::ot_send_128(const std::vector<__int128 unsigned>&, const std::vector<__int128 unsigned>&)’:
src/two_party_ot.h:434:61: warning: ignoring attributes on template argument ‘__m128i []’ [-Wignored-attributes]
  434 |             std::unique_ptr<sci::block128[]> b0(new sci::block128[(size_t)n]);
      |                                                             ^
src/two_party_ot.h:434:63: warning: ignoring attributes on template argument ‘__m128i []’ [-Wignored-attributes]
  434 |             std::unique_ptr<sci::block128[]> b0(new sci::block128[(size_t)n]);
      |                                                               ^
src/two_party_ot.h:435:61: warning: ignoring attributes on template argument ‘__m128i []’ [-Wignored-attributes]
  435 |             std::unique_ptr<sci::block128[]> b1(new sci::block128[(size_t)n]);
      |                                                             ^
src/two_party_ot.h:435:63: warning: ignoring attributes on template argument ‘__m128i []’ [-Wignored-attributes]
  435 |             std::unique_ptr<sci::block128[]> b1(new sci::block128[(size_t)n]);
      |                                                               ^
src/two_party_ot.h: In member function ‘std::vector<__int128 unsigned> ringlpn_2pc::PartyChannel::ot_recv_128(const std::vector<unsigned char>&)’:
src/two_party_ot.h:458:61: warning: ignoring attributes on template argument ‘__m128i []’ [-Wignored-attributes]
  458 |             std::unique_ptr<sci::block128[]> out(new sci::block128[(size_t)n]);
      |                                                             ^
src/two_party_ot.h:458:63: warning: ignoring attributes on template argument ‘__m128i []’ [-Wignored-attributes]
  458 |             std::unique_ptr<sci::block128[]> out(new sci::block128[(size_t)n]);
      |                                                               ^
/tmp/ringlpn-linear-adapter-reproducible-build/source/GPU-MPC/ext/sytorch/ext/cryptoTools/cryptoTools/Common/Defines.h: At global scope:
/tmp/ringlpn-linear-adapter-reproducible-build/source/GPU-MPC/ext/sytorch/ext/cryptoTools/cryptoTools/Common/Defines.h:73:38: warning: ignoring attributes on template argument ‘__m128i’ [-Wignored-attributes]
   73 |     extern const std::array<block, 2> zeroAndAllOne;
      |                                      ^
/tmp/ringlpn-linear-adapter-reproducible-build/source/GPU-MPC/ext/sytorch/ext/cryptoTools/cryptoTools/Crypto/AES.h:35:38: warning: ignoring attributes on template argument ‘const __m128i’ [-Wignored-attributes]
   35 |         void ecbEncBlocks(span<const block> plaintexts, span<block> ciphertext) const
      |                                      ^
/tmp/ringlpn-linear-adapter-reproducible-build/source/GPU-MPC/ext/sytorch/ext/cryptoTools/cryptoTools/Crypto/AES.h:35:66: warning: ignoring attributes on template argument ‘__m128i’ [-Wignored-attributes]
   35 |         void ecbEncBlocks(span<const block> plaintexts, span<block> ciphertext) const
      |                                                                  ^
/tmp/ringlpn-linear-adapter-reproducible-build/source/GPU-MPC/ext/sytorch/ext/cryptoTools/cryptoTools/Crypto/AES.h:56:50: warning: ignoring attributes on template argument ‘__m128i’ [-Wignored-attributes]
   56 |         void ecbEncCounterMode(u64 baseIdx, span<block> ciphertext) const
      |                                                  ^
/tmp/ringlpn-linear-adapter-reproducible-build/source/GPU-MPC/ext/sytorch/ext/cryptoTools/cryptoTools/Crypto/AES.h:81:24: warning: ignoring attributes on template argument ‘osuCrypto::block’ {aka ‘__m128i’} [-Wignored-attributes]
   81 |         MultiKeyAES(span<block> keys) { setKeys(keys); }
      |                        ^
/tmp/ringlpn-linear-adapter-reproducible-build/source/GPU-MPC/ext/sytorch/ext/cryptoTools/cryptoTools/Crypto/AES.h:84:25: warning: ignoring attributes on template argument ‘osuCrypto::block’ {aka ‘__m128i’} [-Wignored-attributes]
   84 |         void setKeys(span<block> keys)
      |                         ^
/tmp/ringlpn-linear-adapter-reproducible-build/source/GPU-MPC/ext/sytorch/ext/cryptoTools/cryptoTools/Crypto/PRNG.h:140:35: warning: ignoring attributes on template argument ‘__m128i’ [-Wignored-attributes]
  140 |                 std::vector<block> mBuffer;
      |                                   ^
In file included from /tmp/ringlpn-linear-adapter-reproducible-build/source/SCI/src/utils/utils.h:87,
                 from /tmp/ringlpn-linear-adapter-reproducible-build/source/SCI/src/utils/group.h:28,
                 from /tmp/ringlpn-linear-adapter-reproducible-build/source/SCI/src/utils/io_channel.h:31,
                 from /tmp/ringlpn-linear-adapter-reproducible-build/source/SCI/src/utils/emp-tool.h:1,
                 from /tmp/ringlpn-linear-adapter-reproducible-build/source/SCI/src/OT/ot.h:30,
                 from /tmp/ringlpn-linear-adapter-reproducible-build/source/SCI/src/OT/np.h:30,
                 from /tmp/ringlpn-linear-adapter-reproducible-build/source/SCI/src/OT/split-iknp.h:28,
                 from src/two_party_ot.h:42,
                 from src/secure_convert.h:3,
                 from src/secure_convert.cpp:1:
/tmp/ringlpn-linear-adapter-reproducible-build/source/SCI/src/utils/utils.hpp: In function ‘void sci::print128_num(__m128i)’:
/tmp/ringlpn-linear-adapter-reproducible-build/source/SCI/src/utils/utils.hpp:287:19: warning: format ‘%llx’ expects argument of type ‘long long unsigned int’, but argument 2 has type ‘uint64_t’ {aka ‘long unsigned int’} [-Wformat=]
  287 |     printf("%.16llx %.16llx\n", v64val[1], v64val[0]);
      |             ~~~~~~^             ~~~~~~~~~
      |                   |                     |
      |                   |                     uint64_t {aka long unsigned int}
      |                   long long unsigned int
      |             %.16lx
/tmp/ringlpn-linear-adapter-reproducible-build/source/SCI/src/utils/utils.hpp:287:27: warning: format ‘%llx’ expects argument of type ‘long long unsigned int’, but argument 3 has type ‘uint64_t’ {aka ‘long unsigned int’} [-Wformat=]
  287 |     printf("%.16llx %.16llx\n", v64val[1], v64val[0]);
      |                     ~~~~~~^                ~~~~~~~~~
      |                           |                        |
      |                           long long unsigned int   uint64_t {aka long unsigned int}
      |                     %.16lx
In file included from /tmp/ringlpn-linear-adapter-reproducible-build/source/SCI/src/utils/group.h:97:
/tmp/ringlpn-linear-adapter-reproducible-build/source/SCI/src/utils/group_openssl.h: In constructor ‘emp::Group::Group()’:
/tmp/ringlpn-linear-adapter-reproducible-build/source/SCI/src/utils/group_openssl.h:174:27: warning: ‘int EC_GROUP_precompute_mult(EC_GROUP*, BN_CTX*)’ is deprecated: Since OpenSSL 3.0 [-Wdeprecated-declarations]
  174 |   EC_GROUP_precompute_mult(ec_group, bn_ctx);
      |   ~~~~~~~~~~~~~~~~~~~~~~~~^~~~~~~~~~~~~~~~~~
In file included from /tmp/ringlpn-linear-adapter-reproducible-build/source/SCI/src/utils/group.h:31:
/usr/include/openssl/ec.h:883:27: note: declared here
  883 | OSSL_DEPRECATEDIN_3_0 int EC_GROUP_precompute_mult(EC_GROUP *group, BN_CTX *ctx);
      |                           ^~~~~~~~~~~~~~~~~~~~~~~~
In file included from /tmp/ringlpn-linear-adapter-reproducible-build/source/SCI/src/utils/emp-tool.h:15:
/tmp/ringlpn-linear-adapter-reproducible-build/source/SCI/src/utils/hash.h: In constructor ‘sci::Hash::Hash()’:
/tmp/ringlpn-linear-adapter-reproducible-build/source/SCI/src/utils/hash.h:46:23: warning: ‘int SHA256_Init(SHA256_CTX*)’ is deprecated: Since OpenSSL 3.0 [-Wdeprecated-declarations]
   46 |   Hash() { SHA256_Init(&hash); }
      |            ~~~~~~~~~~~^~~~~~~
In file included from /tmp/ringlpn-linear-adapter-reproducible-build/source/SCI/src/utils/hash.h:33:
/usr/include/openssl/sha.h:73:27: note: declared here
   73 | OSSL_DEPRECATEDIN_3_0 int SHA256_Init(SHA256_CTX *c);
      |                           ^~~~~~~~~~~
/tmp/ringlpn-linear-adapter-reproducible-build/source/SCI/src/utils/hash.h: In member function ‘void sci::Hash::put(const void*, int)’:
/tmp/ringlpn-linear-adapter-reproducible-build/source/SCI/src/utils/hash.h:50:20: warning: ‘int SHA256_Update(SHA256_CTX*, const void*, size_t)’ is deprecated: Since OpenSSL 3.0 [-Wdeprecated-declarations]
   50 |       SHA256_Update(&hash, data, nbyte);
      |       ~~~~~~~~~~~~~^~~~~~~~~~~~~~~~~~~~
/usr/include/openssl/sha.h:74:27: note: declared here
   74 | OSSL_DEPRECATEDIN_3_0 int SHA256_Update(SHA256_CTX *c,
      |                           ^~~~~~~~~~~~~
/tmp/ringlpn-linear-adapter-reproducible-build/source/SCI/src/utils/hash.h:55:20: warning: ‘int SHA256_Update(SHA256_CTX*, const void*, size_t)’ is deprecated: Since OpenSSL 3.0 [-Wdeprecated-declarations]
   55 |       SHA256_Update(&hash, (char *)buffer, size);
      |       ~~~~~~~~~~~~~^~~~~~~~~~~~~~~~~~~~~~~~~~~~~
/usr/include/openssl/sha.h:74:27: note: declared here
   74 | OSSL_DEPRECATEDIN_3_0 int SHA256_Update(SHA256_CTX *c,
      |                           ^~~~~~~~~~~~~
/tmp/ringlpn-linear-adapter-reproducible-build/source/SCI/src/utils/hash.h: In member function ‘void sci::Hash::digest(char*)’:
/tmp/ringlpn-linear-adapter-reproducible-build/source/SCI/src/utils/hash.h:65:20: warning: ‘int SHA256_Update(SHA256_CTX*, const void*, size_t)’ is deprecated: Since OpenSSL 3.0 [-Wdeprecated-declarations]
   65 |       SHA256_Update(&hash, (char *)buffer, size);
      |       ~~~~~~~~~~~~~^~~~~~~~~~~~~~~~~~~~~~~~~~~~~
/usr/include/openssl/sha.h:74:27: note: declared here
   74 | OSSL_DEPRECATEDIN_3_0 int SHA256_Update(SHA256_CTX *c,
      |                           ^~~~~~~~~~~~~
/tmp/ringlpn-linear-adapter-reproducible-build/source/SCI/src/utils/hash.h:68:17: warning: ‘int SHA256_Final(unsigned char*, SHA256_CTX*)’ is deprecated: Since OpenSSL 3.0 [-Wdeprecated-declarations]
   68 |     SHA256_Final((unsigned char *)a, &hash);
      |     ~~~~~~~~~~~~^~~~~~~~~~~~~~~~~~~~~~~~~~~
/usr/include/openssl/sha.h:76:27: note: declared here
   76 | OSSL_DEPRECATEDIN_3_0 int SHA256_Final(unsigned char *md, SHA256_CTX *c);
      |                           ^~~~~~~~~~~~
/tmp/ringlpn-linear-adapter-reproducible-build/source/SCI/src/utils/hash.h: In member function ‘void sci::Hash::reset()’:
/tmp/ringlpn-linear-adapter-reproducible-build/source/SCI/src/utils/hash.h:71:16: warning: ‘int SHA256_Init(SHA256_CTX*)’ is deprecated: Since OpenSSL 3.0 [-Wdeprecated-declarations]
   71 |     SHA256_Init(&hash);
      |     ~~~~~~~~~~~^~~~~~~
/usr/include/openssl/sha.h:73:27: note: declared here
   73 | OSSL_DEPRECATEDIN_3_0 int SHA256_Init(SHA256_CTX *c);
      |                           ^~~~~~~~~~~
src/two_party_ot.h: In member function ‘void ringlpn_2pc::PartyChannel::ot_send_128(const std::vector<__int128 unsigned>&, const std::vector<__int128 unsigned>&)’:
src/two_party_ot.h:434:44: warning: ignoring attributes on template argument ‘sci::block128 []’ {aka ‘__m128i []’} [-Wignored-attributes]
  434 |             std::unique_ptr<sci::block128[]> b0(new sci::block128[(size_t)n]);
      |                                            ^
src/two_party_ot.h:435:44: warning: ignoring attributes on template argument ‘sci::block128 []’ {aka ‘__m128i []’} [-Wignored-attributes]
  435 |             std::unique_ptr<sci::block128[]> b1(new sci::block128[(size_t)n]);
      |                                            ^
src/two_party_ot.h: In member function ‘std::vector<__int128 unsigned> ringlpn_2pc::PartyChannel::ot_recv_128(const std::vector<unsigned char>&)’:
src/two_party_ot.h:458:44: warning: ignoring attributes on template argument ‘sci::block128 []’ {aka ‘__m128i []’} [-Wignored-attributes]
  458 |             std::unique_ptr<sci::block128[]> out(new sci::block128[(size_t)n]);
      |                                            ^
In file included from /tmp/ringlpn-linear-adapter-reproducible-build/source/SCI/src/utils/utils.h:87,
                 from /tmp/ringlpn-linear-adapter-reproducible-build/source/SCI/src/utils/group.h:28,
                 from /tmp/ringlpn-linear-adapter-reproducible-build/source/SCI/src/utils/io_channel.h:31,
                 from /tmp/ringlpn-linear-adapter-reproducible-build/source/SCI/src/utils/emp-tool.h:1,
                 from /tmp/ringlpn-linear-adapter-reproducible-build/source/SCI/src/OT/ot.h:30,
                 from /tmp/ringlpn-linear-adapter-reproducible-build/source/SCI/src/OT/np.h:30,
                 from /tmp/ringlpn-linear-adapter-reproducible-build/source/SCI/src/OT/split-iknp.h:28,
                 from src/two_party_ot.h:42,
                 from src/secure_truncate.h:3,
                 from src/secure_truncate.cpp:1:
/tmp/ringlpn-linear-adapter-reproducible-build/source/SCI/src/utils/utils.hpp: In function ‘void sci::print128_num(__m128i)’:
/tmp/ringlpn-linear-adapter-reproducible-build/source/SCI/src/utils/utils.hpp:287:19: warning: format ‘%llx’ expects argument of type ‘long long unsigned int’, but argument 2 has type ‘uint64_t’ {aka ‘long unsigned int’} [-Wformat=]
  287 |     printf("%.16llx %.16llx\n", v64val[1], v64val[0]);
      |             ~~~~~~^             ~~~~~~~~~
      |                   |                     |
      |                   |                     uint64_t {aka long unsigned int}
      |                   long long unsigned int
      |             %.16lx
/tmp/ringlpn-linear-adapter-reproducible-build/source/SCI/src/utils/utils.hpp:287:27: warning: format ‘%llx’ expects argument of type ‘long long unsigned int’, but argument 3 has type ‘uint64_t’ {aka ‘long unsigned int’} [-Wformat=]
  287 |     printf("%.16llx %.16llx\n", v64val[1], v64val[0]);
      |                     ~~~~~~^                ~~~~~~~~~
      |                           |                        |
      |                           long long unsigned int   uint64_t {aka long unsigned int}
      |                     %.16lx
In file included from /tmp/ringlpn-linear-adapter-reproducible-build/source/SCI/src/utils/group.h:97:
/tmp/ringlpn-linear-adapter-reproducible-build/source/SCI/src/utils/group_openssl.h: In constructor ‘emp::Group::Group()’:
/tmp/ringlpn-linear-adapter-reproducible-build/source/SCI/src/utils/group_openssl.h:174:27: warning: ‘int EC_GROUP_precompute_mult(EC_GROUP*, BN_CTX*)’ is deprecated: Since OpenSSL 3.0 [-Wdeprecated-declarations]
  174 |   EC_GROUP_precompute_mult(ec_group, bn_ctx);
      |   ~~~~~~~~~~~~~~~~~~~~~~~~^~~~~~~~~~~~~~~~~~
In file included from /tmp/ringlpn-linear-adapter-reproducible-build/source/SCI/src/utils/group.h:31:
/usr/include/openssl/ec.h:883:27: note: declared here
  883 | OSSL_DEPRECATEDIN_3_0 int EC_GROUP_precompute_mult(EC_GROUP *group, BN_CTX *ctx);
      |                           ^~~~~~~~~~~~~~~~~~~~~~~~
In file included from /tmp/ringlpn-linear-adapter-reproducible-build/source/SCI/src/utils/emp-tool.h:15:
/tmp/ringlpn-linear-adapter-reproducible-build/source/SCI/src/utils/hash.h: In constructor ‘sci::Hash::Hash()’:
/tmp/ringlpn-linear-adapter-reproducible-build/source/SCI/src/utils/hash.h:46:23: warning: ‘int SHA256_Init(SHA256_CTX*)’ is deprecated: Since OpenSSL 3.0 [-Wdeprecated-declarations]
   46 |   Hash() { SHA256_Init(&hash); }
      |            ~~~~~~~~~~~^~~~~~~
In file included from /tmp/ringlpn-linear-adapter-reproducible-build/source/SCI/src/utils/hash.h:33:
/usr/include/openssl/sha.h:73:27: note: declared here
   73 | OSSL_DEPRECATEDIN_3_0 int SHA256_Init(SHA256_CTX *c);
      |                           ^~~~~~~~~~~
/tmp/ringlpn-linear-adapter-reproducible-build/source/SCI/src/utils/hash.h: In member function ‘void sci::Hash::put(const void*, int)’:
/tmp/ringlpn-linear-adapter-reproducible-build/source/SCI/src/utils/hash.h:50:20: warning: ‘int SHA256_Update(SHA256_CTX*, const void*, size_t)’ is deprecated: Since OpenSSL 3.0 [-Wdeprecated-declarations]
   50 |       SHA256_Update(&hash, data, nbyte);
      |       ~~~~~~~~~~~~~^~~~~~~~~~~~~~~~~~~~
/usr/include/openssl/sha.h:74:27: note: declared here
   74 | OSSL_DEPRECATEDIN_3_0 int SHA256_Update(SHA256_CTX *c,
      |                           ^~~~~~~~~~~~~
/tmp/ringlpn-linear-adapter-reproducible-build/source/SCI/src/utils/hash.h:55:20: warning: ‘int SHA256_Update(SHA256_CTX*, const void*, size_t)’ is deprecated: Since OpenSSL 3.0 [-Wdeprecated-declarations]
   55 |       SHA256_Update(&hash, (char *)buffer, size);
      |       ~~~~~~~~~~~~~^~~~~~~~~~~~~~~~~~~~~~~~~~~~~
/usr/include/openssl/sha.h:74:27: note: declared here
   74 | OSSL_DEPRECATEDIN_3_0 int SHA256_Update(SHA256_CTX *c,
      |                           ^~~~~~~~~~~~~
/tmp/ringlpn-linear-adapter-reproducible-build/source/SCI/src/utils/hash.h: In member function ‘void sci::Hash::digest(char*)’:
/tmp/ringlpn-linear-adapter-reproducible-build/source/SCI/src/utils/hash.h:65:20: warning: ‘int SHA256_Update(SHA256_CTX*, const void*, size_t)’ is deprecated: Since OpenSSL 3.0 [-Wdeprecated-declarations]
   65 |       SHA256_Update(&hash, (char *)buffer, size);
      |       ~~~~~~~~~~~~~^~~~~~~~~~~~~~~~~~~~~~~~~~~~~
/usr/include/openssl/sha.h:74:27: note: declared here
   74 | OSSL_DEPRECATEDIN_3_0 int SHA256_Update(SHA256_CTX *c,
      |                           ^~~~~~~~~~~~~
/tmp/ringlpn-linear-adapter-reproducible-build/source/SCI/src/utils/hash.h:68:17: warning: ‘int SHA256_Final(unsigned char*, SHA256_CTX*)’ is deprecated: Since OpenSSL 3.0 [-Wdeprecated-declarations]
   68 |     SHA256_Final((unsigned char *)a, &hash);
      |     ~~~~~~~~~~~~^~~~~~~~~~~~~~~~~~~~~~~~~~~
/usr/include/openssl/sha.h:76:27: note: declared here
   76 | OSSL_DEPRECATEDIN_3_0 int SHA256_Final(unsigned char *md, SHA256_CTX *c);
      |                           ^~~~~~~~~~~~
/tmp/ringlpn-linear-adapter-reproducible-build/source/SCI/src/utils/hash.h: In member function ‘void sci::Hash::reset()’:
/tmp/ringlpn-linear-adapter-reproducible-build/source/SCI/src/utils/hash.h:71:16: warning: ‘int SHA256_Init(SHA256_CTX*)’ is deprecated: Since OpenSSL 3.0 [-Wdeprecated-declarations]
   71 |     SHA256_Init(&hash);
      |     ~~~~~~~~~~~^~~~~~~
/usr/include/openssl/sha.h:73:27: note: declared here
   73 | OSSL_DEPRECATEDIN_3_0 int SHA256_Init(SHA256_CTX *c);
      |                           ^~~~~~~~~~~
src/two_party_ot.h: In member function ‘void ringlpn_2pc::PartyChannel::ot_send_128(const std::vector<__int128 unsigned>&, const std::vector<__int128 unsigned>&)’:
src/two_party_ot.h:434:44: warning: ignoring attributes on template argument ‘sci::block128 []’ {aka ‘__m128i []’} [-Wignored-attributes]
  434 |             std::unique_ptr<sci::block128[]> b0(new sci::block128[(size_t)n]);
      |                                            ^
src/two_party_ot.h:435:44: warning: ignoring attributes on template argument ‘sci::block128 []’ {aka ‘__m128i []’} [-Wignored-attributes]
  435 |             std::unique_ptr<sci::block128[]> b1(new sci::block128[(size_t)n]);
      |                                            ^
src/two_party_ot.h: In member function ‘std::vector<__int128 unsigned> ringlpn_2pc::PartyChannel::ot_recv_128(const std::vector<unsigned char>&)’:
src/two_party_ot.h:458:44: warning: ignoring attributes on template argument ‘sci::block128 []’ {aka ‘__m128i []’} [-Wignored-attributes]
  458 |             std::unique_ptr<sci::block128[]> out(new sci::block128[(size_t)n]);
      |                                            ^
Built /tmp/ringlpn-linear-adapter-reproducible-build/source/GPU-MPC/ringlpn/bin/test_two_party_fc_preprocess
===== ResNet18 gemm48 / warmup 0 / party 0 =====
0,128,32,1,512,1000,8192,2,8,regular,69,7424,768,276,2048000,70656,1554432,706560,211968,1536,210432,211968,1536,210432,132925440,239757312,16083072,4,2048000,1000,622000,1244000,92105212,22591,4.05626e+06,pass,11023,30.876,21726.2,248560,1.99126e+06,45880.1,1743.17,47722.7,1.22242e+06,94219.5,40755,11290,866.243,142528512,31929597952,1896939520,64179485,NA,27947717,NA,256,21829,NA,128,128,128,128,yes,NA,bcfa88515aa4bad90009b15761b05bf5,eb5535bc6d0bf04b26fc3d9bd107ec636e28c7c16a0290bf83532594ff4bbf9d,sci-iknp,SCI-IKNP-IN-TREE,NA,NA,NA,NA,NA,NA,NA,NA,NA,NA,NA,NA,existing-default,1024,NA,1104,0
===== ResNet18 gemm48 / warmup 0 / party 1 =====
1,128,32,1,512,1000,8192,2,8,regular,69,7424,768,276,2048000,70656,1554432,706560,211968,1536,210432,211968,1536,210432,132925440,239757312,16083072,4,2048000,1000,622000,1244000,90267132,22591,4.05628e+06,pass,11023,133.212,21716.7,248565,1.99131e+06,45142,1761.25,52398.9,1.22149e+06,81491.5,40806.5,12041.8,112.1,143212544,31927500800,1899036672,65170738,NA,25118384,NA,256,21829,NA,128,128,128,128,yes,NA,bcfa88515aa4bad90009b15761b05bf5,eb5535bc6d0bf04b26fc3d9bd107ec636e28c7c16a0290bf83532594ff4bbf9d,sci-iknp,SCI-IKNP-IN-TREE,NA,NA,NA,NA,NA,NA,NA,NA,NA,NA,NA,NA,existing-default,1024,NA,1104,0
===== ResNet18 gemm48 / warmup 0 / post-exit checker =====
128,32,1,512,1000,69,4108096,14855.1,1158.92,pass,pass,pass,pass,177654,171266048,20187643904,13638893568,bcfa88515aa4bad90009b15761b05bf5,eb5535bc6d0bf04b26fc3d9bd107ec636e28c7c16a0290bf83532594ff4bbf9d
===== ResNet18 gemm48 / measured 1 / party 0 =====
0,128,32,1,512,1000,8192,2,8,regular,69,7424,768,276,2048000,70656,1554432,706560,211968,1536,210432,211968,1536,210432,132925440,239757312,16083072,4,2048000,1000,622000,1244000,92105212,22591,3.97077e+06,pass,11023,25.662,19961.3,246273,1.93021e+06,41491.9,1694.41,50661.4,1.22802e+06,92882,40775.5,12603.8,144.093,143015936,31929597952,1896939520,64179485,NA,27947717,NA,256,21829,NA,128,128,128,128,yes,NA,2844e6265d249b5be9dc6c5bb06f1fb1,e6c68e9d28c33fcb85bed123a9687b018eeb32c72a6aebc7a42d617ba41ec992,sci-iknp,SCI-IKNP-IN-TREE,NA,NA,NA,NA,NA,NA,NA,NA,NA,NA,NA,NA,existing-default,1024,NA,1104,0
===== ResNet18 gemm48 / measured 1 / party 1 =====
1,128,32,1,512,1000,8192,2,8,regular,69,7424,768,276,2048000,70656,1554432,706560,211968,1536,210432,211968,1536,210432,132925440,239757312,16083072,4,2048000,1000,622000,1244000,90267132,22591,3.96854e+06,pass,11023,210.279,22183.9,246283,1.93033e+06,41307.1,1738.19,48821.7,1.2245e+06,80771.9,40826.9,12629.5,118.792,142376960,31927500800,1899036672,65170738,NA,25118384,NA,256,21829,NA,128,128,128,128,yes,NA,2844e6265d249b5be9dc6c5bb06f1fb1,e6c68e9d28c33fcb85bed123a9687b018eeb32c72a6aebc7a42d617ba41ec992,sci-iknp,SCI-IKNP-IN-TREE,NA,NA,NA,NA,NA,NA,NA,NA,NA,NA,NA,NA,existing-default,1024,NA,1104,0
===== ResNet18 gemm48 / measured 1 / post-exit checker =====
128,32,1,512,1000,69,4108096,15085,1151.81,pass,pass,pass,pass,177639,171405312,20187643904,13638893568,2844e6265d249b5be9dc6c5bb06f1fb1,e6c68e9d28c33fcb85bed123a9687b018eeb32c72a6aebc7a42d617ba41ec992
===== ResNet18 gemm48 / measured 2 / party 0 =====
0,128,32,1,512,1000,8192,2,8,regular,69,7424,768,276,2048000,70656,1554432,706560,211968,1536,210432,211968,1536,210432,132925440,239757312,16083072,4,2048000,1000,622000,1244000,92105212,22591,3.9275e+06,pass,11023,28.361,24248.5,247314,1.89323e+06,41166.2,1746.06,51298.1,1.22346e+06,94552.7,40888.7,12425.5,1711.54,142118912,31929597952,1896939520,64179485,NA,27947717,NA,256,21829,NA,128,128,128,128,yes,NA,2213d4c115a802a6deed8373a7bcbf58,c61f616ed02158a58d6eed92e3d63fdc101b4ca0b97f725fe23bc22a89df9de1,sci-iknp,SCI-IKNP-IN-TREE,NA,NA,NA,NA,NA,NA,NA,NA,NA,NA,NA,NA,existing-default,1024,NA,1104,0
===== ResNet18 gemm48 / measured 2 / party 1 =====
1,128,32,1,512,1000,8192,2,8,regular,69,7424,768,276,2048000,70656,1554432,706560,211968,1536,210432,211968,1536,210432,132925440,239757312,16083072,4,2048000,1000,622000,1244000,90267132,22591,3.92755e+06,pass,11023,50.791,24208.2,247349,1.89273e+06,41612.1,1662.64,47236.8,1.22356e+06,80979.2,40933.7,13844.3,287.058,142319616,31927500800,1899036672,65170738,NA,25118384,NA,256,21829,NA,128,128,128,128,yes,NA,2213d4c115a802a6deed8373a7bcbf58,c61f616ed02158a58d6eed92e3d63fdc101b4ca0b97f725fe23bc22a89df9de1,sci-iknp,SCI-IKNP-IN-TREE,NA,NA,NA,NA,NA,NA,NA,NA,NA,NA,NA,NA,existing-default,1024,NA,1104,0
===== ResNet18 gemm48 / measured 2 / post-exit checker =====
128,32,1,512,1000,69,4108096,14686.2,1146.68,pass,pass,pass,pass,178179,170999808,20187643904,13638893568,2213d4c115a802a6deed8373a7bcbf58,c61f616ed02158a58d6eed92e3d63fdc101b4ca0b97f725fe23bc22a89df9de1
===== ResNet18 gemm48 / measured 3 / party 0 =====
0,128,32,1,512,1000,8192,2,8,regular,69,7424,768,276,2048000,70656,1554432,706560,211968,1536,210432,211968,1536,210432,132925440,239757312,16083072,4,2048000,1000,622000,1244000,92105212,22591,4.00374e+06,pass,11023,32.041,18946.3,244795,1.96156e+06,42243.5,1738.66,47303.7,1.2235e+06,94486.5,42032.9,12654.4,284.914,142299136,31929597952,1896939520,64179485,NA,27947717,NA,256,21829,NA,128,128,128,128,yes,NA,56094c41b8d1b8a7454c1a8efcded457,65bba93efe802c325e6afa072f49eb3a4e282f61d42784972062808ef8813b3e,sci-iknp,SCI-IKNP-IN-TREE,NA,NA,NA,NA,NA,NA,NA,NA,NA,NA,NA,NA,existing-default,1024,NA,1104,0
===== ResNet18 gemm48 / measured 3 / party 1 =====
1,128,32,1,512,1000,8192,2,8,regular,69,7424,768,276,2048000,70656,1554432,706560,211968,1536,210432,211968,1536,210432,132925440,239757312,16083072,4,2048000,1000,622000,1244000,90267132,22591,4.00358e+06,pass,11023,143.525,18944,244797,1.96168e+06,42101.2,1787.55,47807.3,1.22642e+06,82336.6,42084.6,11597.3,1334.87,142581760,31927500800,1899036672,65170738,NA,25118384,NA,256,21829,NA,128,128,128,128,yes,NA,56094c41b8d1b8a7454c1a8efcded457,65bba93efe802c325e6afa072f49eb3a4e282f61d42784972062808ef8813b3e,sci-iknp,SCI-IKNP-IN-TREE,NA,NA,NA,NA,NA,NA,NA,NA,NA,NA,NA,NA,existing-default,1024,NA,1104,0
===== ResNet18 gemm48 / measured 3 / post-exit checker =====
128,32,1,512,1000,69,4108096,15217.6,1155.03,pass,pass,pass,pass,174415,171266048,20187643904,13638893568,56094c41b8d1b8a7454c1a8efcded457,65bba93efe802c325e6afa072f49eb3a4e282f61d42784972062808ef8813b3e
===== ResNet18 gemm48 / measured 4 / party 0 =====
0,128,32,1,512,1000,8192,2,8,regular,69,7424,768,276,2048000,70656,1554432,706560,211968,1536,210432,211968,1536,210432,132925440,239757312,16083072,4,2048000,1000,622000,1244000,92105212,22591,4.03316e+06,pass,11023,34.285,24158.9,249199,1.98743e+06,41833.9,1804.17,47905.9,1.22268e+06,94937.8,41898.3,12274.2,160.217,141889536,31929597952,1896939520,64179485,NA,27947717,NA,256,21829,NA,128,128,128,128,yes,NA,99b5da7de1894be951648ed0851d2a1d,70ac65e860cf3f28871d6b8d8ae1cc7093c970c7cc7ac0677cd3d15da47af9dd,sci-iknp,SCI-IKNP-IN-TREE,NA,NA,NA,NA,NA,NA,NA,NA,NA,NA,NA,NA,existing-default,1024,NA,1104,0
===== ResNet18 gemm48 / measured 4 / party 1 =====
1,128,32,1,512,1000,8192,2,8,regular,69,7424,768,276,2048000,70656,1554432,706560,211968,1536,210432,211968,1536,210432,132925440,239757312,16083072,4,2048000,1000,622000,1244000,90267132,22591,4.03319e+06,pass,11023,13.299,24138.5,249178,1.98757e+06,41634.2,1797.72,54522.8,1.22544e+06,81286.9,41940,12147.2,278.192,143011840,31927500800,1899036672,65170738,NA,25118384,NA,256,21829,NA,128,128,128,128,yes,NA,99b5da7de1894be951648ed0851d2a1d,70ac65e860cf3f28871d6b8d8ae1cc7093c970c7cc7ac0677cd3d15da47af9dd,sci-iknp,SCI-IKNP-IN-TREE,NA,NA,NA,NA,NA,NA,NA,NA,NA,NA,NA,NA,existing-default,1024,NA,1104,0
===== ResNet18 gemm48 / measured 4 / post-exit checker =====
128,32,1,512,1000,69,4108096,15535.7,1150.73,pass,pass,pass,pass,174725,171442176,20187643904,13638893568,99b5da7de1894be951648ed0851d2a1d,70ac65e860cf3f28871d6b8d8ae1cc7093c970c7cc7ac0677cd3d15da47af9dd
===== ResNet18 gemm48 / measured 5 / party 0 =====
0,128,32,1,512,1000,8192,2,8,regular,69,7424,768,276,2048000,70656,1554432,706560,211968,1536,210432,211968,1536,210432,132925440,239757312,16083072,4,2048000,1000,622000,1244000,92105212,22591,4.00588e+06,pass,11023,26.515,20245.4,244965,1.95922e+06,43001.5,1763.62,48419.3,1.22439e+06,95525.2,41848,13932.2,290.009,142024704,31929597952,1896939520,64179485,NA,27947717,NA,256,21829,NA,128,128,128,128,yes,NA,12067f588be1f1986955b1510072512a,773274d7bb79a2a7ac403731974b146adcf8052ca54aaebec04d6c78c8680aad,sci-iknp,SCI-IKNP-IN-TREE,NA,NA,NA,NA,NA,NA,NA,NA,NA,NA,NA,NA,existing-default,1024,NA,1104,0
===== ResNet18 gemm48 / measured 5 / party 1 =====
1,128,32,1,512,1000,8192,2,8,regular,69,7424,768,276,2048000,70656,1554432,706560,211968,1536,210432,211968,1536,210432,132925440,239757312,16083072,4,2048000,1000,622000,1244000,90267132,22591,4.00595e+06,pass,11023,36.422,20200,245006,1.95953e+06,42678.4,1767.02,50543.1,1.23015e+06,82369.6,41887.4,11979.3,2246.31,142344192,31927500800,1899036672,65170738,NA,25118384,NA,256,21829,NA,128,128,128,128,yes,NA,12067f588be1f1986955b1510072512a,773274d7bb79a2a7ac403731974b146adcf8052ca54aaebec04d6c78c8680aad,sci-iknp,SCI-IKNP-IN-TREE,NA,NA,NA,NA,NA,NA,NA,NA,NA,NA,NA,NA,existing-default,1024,NA,1104,0
===== ResNet18 gemm48 / measured 5 / post-exit checker =====
128,32,1,512,1000,69,4108096,14702.2,1148.17,pass,pass,pass,pass,184651,171266048,20187643904,13638893568,12067f588be1f1986955b1510072512a,773274d7bb79a2a7ac403731974b146adcf8052ca54aaebec04d6c78c8680aad
===== ResNet18 gemm48 / measured 6 / party 0 =====
0,128,32,1,512,1000,8192,2,8,regular,69,7424,768,276,2048000,70656,1554432,706560,211968,1536,210432,211968,1536,210432,132925440,239757312,16083072,4,2048000,1000,622000,1244000,92105212,22591,4.00973e+06,pass,11023,26.061,19879,247888,1.97781e+06,42641.9,1675.8,48069.1,1.21876e+06,94714.4,39037.6,12217.7,238.535,142503936,31929597952,1896939520,64179485,NA,27947717,NA,256,21829,NA,128,128,128,128,yes,NA,f490128add4c54aa85c827fdddb8df84,651d2d1f3dfa1fc3f27cd6d6378c8b7b90db5d16f80c66a45828d83de1e2342e,sci-iknp,SCI-IKNP-IN-TREE,NA,NA,NA,NA,NA,NA,NA,NA,NA,NA,NA,NA,existing-default,1024,NA,1104,0
===== ResNet18 gemm48 / measured 6 / party 1 =====
1,128,32,1,512,1000,8192,2,8,regular,69,7424,768,276,2048000,70656,1554432,706560,211968,1536,210432,211968,1536,210432,132925440,239757312,16083072,4,2048000,1000,622000,1244000,90267132,22591,4.00972e+06,pass,11023,11.779,19880.9,247929,1.97799e+06,42411.6,1756.74,47641.1,1.22809e+06,80395.6,39085.5,12215.2,233.003,142147584,31927500800,1899036672,65170738,NA,25118384,NA,256,21829,NA,128,128,128,128,yes,NA,f490128add4c54aa85c827fdddb8df84,651d2d1f3dfa1fc3f27cd6d6378c8b7b90db5d16f80c66a45828d83de1e2342e,sci-iknp,SCI-IKNP-IN-TREE,NA,NA,NA,NA,NA,NA,NA,NA,NA,NA,NA,NA,existing-default,1024,NA,1104,0
===== ResNet18 gemm48 / measured 6 / post-exit checker =====
128,32,1,512,1000,69,4108096,14604.3,1149.09,pass,pass,pass,pass,175322,171266048,20187643904,13638893568,f490128add4c54aa85c827fdddb8df84,651d2d1f3dfa1fc3f27cd6d6378c8b7b90db5d16f80c66a45828d83de1e2342e
===== ResNet18 gemm48 / measured 7 / party 0 =====
0,128,32,1,512,1000,8192,2,8,regular,69,7424,768,276,2048000,70656,1554432,706560,211968,1536,210432,211968,1536,210432,132925440,239757312,16083072,4,2048000,1000,622000,1244000,92105212,22591,4.03431e+06,pass,11023,39.227,23383.8,250468,1.97444e+06,41293.8,1783.03,47052.3,1.22895e+06,93427.4,42698.1,13136,350.936,142041088,31929597952,1896939520,64179485,NA,27947717,NA,256,21829,NA,128,128,128,128,yes,NA,e86ef31612269fbfcee0ffee1418180e,331d126146c17759af3e80cd7acb78ee5805d2434de8c9f7a5178eab6a6f95c1,sci-iknp,SCI-IKNP-IN-TREE,NA,NA,NA,NA,NA,NA,NA,NA,NA,NA,NA,NA,existing-default,1024,NA,1104,0
===== ResNet18 gemm48 / measured 7 / party 1 =====
1,128,32,1,512,1000,8192,2,8,regular,69,7424,768,276,2048000,70656,1554432,706560,211968,1536,210432,211968,1536,210432,132925440,239757312,16083072,4,2048000,1000,622000,1244000,90267132,22591,4.03436e+06,pass,11023,254.776,23382.2,250497,1.97424e+06,41429.8,1743.68,47604.7,1.22529e+06,80692.8,42765.7,11822.6,1663.54,142606336,31927500800,1899036672,65170738,NA,25118384,NA,256,21829,NA,128,128,128,128,yes,NA,e86ef31612269fbfcee0ffee1418180e,331d126146c17759af3e80cd7acb78ee5805d2434de8c9f7a5178eab6a6f95c1,sci-iknp,SCI-IKNP-IN-TREE,NA,NA,NA,NA,NA,NA,NA,NA,NA,NA,NA,NA,existing-default,1024,NA,1104,0
===== ResNet18 gemm48 / measured 7 / post-exit checker =====
128,32,1,512,1000,69,4108096,14644.2,1149.64,pass,pass,pass,pass,181536,170983424,20187643904,13638893568,e86ef31612269fbfcee0ffee1418180e,331d126146c17759af3e80cd7acb78ee5805d2434de8c9f7a5178eab6a6f95c1
===== ResNet18 gemm48 / measured 8 / party 0 =====
0,128,32,1,512,1000,8192,2,8,regular,69,7424,768,276,2048000,70656,1554432,706560,211968,1536,210432,211968,1536,210432,132925440,239757312,16083072,4,2048000,1000,622000,1244000,92105212,22591,3.98298e+06,pass,11023,39.858,19706.6,246135,1.94689e+06,41193.7,1666.75,48225.3,1.22688e+06,94464.3,37117.6,11589.1,583.337,141545472,31929597952,1896939520,64179485,NA,27947717,NA,256,21829,NA,128,128,128,128,yes,NA,7eeaded5e52359c43fc5a33d3ff9ce08,e7b4b17a7c58cf7c2738df1a4eeb94a57934e2f981b63e7b90baa54d70752289,sci-iknp,SCI-IKNP-IN-TREE,NA,NA,NA,NA,NA,NA,NA,NA,NA,NA,NA,NA,existing-default,1024,NA,1104,0
===== ResNet18 gemm48 / measured 8 / party 1 =====
1,128,32,1,512,1000,8192,2,8,regular,69,7424,768,276,2048000,70656,1554432,706560,211968,1536,210432,211968,1536,210432,132925440,239757312,16083072,4,2048000,1000,622000,1244000,90267132,22591,3.98292e+06,pass,11023,320.039,19772.7,246166,1.94685e+06,41190.4,1693.05,50812.7,1.22487e+06,80765.6,37171.6,11991.1,177.38,143273984,31927500800,1899036672,65170738,NA,25118384,NA,256,21829,NA,128,128,128,128,yes,NA,7eeaded5e52359c43fc5a33d3ff9ce08,e7b4b17a7c58cf7c2738df1a4eeb94a57934e2f981b63e7b90baa54d70752289,sci-iknp,SCI-IKNP-IN-TREE,NA,NA,NA,NA,NA,NA,NA,NA,NA,NA,NA,NA,existing-default,1024,NA,1104,0
===== ResNet18 gemm48 / measured 8 / post-exit checker =====
128,32,1,512,1000,69,4108096,14413.2,1147.75,pass,pass,pass,pass,179853,170790912,20187643904,13638893568,7eeaded5e52359c43fc5a33d3ff9ce08,e7b4b17a7c58cf7c2738df1a4eeb94a57934e2f981b63e7b90baa54d70752289
===== ResNet18 gemm48 / measured 9 / party 0 =====
0,128,32,1,512,1000,8192,2,8,regular,69,7424,768,276,2048000,70656,1554432,706560,211968,1536,210432,211968,1536,210432,132925440,239757312,16083072,4,2048000,1000,622000,1244000,92105212,22591,3.93666e+06,pass,11023,29.38,19563.6,238774,1.91071e+06,41359.2,1749.63,47313.7,1.22195e+06,94267.9,40861.3,13252.2,306.381,141733888,31929597952,1896939520,64179485,NA,27947717,NA,256,21829,NA,128,128,128,128,yes,NA,3c015a3eedff5d122449f6af1bf37d3d,9fab2211b4041298d688b3f399d6dbba5bb1b86f71951727699de85c9c136b4b,sci-iknp,SCI-IKNP-IN-TREE,NA,NA,NA,NA,NA,NA,NA,NA,NA,NA,NA,NA,existing-default,1024,NA,1104,0
===== ResNet18 gemm48 / measured 9 / party 1 =====
1,128,32,1,512,1000,8192,2,8,regular,69,7424,768,276,2048000,70656,1554432,706560,211968,1536,210432,211968,1536,210432,132925440,239757312,16083072,4,2048000,1000,622000,1244000,90267132,22591,3.93667e+06,pass,11023,92.044,19561.4,238771,1.91084e+06,41195.6,1857.52,47783.7,1.22587e+06,81231.8,40909.2,11532,2024.04,142495744,31927500800,1899036672,65170738,NA,25118384,NA,256,21829,NA,128,128,128,128,yes,NA,3c015a3eedff5d122449f6af1bf37d3d,9fab2211b4041298d688b3f399d6dbba5bb1b86f71951727699de85c9c136b4b,sci-iknp,SCI-IKNP-IN-TREE,NA,NA,NA,NA,NA,NA,NA,NA,NA,NA,NA,NA,existing-default,1024,NA,1104,0
===== ResNet18 gemm48 / measured 9 / post-exit checker =====
128,32,1,512,1000,69,4108096,14768.5,1153.56,pass,pass,pass,pass,170584,170913792,20187643904,13638893568,3c015a3eedff5d122449f6af1bf37d3d,9fab2211b4041298d688b3f399d6dbba5bb1b86f71951727699de85c9c136b4b
===== ResNet18 gemm48 / measured 10 / party 0 =====
0,128,32,1,512,1000,8192,2,8,regular,69,7424,768,276,2048000,70656,1554432,706560,211968,1536,210432,211968,1536,210432,132925440,239757312,16083072,4,2048000,1000,622000,1244000,92105212,22591,3.99559e+06,pass,11023,157.842,20318.7,246288,1.9512e+06,44785.1,1695.44,47947.7,1.22336e+06,95808.5,42358.9,14459.2,293.878,142381056,31929597952,1896939520,64179485,NA,27947717,NA,256,21829,NA,128,128,128,128,yes,NA,5d775dcc49bb65a69c9f92bf266beea1,4b3fe00f12727991cd6ebe7507d9b525fb98e2cbf3fdf7a00b958afa9cc5159e,sci-iknp,SCI-IKNP-IN-TREE,NA,NA,NA,NA,NA,NA,NA,NA,NA,NA,NA,NA,existing-default,1024,NA,1104,0
===== ResNet18 gemm48 / measured 10 / party 1 =====
1,128,32,1,512,1000,8192,2,8,regular,69,7424,768,276,2048000,70656,1554432,706560,211968,1536,210432,211968,1536,210432,132925440,239757312,16083072,4,2048000,1000,622000,1244000,90267132,22591,3.9956e+06,pass,11023,40.555,20319.1,246304,1.9515e+06,44451.2,1802.36,52042.3,1.22637e+06,82702.9,42412.3,14455.6,290.637,141967360,31927500800,1899036672,65170738,NA,25118384,NA,256,21829,NA,128,128,128,128,yes,NA,5d775dcc49bb65a69c9f92bf266beea1,4b3fe00f12727991cd6ebe7507d9b525fb98e2cbf3fdf7a00b958afa9cc5159e,sci-iknp,SCI-IKNP-IN-TREE,NA,NA,NA,NA,NA,NA,NA,NA,NA,NA,NA,NA,existing-default,1024,NA,1104,0
===== ResNet18 gemm48 / measured 10 / post-exit checker =====
128,32,1,512,1000,69,4108096,14970.2,1149.74,pass,pass,pass,pass,173138,171528192,20187643904,13638893568,5d775dcc49bb65a69c9f92bf266beea1,4b3fe00f12727991cd6ebe7507d9b525fb98e2cbf3fdf7a00b958afa9cc5159e
