[two-party-gpu] host/device PRG parity
[gpu-aes-parity] 16 device vectors: left 0 / right 0 / tag 0 mismatches, 0 seed-insensitive; low-bit pairs 1, 0 insensitive -> pass
vectors,rows,left_mismatch,right_mismatch,tag_mismatch,seed_insensitive,low_bit_pairs,low_bit_insensitive,parity
/home/fatih/EzPC/GPU-MPC/ringlpn/results/dpf/gpu_aes_prg_vectors_2026_07_29.csv,16,0,0,0,0,1,0,pass
=== gpu-aes L=4 trees=8 modulus_idx=0 port=25000 ===
[two-party-dpf] party 1 L=4 batch=8: 8 string-OTs, 6 triple-OTs, 186 OLE-OTs, 588 logical-open bits, 1176 meaningful-share bits [two-party-dpf] party 0 L=4 batch=8: 8 string-OTs, 6 triple-OTs, 186 OLE-OTs, 588 logical-open bits, 1176 meaningful-share bits per tree; batch 46742 bytes sent, 28 direction switches, 5909 us (739 us/tree); setup 21829 bytes / 6 switches; accounting pass; keys -> /tmp/ringlpn-two-party-gpu-dpf.ONnECJ/gpuL4_m0_b8_p1.key
per tree; batch 45230 bytes sent, 28 direction switches, 5941 us (743 us/tree); setup 21829 bytes / 6 switches; accounting pass; keys -> /tmp/ringlpn-two-party-gpu-dpf.ONnECJ/gpuL4_m0_b8_p0.key
1,q62,gpu-aes,4,8,8,8,0,0,8.0,6.0,186.0,3.0,3.0,6.0,520.0,62.0,588.0,1176.0,256,21829,6,46742,5842.8,28,5908.7,738.6,pass,pass,pass
0,q62,gpu-aes,4,8,8,8,0,0,8.0,6.0,186.0,3.0,3.0,6.0,520.0,62.0,588.0,1176.0,256,21829,6,45230,5653.8,28,5940.7,742.6,pass,pass,pass
[two-party-gpu] invalid metadata controls L=4 m=0
[two-party-gpu] invalid metadata control within-file heterogeneous L: rejected as expected (party 0 record 1 has heterogeneous log_domain 5 (expected 4))
[two-party-gpu] invalid metadata control cross-file L mismatch: rejected as expected (party 1 record 0 has heterogeneous log_domain 5 (expected 4))
[two-party-gpu] 8 keys at L=4: batch mismatch 0, per-tree 8/8, root low-bit ones 10/16, public mismatch 0, negative control failed as expected -> pass
/tmp/ringlpn-two-party-gpu-dpf.ONnECJ/gpuL4_m0_b8,8,4,4611686018326724609,10,0,0,8,0,failed_as_expected,pass
=== gpu-aes L=8 trees=16 modulus_idx=0 port=25004 ===
[two-party-dpf] party 1 L=8 batch=16: 16 string-OTs, 14 triple-OTs, 186 OLE-OTs, 1116 logical-open bits, 2232 meaningful-share b[two-party-dpf] party 0 L=8 batch=16: 16 string-OTs, 14 triple-OTs, 186 OLE-OTs, 1116 logical-open bits, 2232 meaningful-share bits per tree; batch 89644 bytes sent, 52 direction switches, 9824 us (614 us/tree); setup 21829 bytes / 6 switches; accounting pits per tree; batch 92668 bytes sent, 52 direction switches, 9835 us (615 us/tree); setup 21829 bytes / 6 switches; accounting pass; keys -> /tmp/ringlpn-two-party-gpu-dpf.ONnECJ/gpuL8_m0_b16_p0.key
ass; keys -> /tmp/ringlpn-two-party-gpu-dpf.ONnECJ/gpuL8_m0_b16_p1.key
0,q62,gpu-aes,8,16,16,8,0,0,16.0,14.0,186.0,7.0,3.0,14.0,1040.0,62.0,1116.0,2232.0,256,21829,6,89644,5602.8,52,9824.3,614.0,pass,pass,pass
1,q62,gpu-aes,8,16,16,8,0,0,16.0,14.0,186.0,7.0,3.0,14.0,1040.0,62.0,1116.0,2232.0,256,21829,6,92668,5791.8,52,9834.9,614.7,pass,pass,pass
[two-party-gpu] invalid metadata controls L=8 m=0
[two-party-gpu] invalid metadata control within-file heterogeneous L: rejected as expected (party 0 record 1 has heterogeneous log_domain 9 (expected 8))
[two-party-gpu] invalid metadata control cross-file L mismatch: rejected as expected (party 1 record 0 has heterogeneous log_domain 9 (expected 8))
[two-party-gpu] 16 keys at L=8: batch mismatch 0, per-tree 16/16, root low-bit ones 15/32, public mismatch 0, negative control failed as expected -> pass
/tmp/ringlpn-two-party-gpu-dpf.ONnECJ/gpuL8_m0_b16,16,8,4611686018326724609,15,0,0,16,0,failed_as_expected,pass
=== gpu-aes L=11 trees=32 modulus_idx=0 port=25008 ===
[two-party-dpf] party 1 L=11 batch=32: 22 string-OTs, 20 triple-OTs, 186 OLE-OTs, 1512 logical-open bits, 3024 meaningful-share [two-party-dpf] party 0 L=11 batch=32: 22 string-OTs, 20 triple-OTs, 186 OLE-OTs, 1512 logical-open bits, 3024 meaningful-share bits per tree; batch 169776 bytes sent, 70 direction switches, 20834 us (651 us/tree); setup 21829 bytes / 6 switches; accountinbits per tree; batch 163728 bytes sent, 70 direction switches, 20839 us (651 us/tree); setup 21829 bytes / 6 switches; accounting pass; keys -> /tmp/ringlpn-two-party-gpu-dpf.ONnECJ/gpuL11_m0_b32_p1.key
g pass; keys -> /tmp/ringlpn-two-party-gpu-dpf.ONnECJ/gpuL11_m0_b32_p0.key
1,q62,gpu-aes,11,32,32,8,0,0,22.0,20.0,186.0,10.0,3.0,20.0,1430.0,62.0,1512.0,3024.0,256,21829,6,169776,5305.5,70,20833.7,651.1,pass,pass,pass
0,q62,gpu-aes,11,32,32,8,0,0,22.0,20.0,186.0,10.0,3.0,20.0,1430.0,62.0,1512.0,3024.0,256,21829,6,163728,5116.5,70,20839.0,651.2,pass,pass,pass
[two-party-gpu] invalid metadata controls L=11 m=0
[two-party-gpu] invalid metadata control within-file heterogeneous L: rejected as expected (party 0 record 1 has heterogeneous log_domain 12 (expected 11))
[two-party-gpu] invalid metadata control cross-file L mismatch: rejected as expected (party 1 record 0 has heterogeneous log_domain 12 (expected 11))
[two-party-gpu] 32 keys at L=11: batch mismatch 0, per-tree 32/32, root low-bit ones 34/64, public mismatch 0, negative control failed as expected -> pass
/tmp/ringlpn-two-party-gpu-dpf.ONnECJ/gpuL11_m0_b32,32,11,4611686018326724609,34,0,0,32,0,failed_as_expected,pass
=== gpu-aes L=11 trees=32 modulus_idx=1 port=25012 ===
[two-party-dpf] party 1 L=11 batch=32: 22 string-OTs, 20 triple-OTs, 186 OLE-OTs, 1512 logical-open bits, 3024 meaningful-share [two-party-dpf] party 0 L=11 batch=32: 22 string-OTs, 20 triple-OTs, 186 OLE-OTs, 1512 logical-open bits, 3024 meaningful-share bits per tree; batch 169776 bytes sent, 70 direction switches, 18146 us (567 us/tree); setup 21829 bytes / 6 switches; accountinbits per tree; batch 163728 bytes sent, 70 direction switches, 18134 us (567 us/tree); setup 21829 bytes / 6 switches; accounting pass; keys -> /tmp/ringlpn-two-party-gpu-dpf.ONnECJ/gpuL11_m1_b32_p1.key
g pass; keys -> /tmp/ringlpn-two-party-gpu-dpf.ONnECJ/gpuL11_m1_b32_p0.key
0,q62b,gpu-aes,11,32,32,8,0,0,22.0,20.0,186.0,10.0,3.0,20.0,1430.0,62.0,1512.0,3024.0,256,21829,6,163728,5116.5,70,18134.1,566.7,pass,pass,pass
1,q62b,gpu-aes,11,32,32,8,0,0,22.0,20.0,186.0,10.0,3.0,20.0,1430.0,62.0,1512.0,3024.0,256,21829,6,169776,5305.5,70,18145.7,567.1,pass,pass,pass
[two-party-gpu] invalid metadata controls L=11 m=1
[two-party-gpu] invalid metadata control within-file heterogeneous L: rejected as expected (party 0 record 1 has heterogeneous log_domain 12 (expected 11))
[two-party-gpu] invalid metadata control cross-file L mismatch: rejected as expected (party 1 record 0 has heterogeneous log_domain 12 (expected 11))
[two-party-gpu] 32 keys at L=11: batch mismatch 0, per-tree 32/32, root low-bit ones 33/64, public mismatch 0, negative control failed as expected -> pass
/tmp/ringlpn-two-party-gpu-dpf.ONnECJ/gpuL11_m1_b32,32,11,4611686018309947393,33,0,0,32,0,failed_as_expected,pass
