invalid arguments
[two-party-dpf] invalid-input control rejected as expected
=== L=4 trees=8 modulus_idx=0 port=43600 ===
[two-party-dpf] party 1 L=4 batch=8: 8 string-OTs, 6 triple-OTs, 186 OLE-OTs, 588 logical-open bits, 1176 meaningful-share bits [two-party-dpf] party 0 L=4 batch=8: 8 string-OTs, 6 triple-OTs, 186 OLE-OTs, 588 logical-open bits, 1176 meaningful-share bits per tree; batch 46742 bytes sent, 30 direction switches, 5480 us (685 us/tree); setup 21829 bytes / 6 switches; accounting pass;per tree; batch 45230 bytes sent, 30 direction switches, 5478 us (685 us/tree); setup 21829 bytes / 6 switches; accounting pass; keys -> /home/fatih/EzPC/GPU-MPC/ringlpn/results/dpf/two_party_keys/L4_m0_b8_p1.key
 keys -> /home/fatih/EzPC/GPU-MPC/ringlpn/results/dpf/two_party_keys/L4_m0_b8_p0.key
party,modulus,prg,log_domain,batch_trees,generated,selftest_rounds,selftest_triple_fail,selftest_ole_fail,string_ots_128_per_tree,triple_ots_per_tree,ole_ots_per_tree,bit_triples_per_tree,scalar_oles_per_tree,phase_a_logical_bits_per_tree,phase_b_logical_bits_per_tree,phase_c_logical_bits_per_tree,logical_opened_bits_per_tree,meaningful_share_bits_per_tree,base_ots,setup_bytes_sent,setup_direction_switches,protocol_bytes_sent_batch,protocol_bytes_sent_per_tree,protocol_direction_switches_batch,us_batch,us_per_tree,transcript_accounting,selftest,status
0,q62,splitmix,4,8,8,16,0,0,8.0,6.0,186.0,3.0,3.0,6.0,520.0,62.0,588.0,1176.0,256,21829,6,45230,5653.8,30,5477.5,684.7,pass,pass,pass
1,q62,splitmix,4,8,8,16,0,0,8.0,6.0,186.0,3.0,3.0,6.0,520.0,62.0,588.0,1176.0,256,21829,6,46742,5842.8,30,5479.9,685.0,pass,pass,pass
[two-party-validate] 8 keys: 8 pass, 0 fail, 0 public mismatch, negative control failed as expected
/home/fatih/EzPC/GPU-MPC/ringlpn/results/dpf/two_party_keys/L4_m0_b8,8,8,0,0,failed_as_expected,pass
=== L=8 trees=8 modulus_idx=0 port=43604 ===
[two-party-dpf] party 1 L=8 batch=8: 16 string-OTs, 14 triple-OTs, 186 OLE-OTs, 1116 logical-open bits, 2232 meaningful-share bi[two-party-dpf] party 0 L=8 batch=8: 16 string-OTs, 14 triple-OTs, 186 OLE-OTs, 1116 logical-open bits, 2232 meaningful-share bits per tree; batch 64766 bytes sent, 54 direction switches, 8393 us (1049 us/tree); setup 21829 bytes / 6 switches; accounting pts per tree; batch 63254 bytes sent, 54 direction switches, 8385 us (1048 us/tree); setup 21829 bytes / 6 switches; accounting pass; keys -> /home/fatih/EzPC/GPU-MPC/ringlpn/results/dpf/two_party_keys/L8_m0_b8_p1.key
ass; keys -> /home/fatih/EzPC/GPU-MPC/ringlpn/results/dpf/two_party_keys/L8_m0_b8_p0.key
0,q62,splitmix,8,8,8,16,0,0,16.0,14.0,186.0,7.0,3.0,14.0,1040.0,62.0,1116.0,2232.0,256,21829,6,63254,7906.8,54,8384.9,1048.1,pass,pass,pass
1,q62,splitmix,8,8,8,16,0,0,16.0,14.0,186.0,7.0,3.0,14.0,1040.0,62.0,1116.0,2232.0,256,21829,6,64766,8095.8,54,8392.6,1049.1,pass,pass,pass
[two-party-validate] 8 keys: 8 pass, 0 fail, 0 public mismatch, negative control failed as expected
/home/fatih/EzPC/GPU-MPC/ringlpn/results/dpf/two_party_keys/L8_m0_b8,8,8,0,0,failed_as_expected,pass
=== L=11 trees=4 modulus_idx=0 port=43608 ===
[two-party-dpf] party 1 L=11 batch=4: 22 string-OTs, 20 triple-OTs, 186 OLE-OTs, 1512 logical-open bits, 3024 meaningful-share b[two-party-dpf] party 0 L=11 batch=4: 22 string-OTs, 20 triple-OTs, 186 OLE-OTs, 1512 logical-open bits, 3024 meaningful-share bits per tree; batch 63718 bytes sent, 72 direction switches, 11142 us (2785 us/tree); setup 21829 bytes / 6 switches; accountingits per tree; batch 62974 bytes sent, 72 direction switches, 11141 us (2785 us/tree); setup 21829 bytes / 6 switches; accounting pass; keys -> /home/fatih/EzPC/GPU-MPC/ringlpn/results/dpf/two_party_keys/L11_m0_b4_p1.key
 pass; keys -> /home/fatih/EzPC/GPU-MPC/ringlpn/results/dpf/two_party_keys/L11_m0_b4_p0.key
0,q62,splitmix,11,4,4,16,0,0,22.0,20.0,186.0,10.0,3.0,20.0,1430.0,62.0,1512.0,3024.0,256,21829,6,62974,15743.5,72,11140.6,2785.2,pass,pass,pass
1,q62,splitmix,11,4,4,16,0,0,22.0,20.0,186.0,10.0,3.0,20.0,1430.0,62.0,1512.0,3024.0,256,21829,6,63718,15929.5,72,11141.9,2785.5,pass,pass,pass
[two-party-validate] 4 keys: 4 pass, 0 fail, 0 public mismatch, negative control failed as expected
/home/fatih/EzPC/GPU-MPC/ringlpn/results/dpf/two_party_keys/L11_m0_b4,4,4,0,0,failed_as_expected,pass
=== L=14 trees=2 modulus_idx=0 port=43612 ===
[two-party-dpf] party 1 L=14 batch=2: 28 string-OTs, 26 triple-OTs, 186 OLE-OTs, 1908 logical-open bits, 3816 meaningful-share b[two-party-dpf] party 0 L=14 batch=2: 28 string-OTs, 26 triple-OTs, 186 OLE-OTs, 1908 logical-open bits, 3816 meaningful-share bits per tree; batch 75175 bytes sent, 90 direction switches, 14895 us (7447 us/tree); setup 21829 bytes / 6 switches; accountingits per tree; batch 68671 bytes sent, 90 direction switches, 14917 us (7458 us/tree); setup 21829 bytes / 6 switches; accounting pass; keys -> /home/fatih/EzPC/GPU-MPC/ringlpn/results/dpf/two_party_keys/L14_m0_b2_p1.key
 pass; keys -> /home/fatih/EzPC/GPU-MPC/ringlpn/results/dpf/two_party_keys/L14_m0_b2_p0.key
0,q62,splitmix,14,2,2,16,0,0,28.0,26.0,186.0,13.0,3.0,26.0,1820.0,62.0,1908.0,3816.0,256,21829,6,68671,34335.5,90,14916.5,7458.3,pass,pass,pass
1,q62,splitmix,14,2,2,16,0,0,28.0,26.0,186.0,13.0,3.0,26.0,1820.0,62.0,1908.0,3816.0,256,21829,6,75175,37587.5,90,14894.8,7447.4,pass,pass,pass
[two-party-validate] 2 keys: 2 pass, 0 fail, 0 public mismatch, negative control failed as expected
/home/fatih/EzPC/GPU-MPC/ringlpn/results/dpf/two_party_keys/L14_m0_b2,2,2,0,0,failed_as_expected,pass
=== L=8 trees=8 modulus_idx=1 port=43616 ===
[two-party-dpf] party 1 L=8 batch=8: 16 string-OTs, 14 triple-OTs, 186 OLE-OTs, 1116 logical-open bits, 2232 meaningful-share bi[two-party-dpf] party 0 L=8 batch=8: 16 string-OTs, 14 triple-OTs, 186 OLE-OTs, 1116 logical-open bits, 2232 meaningful-share bits per tree; batch 64766 bytes sent, 54 direction switches, 7912 us (989 us/tree); setup 21829 bytes / 6 switches; accounting pats per tree; batch 63254 bytes sent, 54 direction switches, 7910 us (989 us/tree); setup 21829 bytes / 6 switches; accounting pass; keys -> /home/fatih/EzPC/GPU-MPC/ringlpn/results/dpf/two_party_keys/L8_m1_b8_p1.key
ss; keys -> /home/fatih/EzPC/GPU-MPC/ringlpn/results/dpf/two_party_keys/L8_m1_b8_p0.key
0,q62b,splitmix,8,8,8,16,0,0,16.0,14.0,186.0,7.0,3.0,14.0,1040.0,62.0,1116.0,2232.0,256,21829,6,63254,7906.8,54,7910.4,988.8,pass,pass,pass
1,q62b,splitmix,8,8,8,16,0,0,16.0,14.0,186.0,7.0,3.0,14.0,1040.0,62.0,1116.0,2232.0,256,21829,6,64766,8095.8,54,7912.5,989.1,pass,pass,pass
[two-party-validate] 8 keys: 8 pass, 0 fail, 0 public mismatch, negative control failed as expected
/home/fatih/EzPC/GPU-MPC/ringlpn/results/dpf/two_party_keys/L8_m1_b8,8,8,0,0,failed_as_expected,pass
=== L=14 trees=2 modulus_idx=1 port=43620 ===
[two-party-dpf] party 0 L=14 batch=2: 28 string-OTs, 26 triple-OTs, 186 OLE-OTs, 1908 logical-open bits, 3816 meaningful-share b[two-party-dpf] party 1 L=14 batch=2: 28 string-OTs, 26 triple-OTs, 186 OLE-OTs, 1908 logical-open bits, 3816 meaningful-share bits per tree; batch 68671 bytes sent, 90 direction switches, 15782 us (7891 us/tree); setup 21829 bytes / 6 switches; accountingits per tree; batch 75175 bytes sent, 90 direction switches, 15760 us (7880 us/tree); setup 21829 bytes / 6 switches; accounting pass; keys -> /home/fatih/EzPC/GPU-MPC/ringlpn/results/dpf/two_party_keys/L14_m1_b2_p0.key
 pass; keys -> /home/fatih/EzPC/GPU-MPC/ringlpn/results/dpf/two_party_keys/L14_m1_b2_p1.key
0,q62b,splitmix,14,2,2,16,0,0,28.0,26.0,186.0,13.0,3.0,26.0,1820.0,62.0,1908.0,3816.0,256,21829,6,68671,34335.5,90,15782.1,7891.0,pass,pass,pass
1,q62b,splitmix,14,2,2,16,0,0,28.0,26.0,186.0,13.0,3.0,26.0,1820.0,62.0,1908.0,3816.0,256,21829,6,75175,37587.5,90,15760.1,7880.1,pass,pass,pass
[two-party-validate] 2 keys: 2 pass, 0 fail, 0 public mismatch, negative control failed as expected
/home/fatih/EzPC/GPU-MPC/ringlpn/results/dpf/two_party_keys/L14_m1_b2,2,2,0,0,failed_as_expected,pass
=== L=11 trees=1 modulus_idx=0 port=43624 ===
[two-party-dpf] party 1 L=11 batch=1: 22 string-OTs, 20 triple-OTs, 186 OLE-OTs, 1512 logical-open bits, 3024 meaningful-share b[two-party-dpf] party 0 L=11 batch=1: 22 string-OTs, 20 triple-OTs, 186 OLE-OTs, 1512 logical-open bits, 3024 meaningful-share bits per tree; batch 62010 bytes sent, 72 direction switches, 11954 us (11954 us/tree); setup 21829 bytes / 6 switches; accountinits per tree; batch 52626 bytes sent, 72 direction switches, 11951 us (11951 us/tree); setup 21829 bytes / 6 switches; accounting pass; keys -> /home/fatih/EzPC/GPU-MPC/ringlpn/results/dpf/two_party_keys/L11_m0_b1_p1.key
g pass; keys -> /home/fatih/EzPC/GPU-MPC/ringlpn/results/dpf/two_party_keys/L11_m0_b1_p0.key
0,q62,splitmix,11,1,1,16,0,0,22.0,20.0,186.0,10.0,3.0,20.0,1430.0,62.0,1512.0,3024.0,256,21829,6,52626,52626.0,72,11951.1,11951.1,pass,pass,pass
1,q62,splitmix,11,1,1,16,0,0,22.0,20.0,186.0,10.0,3.0,20.0,1430.0,62.0,1512.0,3024.0,256,21829,6,62010,62010.0,72,11953.9,11953.9,pass,pass,pass
[two-party-validate] 1 keys: 1 pass, 0 fail, 0 public mismatch, negative control failed as expected
/home/fatih/EzPC/GPU-MPC/ringlpn/results/dpf/two_party_keys/L11_m0_b1,1,1,0,0,failed_as_expected,pass
=== L=11 trees=16 modulus_idx=0 port=43628 ===
[two-party-dpf] party 0 L=11 batch=16: 22 string-OTs, 20 triple-OTs, 186 OLE-OTs, 1512 logical-open bits, 3024 meaningful-share bits per tree; batch 104392 bytes sent, 72 direction switches, 12585 us (787 us/tree); setup 21829 bytes / 6 switches; accounting pass; keys -> /home/fatih/EzPC/GPU-MPC/ringlpn/results/dpf/two_party_keys/L11_m0_b16_p0.key
[two-party-dpf] party 1 L=11 batch=16: 22 string-OTs, 20 triple-OTs, 186 OLE-OTs, 1512 logical-open bits, 3024 meaningful-share bits per tree; batch 107416 bytes sent, 72 direction switches, 12590 us (787 us/tree); setup 21829 bytes / 6 switches; accounting pass; keys -> /home/fatih/EzPC/GPU-MPC/ringlpn/results/dpf/two_party_keys/L11_m0_b16_p1.key
0,q62,splitmix,11,16,16,16,0,0,22.0,20.0,186.0,10.0,3.0,20.0,1430.0,62.0,1512.0,3024.0,256,21829,6,104392,6524.5,72,12585.2,786.6,pass,pass,pass
1,q62,splitmix,11,16,16,16,0,0,22.0,20.0,186.0,10.0,3.0,20.0,1430.0,62.0,1512.0,3024.0,256,21829,6,107416,6713.5,72,12590.3,786.9,pass,pass,pass
[two-party-validate] 16 keys: 16 pass, 0 fail, 0 public mismatch, negative control failed as expected
/home/fatih/EzPC/GPU-MPC/ringlpn/results/dpf/two_party_keys/L11_m0_b16,16,16,0,0,failed_as_expected,pass
=== L=11 trees=64 modulus_idx=0 port=43632 ===
[two-party-dpf] party 1 L=11 batch=64: 22 string-OTs, 20 triple-OTs, 186 OLE-OTs, 1512 logical-open bits, 3024 meaningful-share [two-party-dpf] party 0 L=11 batch=64: 22 string-OTs, 20 triple-OTs, 186 OLE-OTs, 1512 logical-open bits, 3024 meaningful-share bits per tree; batch 290400 bytes sent, 72 direction switches, 17647 us (276 us/tree); setup 21829 bytes / 6 switches; accountinbits per tree; batch 278304 bytes sent, 72 direction switches, 17647 us (276 us/tree); setup 21829 bytes / 6 switches; accounting pass; keys -> /home/fatih/EzPC/GPU-MPC/ringlpn/results/dpf/two_party_keys/L11_m0_b64_p1.key
g pass; keys -> /home/fatih/EzPC/GPU-MPC/ringlpn/results/dpf/two_party_keys/L11_m0_b64_p0.key
0,q62,splitmix,11,64,64,16,0,0,22.0,20.0,186.0,10.0,3.0,20.0,1430.0,62.0,1512.0,3024.0,256,21829,6,278304,4348.5,72,17647.5,275.7,pass,pass,pass
1,q62,splitmix,11,64,64,16,0,0,22.0,20.0,186.0,10.0,3.0,20.0,1430.0,62.0,1512.0,3024.0,256,21829,6,290400,4537.5,72,17647.2,275.7,pass,pass,pass
[two-party-validate] 64 keys: 64 pass, 0 fail, 0 public mismatch, negative control failed as expected
/home/fatih/EzPC/GPU-MPC/ringlpn/results/dpf/two_party_keys/L11_m0_b64,64,64,0,0,failed_as_expected,pass
=== L=11 trees=256 modulus_idx=0 port=43636 ===
[two-party-dpf] party 1 L=11 batch=256: 22 string-OTs, 20 triple-OTs, 186 OLE-OTs, 1512 logical-open bits, 3024 meaningful-share[two-party-dpf] party 0 L=11 batch=256: 22 string-OTs, 20 triple-OTs, 186 OLE-OTs, 1512 logical-open bits, 3024 meaningful-share bits per tree; batch 993664 bytes sent, 72 direction switches, 35724 us (140 us/tree); setup 21829 bytes / 6 switches; accounting pass; keys -> /home/fatih/EzPC/GPU-MPC/ringlpn/results/dpf/two_party_keys/L11_m0_b256_p1.key
 bits per tree; batch 969856 bytes sent, 72 direction switches, 35729 us (140 us/tree); setup 21829 bytes / 6 switches; accounting pass; keys -> /home/fatih/EzPC/GPU-MPC/ringlpn/results/dpf/two_party_keys/L11_m0_b256_p0.key
0,q62,splitmix,11,256,256,16,0,0,22.0,20.0,186.0,10.0,3.0,20.0,1430.0,62.0,1512.0,3024.0,256,21829,6,969856,3788.5,72,35729.0,139.6,pass,pass,pass
1,q62,splitmix,11,256,256,16,0,0,22.0,20.0,186.0,10.0,3.0,20.0,1430.0,62.0,1512.0,3024.0,256,21829,6,993664,3881.5,72,35723.9,139.5,pass,pass,pass
[two-party-validate] 256 keys: 256 pass, 0 fail, 0 public mismatch, negative control failed as expected
/home/fatih/EzPC/GPU-MPC/ringlpn/results/dpf/two_party_keys/L11_m0_b256,256,256,0,0,failed_as_expected,pass
