/usr/include/eigen3/Eigen/src/Core/DenseStorage.h(223): warning #20012-D: __host__ annotation is ignored on a function("DenseStorage") that is explicitly defaulted on its first declaration
     __attribute__((host)) __attribute__((device)) 
                    ^

Remark: The warnings can be suppressed with "-diag-suppress <warning-number>"

/usr/include/eigen3/Eigen/src/Core/DenseStorage.h(223): warning #20012-D: __device__ annotation is ignored on a function("DenseStorage") that is explicitly defaulted on its first declaration
     __attribute__((host)) __attribute__((device)) 
                                          ^

/usr/include/eigen3/Eigen/src/Core/DenseStorage.h(233): warning #20012-D: __host__ annotation is ignored on a function("operator=") that is explicitly defaulted on its first declaration
     __attribute__((host)) __attribute__((device)) 
                    ^

/usr/include/eigen3/Eigen/src/Core/DenseStorage.h(233): warning #20012-D: __device__ annotation is ignored on a function("operator=") that is explicitly defaulted on its first declaration
     __attribute__((host)) __attribute__((device)) 
                                          ^

/usr/include/eigen3/Eigen/src/Core/DenseStorage.h(248): warning #20012-D: __host__ annotation is ignored on a function("DenseStorage") that is explicitly defaulted on its first declaration
     __attribute__((host)) __attribute__((device)) 
                    ^

/usr/include/eigen3/Eigen/src/Core/DenseStorage.h(248): warning #20012-D: __device__ annotation is ignored on a function("DenseStorage") that is explicitly defaulted on its first declaration
     __attribute__((host)) __attribute__((device)) 
                                          ^

/usr/include/eigen3/Eigen/src/Core/DenseStorage.h(249): warning #20012-D: __host__ annotation is ignored on a function("operator=") that is explicitly defaulted on its first declaration
     __attribute__((host)) __attribute__((device)) 
                    ^

/usr/include/eigen3/Eigen/src/Core/DenseStorage.h(249): warning #20012-D: __device__ annotation is ignored on a function("operator=") that is explicitly defaulted on its first declaration
     __attribute__((host)) __attribute__((device)) 
                                          ^

/home/fatih/EzPC/GPU-MPC/ext/sytorch/ext/cryptoTools/cryptoTools/Crypto/PRNG.h(39): warning #815-D: type qualifier on return type is meaningless
          const block getSeed() const;
          ^

/usr/include/eigen3/Eigen/src/Core/DenseStorage.h(223): warning #20012-D: __host__ annotation is ignored on a function("DenseStorage") that is explicitly defaulted on its first declaration
     __attribute__((host)) __attribute__((device)) 
                    ^

Remark: The warnings can be suppressed with "-diag-suppress <warning-number>"

/usr/include/eigen3/Eigen/src/Core/DenseStorage.h(223): warning #20012-D: __device__ annotation is ignored on a function("DenseStorage") that is explicitly defaulted on its first declaration
     __attribute__((host)) __attribute__((device)) 
                                          ^

/usr/include/eigen3/Eigen/src/Core/DenseStorage.h(233): warning #20012-D: __host__ annotation is ignored on a function("operator=") that is explicitly defaulted on its first declaration
     __attribute__((host)) __attribute__((device)) 
                    ^

/usr/include/eigen3/Eigen/src/Core/DenseStorage.h(233): warning #20012-D: __device__ annotation is ignored on a function("operator=") that is explicitly defaulted on its first declaration
     __attribute__((host)) __attribute__((device)) 
                                          ^

/usr/include/eigen3/Eigen/src/Core/DenseStorage.h(248): warning #20012-D: __host__ annotation is ignored on a function("DenseStorage") that is explicitly defaulted on its first declaration
     __attribute__((host)) __attribute__((device)) 
                    ^

/usr/include/eigen3/Eigen/src/Core/DenseStorage.h(248): warning #20012-D: __device__ annotation is ignored on a function("DenseStorage") that is explicitly defaulted on its first declaration
     __attribute__((host)) __attribute__((device)) 
                                          ^

/usr/include/eigen3/Eigen/src/Core/DenseStorage.h(249): warning #20012-D: __host__ annotation is ignored on a function("operator=") that is explicitly defaulted on its first declaration
     __attribute__((host)) __attribute__((device)) 
                    ^

/usr/include/eigen3/Eigen/src/Core/DenseStorage.h(249): warning #20012-D: __device__ annotation is ignored on a function("operator=") that is explicitly defaulted on its first declaration
     __attribute__((host)) __attribute__((device)) 
                                          ^

/home/fatih/EzPC/GPU-MPC/ext/sytorch/ext/cryptoTools/cryptoTools/Crypto/PRNG.h(39): warning #815-D: type qualifier on return type is meaningless
          const block getSeed() const;
          ^

/home/fatih/EzPC/GPU-MPC/ext/sytorch/ext/cryptoTools/cryptoTools/Common/Defines.h:73:38: warning: ignoring attributes on template argument ‘__m128i’ [-Wignored-attributes]
   73 |     extern const std::array<block, 2> zeroAndAllOne;
      |                                      ^
/home/fatih/EzPC/GPU-MPC/ext/sytorch/ext/cryptoTools/cryptoTools/Crypto/AES.h:35:38: warning: ignoring attributes on template argument ‘const __m128i’ [-Wignored-attributes]
   35 |         void ecbEncBlocks(span<const block> plaintexts, span<block> ciphertext) const
      |                                      ^
/home/fatih/EzPC/GPU-MPC/ext/sytorch/ext/cryptoTools/cryptoTools/Crypto/AES.h:35:66: warning: ignoring attributes on template argument ‘__m128i’ [-Wignored-attributes]
   35 |         void ecbEncBlocks(span<const block> plaintexts, span<block> ciphertext) const
      |                                                                  ^
/home/fatih/EzPC/GPU-MPC/ext/sytorch/ext/cryptoTools/cryptoTools/Crypto/AES.h:56:50: warning: ignoring attributes on template argument ‘__m128i’ [-Wignored-attributes]
   56 |         void ecbEncCounterMode(u64 baseIdx, span<block> ciphertext) const
      |                                                  ^
/home/fatih/EzPC/GPU-MPC/ext/sytorch/ext/cryptoTools/cryptoTools/Crypto/AES.h:81:24: warning: ignoring attributes on template argument ‘osuCrypto::block’ {aka ‘__m128i’} [-Wignored-attributes]
   81 |         MultiKeyAES(span<block> keys) { setKeys(keys); }
      |                        ^
/home/fatih/EzPC/GPU-MPC/ext/sytorch/ext/cryptoTools/cryptoTools/Crypto/AES.h:84:25: warning: ignoring attributes on template argument ‘osuCrypto::block’ {aka ‘__m128i’} [-Wignored-attributes]
   84 |         void setKeys(span<block> keys)
      |                         ^
/home/fatih/EzPC/GPU-MPC/ext/sytorch/ext/cryptoTools/cryptoTools/Crypto/PRNG.h:140:35: warning: ignoring attributes on template argument ‘__m128i’ [-Wignored-attributes]
  140 |                 std::vector<block> mBuffer;
      |                                   ^
/usr/include/eigen3/Eigen/src/Core/DenseStorage.h(223): warning #20012-D: __host__ annotation is ignored on a function("DenseStorage") that is explicitly defaulted on its first declaration
     __attribute__((host)) __attribute__((device)) 
                    ^

Remark: The warnings can be suppressed with "-diag-suppress <warning-number>"

/usr/include/eigen3/Eigen/src/Core/DenseStorage.h(223): warning #20012-D: __device__ annotation is ignored on a function("DenseStorage") that is explicitly defaulted on its first declaration
     __attribute__((host)) __attribute__((device)) 
                                          ^

/usr/include/eigen3/Eigen/src/Core/DenseStorage.h(233): warning #20012-D: __host__ annotation is ignored on a function("operator=") that is explicitly defaulted on its first declaration
     __attribute__((host)) __attribute__((device)) 
                    ^

/usr/include/eigen3/Eigen/src/Core/DenseStorage.h(233): warning #20012-D: __device__ annotation is ignored on a function("operator=") that is explicitly defaulted on its first declaration
     __attribute__((host)) __attribute__((device)) 
                                          ^

/usr/include/eigen3/Eigen/src/Core/DenseStorage.h(248): warning #20012-D: __host__ annotation is ignored on a function("DenseStorage") that is explicitly defaulted on its first declaration
     __attribute__((host)) __attribute__((device)) 
                    ^

/usr/include/eigen3/Eigen/src/Core/DenseStorage.h(248): warning #20012-D: __device__ annotation is ignored on a function("DenseStorage") that is explicitly defaulted on its first declaration
     __attribute__((host)) __attribute__((device)) 
                                          ^

/usr/include/eigen3/Eigen/src/Core/DenseStorage.h(249): warning #20012-D: __host__ annotation is ignored on a function("operator=") that is explicitly defaulted on its first declaration
     __attribute__((host)) __attribute__((device)) 
                    ^

/usr/include/eigen3/Eigen/src/Core/DenseStorage.h(249): warning #20012-D: __device__ annotation is ignored on a function("operator=") that is explicitly defaulted on its first declaration
     __attribute__((host)) __attribute__((device)) 
                                          ^

/home/fatih/EzPC/GPU-MPC/ext/sytorch/ext/cryptoTools/cryptoTools/Crypto/PRNG.h(39): warning #815-D: type qualifier on return type is meaningless
          const block getSeed() const;
          ^

/usr/include/eigen3/Eigen/src/Core/DenseStorage.h(223): warning #20012-D: __host__ annotation is ignored on a function("DenseStorage") that is explicitly defaulted on its first declaration
     __attribute__((host)) __attribute__((device)) 
                    ^

Remark: The warnings can be suppressed with "-diag-suppress <warning-number>"

/usr/include/eigen3/Eigen/src/Core/DenseStorage.h(223): warning #20012-D: __device__ annotation is ignored on a function("DenseStorage") that is explicitly defaulted on its first declaration
     __attribute__((host)) __attribute__((device)) 
                                          ^

/usr/include/eigen3/Eigen/src/Core/DenseStorage.h(233): warning #20012-D: __host__ annotation is ignored on a function("operator=") that is explicitly defaulted on its first declaration
     __attribute__((host)) __attribute__((device)) 
                    ^

/usr/include/eigen3/Eigen/src/Core/DenseStorage.h(233): warning #20012-D: __device__ annotation is ignored on a function("operator=") that is explicitly defaulted on its first declaration
     __attribute__((host)) __attribute__((device)) 
                                          ^

/usr/include/eigen3/Eigen/src/Core/DenseStorage.h(248): warning #20012-D: __host__ annotation is ignored on a function("DenseStorage") that is explicitly defaulted on its first declaration
     __attribute__((host)) __attribute__((device)) 
                    ^

/usr/include/eigen3/Eigen/src/Core/DenseStorage.h(248): warning #20012-D: __device__ annotation is ignored on a function("DenseStorage") that is explicitly defaulted on its first declaration
     __attribute__((host)) __attribute__((device)) 
                                          ^

/usr/include/eigen3/Eigen/src/Core/DenseStorage.h(249): warning #20012-D: __host__ annotation is ignored on a function("operator=") that is explicitly defaulted on its first declaration
     __attribute__((host)) __attribute__((device)) 
                    ^

/usr/include/eigen3/Eigen/src/Core/DenseStorage.h(249): warning #20012-D: __device__ annotation is ignored on a function("operator=") that is explicitly defaulted on its first declaration
     __attribute__((host)) __attribute__((device)) 
                                          ^

/home/fatih/EzPC/GPU-MPC/ext/sytorch/ext/cryptoTools/cryptoTools/Crypto/PRNG.h(39): warning #815-D: type qualifier on return type is meaningless
          const block getSeed() const;
          ^

/home/fatih/EzPC/GPU-MPC/ext/sytorch/ext/cryptoTools/cryptoTools/Common/Defines.h:73:38: warning: ignoring attributes on template argument ‘__m128i’ [-Wignored-attributes]
   73 |     extern const std::array<block, 2> zeroAndAllOne;
      |                                      ^
/home/fatih/EzPC/GPU-MPC/ext/sytorch/ext/cryptoTools/cryptoTools/Crypto/AES.h:35:38: warning: ignoring attributes on template argument ‘const __m128i’ [-Wignored-attributes]
   35 |         void ecbEncBlocks(span<const block> plaintexts, span<block> ciphertext) const
      |                                      ^
/home/fatih/EzPC/GPU-MPC/ext/sytorch/ext/cryptoTools/cryptoTools/Crypto/AES.h:35:66: warning: ignoring attributes on template argument ‘__m128i’ [-Wignored-attributes]
   35 |         void ecbEncBlocks(span<const block> plaintexts, span<block> ciphertext) const
      |                                                                  ^
/home/fatih/EzPC/GPU-MPC/ext/sytorch/ext/cryptoTools/cryptoTools/Crypto/AES.h:56:50: warning: ignoring attributes on template argument ‘__m128i’ [-Wignored-attributes]
   56 |         void ecbEncCounterMode(u64 baseIdx, span<block> ciphertext) const
      |                                                  ^
/home/fatih/EzPC/GPU-MPC/ext/sytorch/ext/cryptoTools/cryptoTools/Crypto/AES.h:81:24: warning: ignoring attributes on template argument ‘osuCrypto::block’ {aka ‘__m128i’} [-Wignored-attributes]
   81 |         MultiKeyAES(span<block> keys) { setKeys(keys); }
      |                        ^
/home/fatih/EzPC/GPU-MPC/ext/sytorch/ext/cryptoTools/cryptoTools/Crypto/AES.h:84:25: warning: ignoring attributes on template argument ‘osuCrypto::block’ {aka ‘__m128i’} [-Wignored-attributes]
   84 |         void setKeys(span<block> keys)
      |                         ^
/home/fatih/EzPC/GPU-MPC/ext/sytorch/ext/cryptoTools/cryptoTools/Crypto/PRNG.h:140:35: warning: ignoring attributes on template argument ‘__m128i’ [-Wignored-attributes]
  140 |                 std::vector<block> mBuffer;
      |                                   ^
/usr/include/eigen3/Eigen/src/Core/DenseStorage.h(223): warning #20012-D: __host__ annotation is ignored on a function("DenseStorage") that is explicitly defaulted on its first declaration
     __attribute__((host)) __attribute__((device)) 
                    ^

Remark: The warnings can be suppressed with "-diag-suppress <warning-number>"

/usr/include/eigen3/Eigen/src/Core/DenseStorage.h(223): warning #20012-D: __device__ annotation is ignored on a function("DenseStorage") that is explicitly defaulted on its first declaration
     __attribute__((host)) __attribute__((device)) 
                                          ^

/usr/include/eigen3/Eigen/src/Core/DenseStorage.h(233): warning #20012-D: __host__ annotation is ignored on a function("operator=") that is explicitly defaulted on its first declaration
     __attribute__((host)) __attribute__((device)) 
                    ^

/usr/include/eigen3/Eigen/src/Core/DenseStorage.h(233): warning #20012-D: __device__ annotation is ignored on a function("operator=") that is explicitly defaulted on its first declaration
     __attribute__((host)) __attribute__((device)) 
                                          ^

/usr/include/eigen3/Eigen/src/Core/DenseStorage.h(248): warning #20012-D: __host__ annotation is ignored on a function("DenseStorage") that is explicitly defaulted on its first declaration
     __attribute__((host)) __attribute__((device)) 
                    ^

/usr/include/eigen3/Eigen/src/Core/DenseStorage.h(248): warning #20012-D: __device__ annotation is ignored on a function("DenseStorage") that is explicitly defaulted on its first declaration
     __attribute__((host)) __attribute__((device)) 
                                          ^

/usr/include/eigen3/Eigen/src/Core/DenseStorage.h(249): warning #20012-D: __host__ annotation is ignored on a function("operator=") that is explicitly defaulted on its first declaration
     __attribute__((host)) __attribute__((device)) 
                    ^

/usr/include/eigen3/Eigen/src/Core/DenseStorage.h(249): warning #20012-D: __device__ annotation is ignored on a function("operator=") that is explicitly defaulted on its first declaration
     __attribute__((host)) __attribute__((device)) 
                                          ^

/home/fatih/EzPC/GPU-MPC/ext/sytorch/ext/cryptoTools/cryptoTools/Crypto/PRNG.h(39): warning #815-D: type qualifier on return type is meaningless
          const block getSeed() const;
          ^

/usr/include/eigen3/Eigen/src/Core/DenseStorage.h(223): warning #20012-D: __host__ annotation is ignored on a function("DenseStorage") that is explicitly defaulted on its first declaration
     __attribute__((host)) __attribute__((device)) 
                    ^

Remark: The warnings can be suppressed with "-diag-suppress <warning-number>"

/usr/include/eigen3/Eigen/src/Core/DenseStorage.h(223): warning #20012-D: __device__ annotation is ignored on a function("DenseStorage") that is explicitly defaulted on its first declaration
     __attribute__((host)) __attribute__((device)) 
                                          ^

/usr/include/eigen3/Eigen/src/Core/DenseStorage.h(233): warning #20012-D: __host__ annotation is ignored on a function("operator=") that is explicitly defaulted on its first declaration
     __attribute__((host)) __attribute__((device)) 
                    ^

/usr/include/eigen3/Eigen/src/Core/DenseStorage.h(233): warning #20012-D: __device__ annotation is ignored on a function("operator=") that is explicitly defaulted on its first declaration
     __attribute__((host)) __attribute__((device)) 
                                          ^

/usr/include/eigen3/Eigen/src/Core/DenseStorage.h(248): warning #20012-D: __host__ annotation is ignored on a function("DenseStorage") that is explicitly defaulted on its first declaration
     __attribute__((host)) __attribute__((device)) 
                    ^

/usr/include/eigen3/Eigen/src/Core/DenseStorage.h(248): warning #20012-D: __device__ annotation is ignored on a function("DenseStorage") that is explicitly defaulted on its first declaration
     __attribute__((host)) __attribute__((device)) 
                                          ^

/usr/include/eigen3/Eigen/src/Core/DenseStorage.h(249): warning #20012-D: __host__ annotation is ignored on a function("operator=") that is explicitly defaulted on its first declaration
     __attribute__((host)) __attribute__((device)) 
                    ^

/usr/include/eigen3/Eigen/src/Core/DenseStorage.h(249): warning #20012-D: __device__ annotation is ignored on a function("operator=") that is explicitly defaulted on its first declaration
     __attribute__((host)) __attribute__((device)) 
                                          ^

/home/fatih/EzPC/GPU-MPC/ext/sytorch/ext/cryptoTools/cryptoTools/Crypto/PRNG.h(39): warning #815-D: type qualifier on return type is meaningless
          const block getSeed() const;
          ^

/home/fatih/EzPC/GPU-MPC/ext/sytorch/ext/cryptoTools/cryptoTools/Common/Defines.h:73:38: warning: ignoring attributes on template argument ‘__m128i’ [-Wignored-attributes]
   73 |     extern const std::array<block, 2> zeroAndAllOne;
      |                                      ^
/home/fatih/EzPC/GPU-MPC/ext/sytorch/ext/cryptoTools/cryptoTools/Crypto/AES.h:35:38: warning: ignoring attributes on template argument ‘const __m128i’ [-Wignored-attributes]
   35 |         void ecbEncBlocks(span<const block> plaintexts, span<block> ciphertext) const
      |                                      ^
/home/fatih/EzPC/GPU-MPC/ext/sytorch/ext/cryptoTools/cryptoTools/Crypto/AES.h:35:66: warning: ignoring attributes on template argument ‘__m128i’ [-Wignored-attributes]
   35 |         void ecbEncBlocks(span<const block> plaintexts, span<block> ciphertext) const
      |                                                                  ^
/home/fatih/EzPC/GPU-MPC/ext/sytorch/ext/cryptoTools/cryptoTools/Crypto/AES.h:56:50: warning: ignoring attributes on template argument ‘__m128i’ [-Wignored-attributes]
   56 |         void ecbEncCounterMode(u64 baseIdx, span<block> ciphertext) const
      |                                                  ^
/home/fatih/EzPC/GPU-MPC/ext/sytorch/ext/cryptoTools/cryptoTools/Crypto/AES.h:81:24: warning: ignoring attributes on template argument ‘osuCrypto::block’ {aka ‘__m128i’} [-Wignored-attributes]
   81 |         MultiKeyAES(span<block> keys) { setKeys(keys); }
      |                        ^
/home/fatih/EzPC/GPU-MPC/ext/sytorch/ext/cryptoTools/cryptoTools/Crypto/AES.h:84:25: warning: ignoring attributes on template argument ‘osuCrypto::block’ {aka ‘__m128i’} [-Wignored-attributes]
   84 |         void setKeys(span<block> keys)
      |                         ^
/home/fatih/EzPC/GPU-MPC/ext/sytorch/ext/cryptoTools/cryptoTools/Crypto/PRNG.h:140:35: warning: ignoring attributes on template argument ‘__m128i’ [-Wignored-attributes]
  140 |                 std::vector<block> mBuffer;
      |                                   ^
Built:
-rwx------ 1 fatih fatih 4922576 Aug 11 00:18 /home/fatih/EzPC/GPU-MPC/ringlpn/bin/bench_ole_ringlpn_cuda
-rwx------ 1 fatih fatih 4854296 Aug 11 00:18 /home/fatih/EzPC/GPU-MPC/ringlpn/bin/bench_ole_ringlpn_party
-rwx------ 1 fatih fatih 1600232 Aug 11 00:18 /home/fatih/EzPC/GPU-MPC/ringlpn/bin/test_spfss_zp_cuda
[ole-two-party] stage 1: independently sample per-party noise and generate keys for 1 limb(s)
[two-party-spfss-provenance] party=1 sid=1786407472497230629 noise_source=independent_os_drbg local_noise_sha256=6bcba70fc28802232c0217dc3a7af6e3654acbb97fcf7078153161365c6861a6 noise_content_sha256=5f37d9f04ad9a311e63675e3a7e0ef0ef9e2c0f3d04788bc37942e72bf1bba28 public_manifest_sha256=3a5351cf895ffea1cd93071db0db2c456c54631237dc78b78e3e17d88322847b common_cw_sha256=cebefb5f1934e234e2c1c7b57f0edd1d54313389adc7067d320daa1be503a6f0
[two-party-spfss] party 1: 256 trees in 4 groups at L=14, 1073984 protocol bytes, 87 direction switches, 621818 us -> /tmp/ringlpn-ole-two-party.mIdzid/keys_limb0_p1.spfss (pass)
[two-party-spfss-provenance] party=0 sid=1786407472497230629 noise_source=independent_os_drbg local_noise_sha256=3596ee7393415ab66e6acbcf36d36b61bd78a142fa0a432529cd115f7151cc2f noise_content_sha256=5e99da2ee6c151bfc2377c44b7bba1d4553968289bc0c25c79c3f844f7d452cb public_manifest_sha256=3a5351cf895ffea1cd93071db0db2c456c54631237dc78b78e3e17d88322847b common_cw_sha256=cebefb5f1934e234e2c1c7b57f0edd1d54313389adc7067d320daa1be503a6f0
[two-party-spfss] party 0: 256 trees in 4 groups at L=14, 1033792 protocol bytes, 87 direction switches, 623249 us -> /tmp/ringlpn-ole-two-party.mIdzid/keys_limb0_p0.spfss (pass)
[two-party-spfss] unsupported or unavailable local parameter/input work set
[two-party-spfss] public-parameter/local-validation mismatch; aborting before OT setup/output
[two-party-spfss] public-parameter/local-validation mismatch; aborting before OT setup/output
[ole-two-party] bilateral destination preflight rejected before OT and removed staged records
[ole-two-party] stage 2: OLE engine consumes independently sampled noise and matching keys
device,input_mode,n,logn,log_domain,requested_qbits,actual_qbits,noise_mode,noise_source,key_source,spfss_domain,c,t,chunk_size,iters,validation,host_validation,spfss_pair_key_bytes,spfss_keygen_us,spfss_key_load_us,ole_expand_mean_us,ole_expand_std_us,correct
cuda_ringlpn_ole_BENCHMARK_ONLY,BENCHMARK_ONLY_mt19937_64_figure2_spfss_uniform,8192,13,14,64,62,uniform,party_records,two_party_files,16384,2,8,8192,1,pass,pass,141504,-1,518,21976,0,1
