/usr/include/eigen3/Eigen/src/Core/DenseStorage.h(223): warning #20012-D: __host__ annotation is ignored on a function("DenseStorage") that is explicitly defaulted on its first declaration
     __attribute__((host)) __attribute__((device)) 
                    ^

Remark: The warnings can be suppressed with "-diag-suppress <warning-number>"

/usr/include/eigen3/Eigen/src/Core/DenseStorage.h(223): warning #20012-D: __device__ annotation is ignored on a function("DenseStorage") that is explicitly defaulted on its first declaration
     __attribute__((host)) __attribute__((device)) 
                                          ^

/usr/include/eigen3/Eigen/src/Core/DenseStorage.h(233): warning #20012-D: __host__ annotation is ignored on a function("operator=") that is explicitly defaulted on its first declaration
     __attribute__((host)) __attribute__((device)) 
                    ^

/usr/include/eigen3/Eigen/src/Core/DenseStorage.h(233): warning #20012-D: __device__ annotation is ignored on a function("operator=") that is explicitly defaulted on its first declaration
     __attribute__((host)) __attribute__((device)) 
                                          ^

/usr/include/eigen3/Eigen/src/Core/DenseStorage.h(248): warning #20012-D: __host__ annotation is ignored on a function("DenseStorage") that is explicitly defaulted on its first declaration
     __attribute__((host)) __attribute__((device)) 
                    ^

/usr/include/eigen3/Eigen/src/Core/DenseStorage.h(248): warning #20012-D: __device__ annotation is ignored on a function("DenseStorage") that is explicitly defaulted on its first declaration
     __attribute__((host)) __attribute__((device)) 
                                          ^

/usr/include/eigen3/Eigen/src/Core/DenseStorage.h(249): warning #20012-D: __host__ annotation is ignored on a function("operator=") that is explicitly defaulted on its first declaration
     __attribute__((host)) __attribute__((device)) 
                    ^

/usr/include/eigen3/Eigen/src/Core/DenseStorage.h(249): warning #20012-D: __device__ annotation is ignored on a function("operator=") that is explicitly defaulted on its first declaration
     __attribute__((host)) __attribute__((device)) 
                                          ^

/home/fatih/EzPC/GPU-MPC/ext/sytorch/ext/cryptoTools/cryptoTools/Crypto/PRNG.h(39): warning #815-D: type qualifier on return type is meaningless
          const block getSeed() const;
          ^

/usr/include/eigen3/Eigen/src/Core/DenseStorage.h(223): warning #20012-D: __host__ annotation is ignored on a function("DenseStorage") that is explicitly defaulted on its first declaration
     __attribute__((host)) __attribute__((device)) 
                    ^

Remark: The warnings can be suppressed with "-diag-suppress <warning-number>"

/usr/include/eigen3/Eigen/src/Core/DenseStorage.h(223): warning #20012-D: __device__ annotation is ignored on a function("DenseStorage") that is explicitly defaulted on its first declaration
     __attribute__((host)) __attribute__((device)) 
                                          ^

/usr/include/eigen3/Eigen/src/Core/DenseStorage.h(233): warning #20012-D: __host__ annotation is ignored on a function("operator=") that is explicitly defaulted on its first declaration
     __attribute__((host)) __attribute__((device)) 
                    ^

/usr/include/eigen3/Eigen/src/Core/DenseStorage.h(233): warning #20012-D: __device__ annotation is ignored on a function("operator=") that is explicitly defaulted on its first declaration
     __attribute__((host)) __attribute__((device)) 
                                          ^

/usr/include/eigen3/Eigen/src/Core/DenseStorage.h(248): warning #20012-D: __host__ annotation is ignored on a function("DenseStorage") that is explicitly defaulted on its first declaration
     __attribute__((host)) __attribute__((device)) 
                    ^

/usr/include/eigen3/Eigen/src/Core/DenseStorage.h(248): warning #20012-D: __device__ annotation is ignored on a function("DenseStorage") that is explicitly defaulted on its first declaration
     __attribute__((host)) __attribute__((device)) 
                                          ^

/usr/include/eigen3/Eigen/src/Core/DenseStorage.h(249): warning #20012-D: __host__ annotation is ignored on a function("operator=") that is explicitly defaulted on its first declaration
     __attribute__((host)) __attribute__((device)) 
                    ^

/usr/include/eigen3/Eigen/src/Core/DenseStorage.h(249): warning #20012-D: __device__ annotation is ignored on a function("operator=") that is explicitly defaulted on its first declaration
     __attribute__((host)) __attribute__((device)) 
                                          ^

/home/fatih/EzPC/GPU-MPC/ext/sytorch/ext/cryptoTools/cryptoTools/Crypto/PRNG.h(39): warning #815-D: type qualifier on return type is meaningless
          const block getSeed() const;
          ^

/home/fatih/EzPC/GPU-MPC/ext/sytorch/ext/cryptoTools/cryptoTools/Common/Defines.h:73:38: warning: ignoring attributes on template argument ‘__m128i’ [-Wignored-attributes]
   73 |     extern const std::array<block, 2> zeroAndAllOne;
      |                                      ^
/home/fatih/EzPC/GPU-MPC/ext/sytorch/ext/cryptoTools/cryptoTools/Crypto/AES.h:35:38: warning: ignoring attributes on template argument ‘const __m128i’ [-Wignored-attributes]
   35 |         void ecbEncBlocks(span<const block> plaintexts, span<block> ciphertext) const
      |                                      ^
/home/fatih/EzPC/GPU-MPC/ext/sytorch/ext/cryptoTools/cryptoTools/Crypto/AES.h:35:66: warning: ignoring attributes on template argument ‘__m128i’ [-Wignored-attributes]
   35 |         void ecbEncBlocks(span<const block> plaintexts, span<block> ciphertext) const
      |                                                                  ^
/home/fatih/EzPC/GPU-MPC/ext/sytorch/ext/cryptoTools/cryptoTools/Crypto/AES.h:56:50: warning: ignoring attributes on template argument ‘__m128i’ [-Wignored-attributes]
   56 |         void ecbEncCounterMode(u64 baseIdx, span<block> ciphertext) const
      |                                                  ^
/home/fatih/EzPC/GPU-MPC/ext/sytorch/ext/cryptoTools/cryptoTools/Crypto/AES.h:81:24: warning: ignoring attributes on template argument ‘osuCrypto::block’ {aka ‘__m128i’} [-Wignored-attributes]
   81 |         MultiKeyAES(span<block> keys) { setKeys(keys); }
      |                        ^
/home/fatih/EzPC/GPU-MPC/ext/sytorch/ext/cryptoTools/cryptoTools/Crypto/AES.h:84:25: warning: ignoring attributes on template argument ‘osuCrypto::block’ {aka ‘__m128i’} [-Wignored-attributes]
   84 |         void setKeys(span<block> keys)
      |                         ^
/home/fatih/EzPC/GPU-MPC/ext/sytorch/ext/cryptoTools/cryptoTools/Crypto/PRNG.h:140:35: warning: ignoring attributes on template argument ‘__m128i’ [-Wignored-attributes]
  140 |                 std::vector<block> mBuffer;
      |                                   ^
/usr/include/eigen3/Eigen/src/Core/DenseStorage.h(223): warning #20012-D: __host__ annotation is ignored on a function("DenseStorage") that is explicitly defaulted on its first declaration
     __attribute__((host)) __attribute__((device)) 
                    ^

Remark: The warnings can be suppressed with "-diag-suppress <warning-number>"

/usr/include/eigen3/Eigen/src/Core/DenseStorage.h(223): warning #20012-D: __device__ annotation is ignored on a function("DenseStorage") that is explicitly defaulted on its first declaration
     __attribute__((host)) __attribute__((device)) 
                                          ^

/usr/include/eigen3/Eigen/src/Core/DenseStorage.h(233): warning #20012-D: __host__ annotation is ignored on a function("operator=") that is explicitly defaulted on its first declaration
     __attribute__((host)) __attribute__((device)) 
                    ^

/usr/include/eigen3/Eigen/src/Core/DenseStorage.h(233): warning #20012-D: __device__ annotation is ignored on a function("operator=") that is explicitly defaulted on its first declaration
     __attribute__((host)) __attribute__((device)) 
                                          ^

/usr/include/eigen3/Eigen/src/Core/DenseStorage.h(248): warning #20012-D: __host__ annotation is ignored on a function("DenseStorage") that is explicitly defaulted on its first declaration
     __attribute__((host)) __attribute__((device)) 
                    ^

/usr/include/eigen3/Eigen/src/Core/DenseStorage.h(248): warning #20012-D: __device__ annotation is ignored on a function("DenseStorage") that is explicitly defaulted on its first declaration
     __attribute__((host)) __attribute__((device)) 
                                          ^

/usr/include/eigen3/Eigen/src/Core/DenseStorage.h(249): warning #20012-D: __host__ annotation is ignored on a function("operator=") that is explicitly defaulted on its first declaration
     __attribute__((host)) __attribute__((device)) 
                    ^

/usr/include/eigen3/Eigen/src/Core/DenseStorage.h(249): warning #20012-D: __device__ annotation is ignored on a function("operator=") that is explicitly defaulted on its first declaration
     __attribute__((host)) __attribute__((device)) 
                                          ^

/home/fatih/EzPC/GPU-MPC/ext/sytorch/ext/cryptoTools/cryptoTools/Crypto/PRNG.h(39): warning #815-D: type qualifier on return type is meaningless
          const block getSeed() const;
          ^

/usr/include/eigen3/Eigen/src/Core/DenseStorage.h(223): warning #20012-D: __host__ annotation is ignored on a function("DenseStorage") that is explicitly defaulted on its first declaration
     __attribute__((host)) __attribute__((device)) 
                    ^

Remark: The warnings can be suppressed with "-diag-suppress <warning-number>"

/usr/include/eigen3/Eigen/src/Core/DenseStorage.h(223): warning #20012-D: __device__ annotation is ignored on a function("DenseStorage") that is explicitly defaulted on its first declaration
     __attribute__((host)) __attribute__((device)) 
                                          ^

/usr/include/eigen3/Eigen/src/Core/DenseStorage.h(233): warning #20012-D: __host__ annotation is ignored on a function("operator=") that is explicitly defaulted on its first declaration
     __attribute__((host)) __attribute__((device)) 
                    ^

/usr/include/eigen3/Eigen/src/Core/DenseStorage.h(233): warning #20012-D: __device__ annotation is ignored on a function("operator=") that is explicitly defaulted on its first declaration
     __attribute__((host)) __attribute__((device)) 
                                          ^

/usr/include/eigen3/Eigen/src/Core/DenseStorage.h(248): warning #20012-D: __host__ annotation is ignored on a function("DenseStorage") that is explicitly defaulted on its first declaration
     __attribute__((host)) __attribute__((device)) 
                    ^

/usr/include/eigen3/Eigen/src/Core/DenseStorage.h(248): warning #20012-D: __device__ annotation is ignored on a function("DenseStorage") that is explicitly defaulted on its first declaration
     __attribute__((host)) __attribute__((device)) 
                                          ^

/usr/include/eigen3/Eigen/src/Core/DenseStorage.h(249): warning #20012-D: __host__ annotation is ignored on a function("operator=") that is explicitly defaulted on its first declaration
     __attribute__((host)) __attribute__((device)) 
                    ^

/usr/include/eigen3/Eigen/src/Core/DenseStorage.h(249): warning #20012-D: __device__ annotation is ignored on a function("operator=") that is explicitly defaulted on its first declaration
     __attribute__((host)) __attribute__((device)) 
                                          ^

/home/fatih/EzPC/GPU-MPC/ext/sytorch/ext/cryptoTools/cryptoTools/Crypto/PRNG.h(39): warning #815-D: type qualifier on return type is meaningless
          const block getSeed() const;
          ^

/home/fatih/EzPC/GPU-MPC/ext/sytorch/ext/cryptoTools/cryptoTools/Common/Defines.h:73:38: warning: ignoring attributes on template argument ‘__m128i’ [-Wignored-attributes]
   73 |     extern const std::array<block, 2> zeroAndAllOne;
      |                                      ^
/home/fatih/EzPC/GPU-MPC/ext/sytorch/ext/cryptoTools/cryptoTools/Crypto/AES.h:35:38: warning: ignoring attributes on template argument ‘const __m128i’ [-Wignored-attributes]
   35 |         void ecbEncBlocks(span<const block> plaintexts, span<block> ciphertext) const
      |                                      ^
/home/fatih/EzPC/GPU-MPC/ext/sytorch/ext/cryptoTools/cryptoTools/Crypto/AES.h:35:66: warning: ignoring attributes on template argument ‘__m128i’ [-Wignored-attributes]
   35 |         void ecbEncBlocks(span<const block> plaintexts, span<block> ciphertext) const
      |                                                                  ^
/home/fatih/EzPC/GPU-MPC/ext/sytorch/ext/cryptoTools/cryptoTools/Crypto/AES.h:56:50: warning: ignoring attributes on template argument ‘__m128i’ [-Wignored-attributes]
   56 |         void ecbEncCounterMode(u64 baseIdx, span<block> ciphertext) const
      |                                                  ^
/home/fatih/EzPC/GPU-MPC/ext/sytorch/ext/cryptoTools/cryptoTools/Crypto/AES.h:81:24: warning: ignoring attributes on template argument ‘osuCrypto::block’ {aka ‘__m128i’} [-Wignored-attributes]
   81 |         MultiKeyAES(span<block> keys) { setKeys(keys); }
      |                        ^
/home/fatih/EzPC/GPU-MPC/ext/sytorch/ext/cryptoTools/cryptoTools/Crypto/AES.h:84:25: warning: ignoring attributes on template argument ‘osuCrypto::block’ {aka ‘__m128i’} [-Wignored-attributes]
   84 |         void setKeys(span<block> keys)
      |                         ^
/home/fatih/EzPC/GPU-MPC/ext/sytorch/ext/cryptoTools/cryptoTools/Crypto/PRNG.h:140:35: warning: ignoring attributes on template argument ‘__m128i’ [-Wignored-attributes]
  140 |                 std::vector<block> mBuffer;
      |                                   ^
/usr/include/eigen3/Eigen/src/Core/DenseStorage.h(223): warning #20012-D: __host__ annotation is ignored on a function("DenseStorage") that is explicitly defaulted on its first declaration
     __attribute__((host)) __attribute__((device)) 
                    ^

Remark: The warnings can be suppressed with "-diag-suppress <warning-number>"

/usr/include/eigen3/Eigen/src/Core/DenseStorage.h(223): warning #20012-D: __device__ annotation is ignored on a function("DenseStorage") that is explicitly defaulted on its first declaration
     __attribute__((host)) __attribute__((device)) 
                                          ^

/usr/include/eigen3/Eigen/src/Core/DenseStorage.h(233): warning #20012-D: __host__ annotation is ignored on a function("operator=") that is explicitly defaulted on its first declaration
     __attribute__((host)) __attribute__((device)) 
                    ^

/usr/include/eigen3/Eigen/src/Core/DenseStorage.h(233): warning #20012-D: __device__ annotation is ignored on a function("operator=") that is explicitly defaulted on its first declaration
     __attribute__((host)) __attribute__((device)) 
                                          ^

/usr/include/eigen3/Eigen/src/Core/DenseStorage.h(248): warning #20012-D: __host__ annotation is ignored on a function("DenseStorage") that is explicitly defaulted on its first declaration
     __attribute__((host)) __attribute__((device)) 
                    ^

/usr/include/eigen3/Eigen/src/Core/DenseStorage.h(248): warning #20012-D: __device__ annotation is ignored on a function("DenseStorage") that is explicitly defaulted on its first declaration
     __attribute__((host)) __attribute__((device)) 
                                          ^

/usr/include/eigen3/Eigen/src/Core/DenseStorage.h(249): warning #20012-D: __host__ annotation is ignored on a function("operator=") that is explicitly defaulted on its first declaration
     __attribute__((host)) __attribute__((device)) 
                    ^

/usr/include/eigen3/Eigen/src/Core/DenseStorage.h(249): warning #20012-D: __device__ annotation is ignored on a function("operator=") that is explicitly defaulted on its first declaration
     __attribute__((host)) __attribute__((device)) 
                                          ^

/home/fatih/EzPC/GPU-MPC/ext/sytorch/ext/cryptoTools/cryptoTools/Crypto/PRNG.h(39): warning #815-D: type qualifier on return type is meaningless
          const block getSeed() const;
          ^

/usr/include/eigen3/Eigen/src/Core/DenseStorage.h(223): warning #20012-D: __host__ annotation is ignored on a function("DenseStorage") that is explicitly defaulted on its first declaration
     __attribute__((host)) __attribute__((device)) 
                    ^

Remark: The warnings can be suppressed with "-diag-suppress <warning-number>"

/usr/include/eigen3/Eigen/src/Core/DenseStorage.h(223): warning #20012-D: __device__ annotation is ignored on a function("DenseStorage") that is explicitly defaulted on its first declaration
     __attribute__((host)) __attribute__((device)) 
                                          ^

/usr/include/eigen3/Eigen/src/Core/DenseStorage.h(233): warning #20012-D: __host__ annotation is ignored on a function("operator=") that is explicitly defaulted on its first declaration
     __attribute__((host)) __attribute__((device)) 
                    ^

/usr/include/eigen3/Eigen/src/Core/DenseStorage.h(233): warning #20012-D: __device__ annotation is ignored on a function("operator=") that is explicitly defaulted on its first declaration
     __attribute__((host)) __attribute__((device)) 
                                          ^

/usr/include/eigen3/Eigen/src/Core/DenseStorage.h(248): warning #20012-D: __host__ annotation is ignored on a function("DenseStorage") that is explicitly defaulted on its first declaration
     __attribute__((host)) __attribute__((device)) 
                    ^

/usr/include/eigen3/Eigen/src/Core/DenseStorage.h(248): warning #20012-D: __device__ annotation is ignored on a function("DenseStorage") that is explicitly defaulted on its first declaration
     __attribute__((host)) __attribute__((device)) 
                                          ^

/usr/include/eigen3/Eigen/src/Core/DenseStorage.h(249): warning #20012-D: __host__ annotation is ignored on a function("operator=") that is explicitly defaulted on its first declaration
     __attribute__((host)) __attribute__((device)) 
                    ^

/usr/include/eigen3/Eigen/src/Core/DenseStorage.h(249): warning #20012-D: __device__ annotation is ignored on a function("operator=") that is explicitly defaulted on its first declaration
     __attribute__((host)) __attribute__((device)) 
                                          ^

/home/fatih/EzPC/GPU-MPC/ext/sytorch/ext/cryptoTools/cryptoTools/Crypto/PRNG.h(39): warning #815-D: type qualifier on return type is meaningless
          const block getSeed() const;
          ^

/home/fatih/EzPC/GPU-MPC/ext/sytorch/ext/cryptoTools/cryptoTools/Common/Defines.h:73:38: warning: ignoring attributes on template argument ‘__m128i’ [-Wignored-attributes]
   73 |     extern const std::array<block, 2> zeroAndAllOne;
      |                                      ^
/home/fatih/EzPC/GPU-MPC/ext/sytorch/ext/cryptoTools/cryptoTools/Crypto/AES.h:35:38: warning: ignoring attributes on template argument ‘const __m128i’ [-Wignored-attributes]
   35 |         void ecbEncBlocks(span<const block> plaintexts, span<block> ciphertext) const
      |                                      ^
/home/fatih/EzPC/GPU-MPC/ext/sytorch/ext/cryptoTools/cryptoTools/Crypto/AES.h:35:66: warning: ignoring attributes on template argument ‘__m128i’ [-Wignored-attributes]
   35 |         void ecbEncBlocks(span<const block> plaintexts, span<block> ciphertext) const
      |                                                                  ^
/home/fatih/EzPC/GPU-MPC/ext/sytorch/ext/cryptoTools/cryptoTools/Crypto/AES.h:56:50: warning: ignoring attributes on template argument ‘__m128i’ [-Wignored-attributes]
   56 |         void ecbEncCounterMode(u64 baseIdx, span<block> ciphertext) const
      |                                                  ^
/home/fatih/EzPC/GPU-MPC/ext/sytorch/ext/cryptoTools/cryptoTools/Crypto/AES.h:81:24: warning: ignoring attributes on template argument ‘osuCrypto::block’ {aka ‘__m128i’} [-Wignored-attributes]
   81 |         MultiKeyAES(span<block> keys) { setKeys(keys); }
      |                        ^
/home/fatih/EzPC/GPU-MPC/ext/sytorch/ext/cryptoTools/cryptoTools/Crypto/AES.h:84:25: warning: ignoring attributes on template argument ‘osuCrypto::block’ {aka ‘__m128i’} [-Wignored-attributes]
   84 |         void setKeys(span<block> keys)
      |                         ^
/home/fatih/EzPC/GPU-MPC/ext/sytorch/ext/cryptoTools/cryptoTools/Crypto/PRNG.h:140:35: warning: ignoring attributes on template argument ‘__m128i’ [-Wignored-attributes]
  140 |                 std::vector<block> mBuffer;
      |                                   ^
Built:
-rwx------ 1 fatih fatih 4922576 Aug 11 00:20 /home/fatih/EzPC/GPU-MPC/ringlpn/bin/bench_ole_ringlpn_cuda
-rwx------ 1 fatih fatih 4854296 Aug 11 00:20 /home/fatih/EzPC/GPU-MPC/ringlpn/bin/bench_ole_ringlpn_party
-rwx------ 1 fatih fatih 1600232 Aug 11 00:20 /home/fatih/EzPC/GPU-MPC/ringlpn/bin/test_spfss_zp_cuda
[ole-two-party] stage 1: independently sample per-party noise and generate keys for 2 limb(s)
[two-party-spfss-provenance] party=1 sid=1786407591463845464 noise_source=independent_os_drbg local_noise_sha256=f3247fcb9ca12c4[two-party-spfss-provenance] party=0 sid=1786407591463845464 noise_source=independent_os_drbg local_noise_sha256=f36e7170e7147eba158f196b90c65d64fc8e22ea6219cbe0a6d900a693c862f1 noise_content_sha256=97925d4ad7a4de56186e28e57556bbd35b7664e9e1273b3ff0fd0659ebe396792e3ade05393b2544508a6da0361340ce0eaedf827a noise_content_sha256=7a26e1729e1bacf6438cf481a2eb883c3ba2f4844d1b8fa3c9936c72d06ceb1f public_manifest_sha256=92053c2c5877f8ed2f398baf8ecba3444064be114e858be5b4f50f5c4a0d7b24 common_cw_sha256=49c2f09a4d735b914de86e public_manifest_sha256=92053c2c5877f8ed2f398baf8ecba3444064be114e858be5b4f50f5c4a0d7b24 common_cw_sha256=49c2f09a4d735b965031910053596eae6b4cf5d79a5b455602f30e05358a4f9f
65031910053596eae6b4cf5d79a5b455602f30e05358a4f9f
[two-party-spfss] party 1: 256 trees in 4 groups at L=14, 1073984 protocol bytes, 87 direction switches, 610843 us -> /tmp/ringl[two-party-spfss] party 0: 256 trees in 4 groups at L=14, 1033792 protocol bytes, 87 direction switches, 610131 us -> /tmp/ringlpn-ole-two-party.JLBAuX/keys_limb0_p1.spfss (pass)
pn-ole-two-party.JLBAuX/keys_limb0_p0.spfss (pass)
[two-party-spfss-provenance] party=1 sid=1786407591463845465 noise_source=independent_os_drbg local_noise_sha256=dc7f2a25e529c6be11a6e05237aa185b690dffc04e338331c5f3130d10097b1d noise_content_sha256=214128531011fb54e1a94f794adbd38c3f0e6cb88c18c232cc732c23916396aa public_manifest_sha256=2684664b26d34e73a323185de05e0eaf30427e78bfec20602ee05d81ffd71269 common_cw_sha256=74507f69c1c88923a613e642a4346062cb2fc6dad1565ddd33c17ba48dd0aaa2
[two-party-spfss] party 1: 256 trees in 4 groups at L=14, 1073984 protocol bytes, 87 direction switches, 705987 us -> /tmp/ringlpn-ole-two-party.JLBAuX/keys_limb1_p1.spfss (pass)
[two-party-spfss-provenance] party=0 sid=1786407591463845465 noise_source=independent_os_drbg local_noise_sha256=6ed61ebbd1287c3d34120b32b49a63d4b8968186f8671569330b070bdc14d0ee noise_content_sha256=e2b4a4fc9654c294bed0acd0da311e78c9c866a96e4b06ec13921ca184a3a2bb public_manifest_sha256=2684664b26d34e73a323185de05e0eaf30427e78bfec20602ee05d81ffd71269 common_cw_sha256=74507f69c1c88923a613e642a4346062cb2fc6dad1565ddd33c17ba48dd0aaa2
[two-party-spfss] party 0: 256 trees in 4 groups at L=14, 1033792 protocol bytes, 87 direction switches, 705818 us -> /tmp/ringlpn-ole-two-party.JLBAuX/keys_limb1_p0.spfss (pass)
[two-party-spfss] unsupported or unavailable local parameter/input work set
[two-party-spfss] public-parameter/local-validation mismatch; aborting before OT setup/output
[two-party-spfss] public-parameter/local-validation mismatch; aborting before OT setup/output
[ole-two-party] bilateral destination preflight rejected before OT and removed staged records
[ole-two-party] stage 2: OLE engine consumes independently sampled noise and matching keys
device,input_mode,n,logn,log_domain,requested_qbits,actual_qbits,noise_mode,noise_source,key_source,spfss_domain,c,t,chunk_size,iters,validation,host_validation,spfss_pair_key_bytes,spfss_keygen_us,spfss_key_load_us,ole_expand_mean_us,ole_expand_std_us,correct
cuda_ringlpn_ole_BENCHMARK_ONLY,BENCHMARK_ONLY_mt19937_64_figure2_spfss_uniform,8192,13,14,128,124,uniform,party_records,two_party_files,16384,2,8,8192,1,pass,pass,283008,-1,1186,45195,0,1
