/usr/include/eigen3/Eigen/src/Core/DenseStorage.h(223): warning #20012-D: __host__ annotation is ignored on a function("DenseStorage") that is explicitly defaulted on its first declaration
     __attribute__((host)) __attribute__((device)) 
                    ^

Remark: The warnings can be suppressed with "-diag-suppress <warning-number>"

/usr/include/eigen3/Eigen/src/Core/DenseStorage.h(223): warning #20012-D: __device__ annotation is ignored on a function("DenseStorage") that is explicitly defaulted on its first declaration
     __attribute__((host)) __attribute__((device)) 
                                          ^

/usr/include/eigen3/Eigen/src/Core/DenseStorage.h(233): warning #20012-D: __host__ annotation is ignored on a function("operator=") that is explicitly defaulted on its first declaration
     __attribute__((host)) __attribute__((device)) 
                    ^

/usr/include/eigen3/Eigen/src/Core/DenseStorage.h(233): warning #20012-D: __device__ annotation is ignored on a function("operator=") that is explicitly defaulted on its first declaration
     __attribute__((host)) __attribute__((device)) 
                                          ^

/usr/include/eigen3/Eigen/src/Core/DenseStorage.h(248): warning #20012-D: __host__ annotation is ignored on a function("DenseStorage") that is explicitly defaulted on its first declaration
     __attribute__((host)) __attribute__((device)) 
                    ^

/usr/include/eigen3/Eigen/src/Core/DenseStorage.h(248): warning #20012-D: __device__ annotation is ignored on a function("DenseStorage") that is explicitly defaulted on its first declaration
     __attribute__((host)) __attribute__((device)) 
                                          ^

/usr/include/eigen3/Eigen/src/Core/DenseStorage.h(249): warning #20012-D: __host__ annotation is ignored on a function("operator=") that is explicitly defaulted on its first declaration
     __attribute__((host)) __attribute__((device)) 
                    ^

/usr/include/eigen3/Eigen/src/Core/DenseStorage.h(249): warning #20012-D: __device__ annotation is ignored on a function("operator=") that is explicitly defaulted on its first declaration
     __attribute__((host)) __attribute__((device)) 
                                          ^

/home/fatih/EzPC/GPU-MPC/ext/sytorch/ext/cryptoTools/cryptoTools/Crypto/PRNG.h(39): warning #815-D: type qualifier on return type is meaningless
          const block getSeed() const;
          ^

/usr/include/eigen3/Eigen/src/Core/DenseStorage.h(223): warning #20012-D: __host__ annotation is ignored on a function("DenseStorage") that is explicitly defaulted on its first declaration
     __attribute__((host)) __attribute__((device)) 
                    ^

Remark: The warnings can be suppressed with "-diag-suppress <warning-number>"

/usr/include/eigen3/Eigen/src/Core/DenseStorage.h(223): warning #20012-D: __device__ annotation is ignored on a function("DenseStorage") that is explicitly defaulted on its first declaration
     __attribute__((host)) __attribute__((device)) 
                                          ^

/usr/include/eigen3/Eigen/src/Core/DenseStorage.h(233): warning #20012-D: __host__ annotation is ignored on a function("operator=") that is explicitly defaulted on its first declaration
     __attribute__((host)) __attribute__((device)) 
                    ^

/usr/include/eigen3/Eigen/src/Core/DenseStorage.h(233): warning #20012-D: __device__ annotation is ignored on a function("operator=") that is explicitly defaulted on its first declaration
     __attribute__((host)) __attribute__((device)) 
                                          ^

/usr/include/eigen3/Eigen/src/Core/DenseStorage.h(248): warning #20012-D: __host__ annotation is ignored on a function("DenseStorage") that is explicitly defaulted on its first declaration
     __attribute__((host)) __attribute__((device)) 
                    ^

/usr/include/eigen3/Eigen/src/Core/DenseStorage.h(248): warning #20012-D: __device__ annotation is ignored on a function("DenseStorage") that is explicitly defaulted on its first declaration
     __attribute__((host)) __attribute__((device)) 
                                          ^

/usr/include/eigen3/Eigen/src/Core/DenseStorage.h(249): warning #20012-D: __host__ annotation is ignored on a function("operator=") that is explicitly defaulted on its first declaration
     __attribute__((host)) __attribute__((device)) 
                    ^

/usr/include/eigen3/Eigen/src/Core/DenseStorage.h(249): warning #20012-D: __device__ annotation is ignored on a function("operator=") that is explicitly defaulted on its first declaration
     __attribute__((host)) __attribute__((device)) 
                                          ^

/home/fatih/EzPC/GPU-MPC/ext/sytorch/ext/cryptoTools/cryptoTools/Crypto/PRNG.h(39): warning #815-D: type qualifier on return type is meaningless
          const block getSeed() const;
          ^

/home/fatih/EzPC/GPU-MPC/ext/sytorch/ext/cryptoTools/cryptoTools/Common/Defines.h:73:38: warning: ignoring attributes on template argument ‘__m128i’ [-Wignored-attributes]
   73 |     extern const std::array<block, 2> zeroAndAllOne;
      |                                      ^
/home/fatih/EzPC/GPU-MPC/ext/sytorch/ext/cryptoTools/cryptoTools/Crypto/AES.h:35:38: warning: ignoring attributes on template argument ‘const __m128i’ [-Wignored-attributes]
   35 |         void ecbEncBlocks(span<const block> plaintexts, span<block> ciphertext) const
      |                                      ^
/home/fatih/EzPC/GPU-MPC/ext/sytorch/ext/cryptoTools/cryptoTools/Crypto/AES.h:35:66: warning: ignoring attributes on template argument ‘__m128i’ [-Wignored-attributes]
   35 |         void ecbEncBlocks(span<const block> plaintexts, span<block> ciphertext) const
      |                                                                  ^
/home/fatih/EzPC/GPU-MPC/ext/sytorch/ext/cryptoTools/cryptoTools/Crypto/AES.h:56:50: warning: ignoring attributes on template argument ‘__m128i’ [-Wignored-attributes]
   56 |         void ecbEncCounterMode(u64 baseIdx, span<block> ciphertext) const
      |                                                  ^
/home/fatih/EzPC/GPU-MPC/ext/sytorch/ext/cryptoTools/cryptoTools/Crypto/AES.h:81:24: warning: ignoring attributes on template argument ‘osuCrypto::block’ {aka ‘__m128i’} [-Wignored-attributes]
   81 |         MultiKeyAES(span<block> keys) { setKeys(keys); }
      |                        ^
/home/fatih/EzPC/GPU-MPC/ext/sytorch/ext/cryptoTools/cryptoTools/Crypto/AES.h:84:25: warning: ignoring attributes on template argument ‘osuCrypto::block’ {aka ‘__m128i’} [-Wignored-attributes]
   84 |         void setKeys(span<block> keys)
      |                         ^
/home/fatih/EzPC/GPU-MPC/ext/sytorch/ext/cryptoTools/cryptoTools/Crypto/PRNG.h:140:35: warning: ignoring attributes on template argument ‘__m128i’ [-Wignored-attributes]
  140 |                 std::vector<block> mBuffer;
      |                                   ^
/usr/include/eigen3/Eigen/src/Core/DenseStorage.h(223): warning #20012-D: __host__ annotation is ignored on a function("DenseStorage") that is explicitly defaulted on its first declaration
     __attribute__((host)) __attribute__((device)) 
                    ^

Remark: The warnings can be suppressed with "-diag-suppress <warning-number>"

/usr/include/eigen3/Eigen/src/Core/DenseStorage.h(223): warning #20012-D: __device__ annotation is ignored on a function("DenseStorage") that is explicitly defaulted on its first declaration
     __attribute__((host)) __attribute__((device)) 
                                          ^

/usr/include/eigen3/Eigen/src/Core/DenseStorage.h(233): warning #20012-D: __host__ annotation is ignored on a function("operator=") that is explicitly defaulted on its first declaration
     __attribute__((host)) __attribute__((device)) 
                    ^

/usr/include/eigen3/Eigen/src/Core/DenseStorage.h(233): warning #20012-D: __device__ annotation is ignored on a function("operator=") that is explicitly defaulted on its first declaration
     __attribute__((host)) __attribute__((device)) 
                                          ^

/usr/include/eigen3/Eigen/src/Core/DenseStorage.h(248): warning #20012-D: __host__ annotation is ignored on a function("DenseStorage") that is explicitly defaulted on its first declaration
     __attribute__((host)) __attribute__((device)) 
                    ^

/usr/include/eigen3/Eigen/src/Core/DenseStorage.h(248): warning #20012-D: __device__ annotation is ignored on a function("DenseStorage") that is explicitly defaulted on its first declaration
     __attribute__((host)) __attribute__((device)) 
                                          ^

/usr/include/eigen3/Eigen/src/Core/DenseStorage.h(249): warning #20012-D: __host__ annotation is ignored on a function("operator=") that is explicitly defaulted on its first declaration
     __attribute__((host)) __attribute__((device)) 
                    ^

/usr/include/eigen3/Eigen/src/Core/DenseStorage.h(249): warning #20012-D: __device__ annotation is ignored on a function("operator=") that is explicitly defaulted on its first declaration
     __attribute__((host)) __attribute__((device)) 
                                          ^

/home/fatih/EzPC/GPU-MPC/ext/sytorch/ext/cryptoTools/cryptoTools/Crypto/PRNG.h(39): warning #815-D: type qualifier on return type is meaningless
          const block getSeed() const;
          ^

/usr/include/eigen3/Eigen/src/Core/DenseStorage.h(223): warning #20012-D: __host__ annotation is ignored on a function("DenseStorage") that is explicitly defaulted on its first declaration
     __attribute__((host)) __attribute__((device)) 
                    ^

Remark: The warnings can be suppressed with "-diag-suppress <warning-number>"

/usr/include/eigen3/Eigen/src/Core/DenseStorage.h(223): warning #20012-D: __device__ annotation is ignored on a function("DenseStorage") that is explicitly defaulted on its first declaration
     __attribute__((host)) __attribute__((device)) 
                                          ^

/usr/include/eigen3/Eigen/src/Core/DenseStorage.h(233): warning #20012-D: __host__ annotation is ignored on a function("operator=") that is explicitly defaulted on its first declaration
     __attribute__((host)) __attribute__((device)) 
                    ^

/usr/include/eigen3/Eigen/src/Core/DenseStorage.h(233): warning #20012-D: __device__ annotation is ignored on a function("operator=") that is explicitly defaulted on its first declaration
     __attribute__((host)) __attribute__((device)) 
                                          ^

/usr/include/eigen3/Eigen/src/Core/DenseStorage.h(248): warning #20012-D: __host__ annotation is ignored on a function("DenseStorage") that is explicitly defaulted on its first declaration
     __attribute__((host)) __attribute__((device)) 
                    ^

/usr/include/eigen3/Eigen/src/Core/DenseStorage.h(248): warning #20012-D: __device__ annotation is ignored on a function("DenseStorage") that is explicitly defaulted on its first declaration
     __attribute__((host)) __attribute__((device)) 
                                          ^

/usr/include/eigen3/Eigen/src/Core/DenseStorage.h(249): warning #20012-D: __host__ annotation is ignored on a function("operator=") that is explicitly defaulted on its first declaration
     __attribute__((host)) __attribute__((device)) 
                    ^

/usr/include/eigen3/Eigen/src/Core/DenseStorage.h(249): warning #20012-D: __device__ annotation is ignored on a function("operator=") that is explicitly defaulted on its first declaration
     __attribute__((host)) __attribute__((device)) 
                                          ^

/home/fatih/EzPC/GPU-MPC/ext/sytorch/ext/cryptoTools/cryptoTools/Crypto/PRNG.h(39): warning #815-D: type qualifier on return type is meaningless
          const block getSeed() const;
          ^

/home/fatih/EzPC/GPU-MPC/ext/sytorch/ext/cryptoTools/cryptoTools/Common/Defines.h:73:38: warning: ignoring attributes on template argument ‘__m128i’ [-Wignored-attributes]
   73 |     extern const std::array<block, 2> zeroAndAllOne;
      |                                      ^
/home/fatih/EzPC/GPU-MPC/ext/sytorch/ext/cryptoTools/cryptoTools/Crypto/AES.h:35:38: warning: ignoring attributes on template argument ‘const __m128i’ [-Wignored-attributes]
   35 |         void ecbEncBlocks(span<const block> plaintexts, span<block> ciphertext) const
      |                                      ^
/home/fatih/EzPC/GPU-MPC/ext/sytorch/ext/cryptoTools/cryptoTools/Crypto/AES.h:35:66: warning: ignoring attributes on template argument ‘__m128i’ [-Wignored-attributes]
   35 |         void ecbEncBlocks(span<const block> plaintexts, span<block> ciphertext) const
      |                                                                  ^
/home/fatih/EzPC/GPU-MPC/ext/sytorch/ext/cryptoTools/cryptoTools/Crypto/AES.h:56:50: warning: ignoring attributes on template argument ‘__m128i’ [-Wignored-attributes]
   56 |         void ecbEncCounterMode(u64 baseIdx, span<block> ciphertext) const
      |                                                  ^
/home/fatih/EzPC/GPU-MPC/ext/sytorch/ext/cryptoTools/cryptoTools/Crypto/AES.h:81:24: warning: ignoring attributes on template argument ‘osuCrypto::block’ {aka ‘__m128i’} [-Wignored-attributes]
   81 |         MultiKeyAES(span<block> keys) { setKeys(keys); }
      |                        ^
/home/fatih/EzPC/GPU-MPC/ext/sytorch/ext/cryptoTools/cryptoTools/Crypto/AES.h:84:25: warning: ignoring attributes on template argument ‘osuCrypto::block’ {aka ‘__m128i’} [-Wignored-attributes]
   84 |         void setKeys(span<block> keys)
      |                         ^
/home/fatih/EzPC/GPU-MPC/ext/sytorch/ext/cryptoTools/cryptoTools/Crypto/PRNG.h:140:35: warning: ignoring attributes on template argument ‘__m128i’ [-Wignored-attributes]
  140 |                 std::vector<block> mBuffer;
      |                                   ^
/usr/include/eigen3/Eigen/src/Core/DenseStorage.h(223): warning #20012-D: __host__ annotation is ignored on a function("DenseStorage") that is explicitly defaulted on its first declaration
     __attribute__((host)) __attribute__((device)) 
                    ^

Remark: The warnings can be suppressed with "-diag-suppress <warning-number>"

/usr/include/eigen3/Eigen/src/Core/DenseStorage.h(223): warning #20012-D: __device__ annotation is ignored on a function("DenseStorage") that is explicitly defaulted on its first declaration
     __attribute__((host)) __attribute__((device)) 
                                          ^

/usr/include/eigen3/Eigen/src/Core/DenseStorage.h(233): warning #20012-D: __host__ annotation is ignored on a function("operator=") that is explicitly defaulted on its first declaration
     __attribute__((host)) __attribute__((device)) 
                    ^

/usr/include/eigen3/Eigen/src/Core/DenseStorage.h(233): warning #20012-D: __device__ annotation is ignored on a function("operator=") that is explicitly defaulted on its first declaration
     __attribute__((host)) __attribute__((device)) 
                                          ^

/usr/include/eigen3/Eigen/src/Core/DenseStorage.h(248): warning #20012-D: __host__ annotation is ignored on a function("DenseStorage") that is explicitly defaulted on its first declaration
     __attribute__((host)) __attribute__((device)) 
                    ^

/usr/include/eigen3/Eigen/src/Core/DenseStorage.h(248): warning #20012-D: __device__ annotation is ignored on a function("DenseStorage") that is explicitly defaulted on its first declaration
     __attribute__((host)) __attribute__((device)) 
                                          ^

/usr/include/eigen3/Eigen/src/Core/DenseStorage.h(249): warning #20012-D: __host__ annotation is ignored on a function("operator=") that is explicitly defaulted on its first declaration
     __attribute__((host)) __attribute__((device)) 
                    ^

/usr/include/eigen3/Eigen/src/Core/DenseStorage.h(249): warning #20012-D: __device__ annotation is ignored on a function("operator=") that is explicitly defaulted on its first declaration
     __attribute__((host)) __attribute__((device)) 
                                          ^

/home/fatih/EzPC/GPU-MPC/ext/sytorch/ext/cryptoTools/cryptoTools/Crypto/PRNG.h(39): warning #815-D: type qualifier on return type is meaningless
          const block getSeed() const;
          ^

/usr/include/eigen3/Eigen/src/Core/DenseStorage.h(223): warning #20012-D: __host__ annotation is ignored on a function("DenseStorage") that is explicitly defaulted on its first declaration
     __attribute__((host)) __attribute__((device)) 
                    ^

Remark: The warnings can be suppressed with "-diag-suppress <warning-number>"

/usr/include/eigen3/Eigen/src/Core/DenseStorage.h(223): warning #20012-D: __device__ annotation is ignored on a function("DenseStorage") that is explicitly defaulted on its first declaration
     __attribute__((host)) __attribute__((device)) 
                                          ^

/usr/include/eigen3/Eigen/src/Core/DenseStorage.h(233): warning #20012-D: __host__ annotation is ignored on a function("operator=") that is explicitly defaulted on its first declaration
     __attribute__((host)) __attribute__((device)) 
                    ^

/usr/include/eigen3/Eigen/src/Core/DenseStorage.h(233): warning #20012-D: __device__ annotation is ignored on a function("operator=") that is explicitly defaulted on its first declaration
     __attribute__((host)) __attribute__((device)) 
                                          ^

/usr/include/eigen3/Eigen/src/Core/DenseStorage.h(248): warning #20012-D: __host__ annotation is ignored on a function("DenseStorage") that is explicitly defaulted on its first declaration
     __attribute__((host)) __attribute__((device)) 
                    ^

/usr/include/eigen3/Eigen/src/Core/DenseStorage.h(248): warning #20012-D: __device__ annotation is ignored on a function("DenseStorage") that is explicitly defaulted on its first declaration
     __attribute__((host)) __attribute__((device)) 
                                          ^

/usr/include/eigen3/Eigen/src/Core/DenseStorage.h(249): warning #20012-D: __host__ annotation is ignored on a function("operator=") that is explicitly defaulted on its first declaration
     __attribute__((host)) __attribute__((device)) 
                    ^

/usr/include/eigen3/Eigen/src/Core/DenseStorage.h(249): warning #20012-D: __device__ annotation is ignored on a function("operator=") that is explicitly defaulted on its first declaration
     __attribute__((host)) __attribute__((device)) 
                                          ^

/home/fatih/EzPC/GPU-MPC/ext/sytorch/ext/cryptoTools/cryptoTools/Crypto/PRNG.h(39): warning #815-D: type qualifier on return type is meaningless
          const block getSeed() const;
          ^

/home/fatih/EzPC/GPU-MPC/ext/sytorch/ext/cryptoTools/cryptoTools/Common/Defines.h:73:38: warning: ignoring attributes on template argument ‘__m128i’ [-Wignored-attributes]
   73 |     extern const std::array<block, 2> zeroAndAllOne;
      |                                      ^
/home/fatih/EzPC/GPU-MPC/ext/sytorch/ext/cryptoTools/cryptoTools/Crypto/AES.h:35:38: warning: ignoring attributes on template argument ‘const __m128i’ [-Wignored-attributes]
   35 |         void ecbEncBlocks(span<const block> plaintexts, span<block> ciphertext) const
      |                                      ^
/home/fatih/EzPC/GPU-MPC/ext/sytorch/ext/cryptoTools/cryptoTools/Crypto/AES.h:35:66: warning: ignoring attributes on template argument ‘__m128i’ [-Wignored-attributes]
   35 |         void ecbEncBlocks(span<const block> plaintexts, span<block> ciphertext) const
      |                                                                  ^
/home/fatih/EzPC/GPU-MPC/ext/sytorch/ext/cryptoTools/cryptoTools/Crypto/AES.h:56:50: warning: ignoring attributes on template argument ‘__m128i’ [-Wignored-attributes]
   56 |         void ecbEncCounterMode(u64 baseIdx, span<block> ciphertext) const
      |                                                  ^
/home/fatih/EzPC/GPU-MPC/ext/sytorch/ext/cryptoTools/cryptoTools/Crypto/AES.h:81:24: warning: ignoring attributes on template argument ‘osuCrypto::block’ {aka ‘__m128i’} [-Wignored-attributes]
   81 |         MultiKeyAES(span<block> keys) { setKeys(keys); }
      |                        ^
/home/fatih/EzPC/GPU-MPC/ext/sytorch/ext/cryptoTools/cryptoTools/Crypto/AES.h:84:25: warning: ignoring attributes on template argument ‘osuCrypto::block’ {aka ‘__m128i’} [-Wignored-attributes]
   84 |         void setKeys(span<block> keys)
      |                         ^
/home/fatih/EzPC/GPU-MPC/ext/sytorch/ext/cryptoTools/cryptoTools/Crypto/PRNG.h:140:35: warning: ignoring attributes on template argument ‘__m128i’ [-Wignored-attributes]
  140 |                 std::vector<block> mBuffer;
      |                                   ^
Built:
-rwx------ 1 fatih fatih 4922576 Aug 11 00:19 /home/fatih/EzPC/GPU-MPC/ringlpn/bin/bench_ole_ringlpn_cuda
-rwx------ 1 fatih fatih 4854296 Aug 11 00:19 /home/fatih/EzPC/GPU-MPC/ringlpn/bin/bench_ole_ringlpn_party
-rwx------ 1 fatih fatih 1600232 Aug 11 00:19 /home/fatih/EzPC/GPU-MPC/ringlpn/bin/test_spfss_zp_cuda
[ole-two-party] stage 1: independently sample per-party noise and generate keys for 2 limb(s)
[two-party-spfss-provenance] party=1 sid=1786407531979514612 noise_source=independent_os_drbg local_noise_sha256=1817a83e8e57fbf[two-party-spfss-provenance] party=0 sid=1786407531979514612 noise_source=independent_os_drbg local_noise_sha256=7e26c887ed4772cfac1f5691f2e595ebdb3fa2a3b1ed479d0b4d970b86891684 noise_content_sha256=b1da5ff02f1b1acf15c2f680c165ed0bc699e263b9cf79cdc65e01f2416e4a8819ec4b236b389fe60b2a7c026f80a0bc17e764a4e4 noise_content_sha256=f84d4f6b9c25198fb2f894f43c25c76e3ce4972398157cbb783c4e37e32f0725 public_manifest_sha256=569c8b817677c5f7e34a8e1aaafd463a28d4549076c7cad2da8dffb460253287 common_cw_sha256=7734c01e3533bae229fe06 public_manifest_sha256=569c8b817677c5f7e34a8e1aaafd463a28d4549076c7cad2da8dffb460253287 common_cw_sha256=7734c01e3533bae5f0f0b10d577043a24cbec363e45dc2143cd4b2f285c56029
5f0f0b10d577043a24cbec363e45dc2143cd4b2f285c56029
[two-party-spfss] party 1: 256 trees in 60 groups at L=11, 1010048 protocol bytes, 69 direction switches, 93533 us -> /tmp/ringl[two-party-spfss] party 0: 256 trees in 60 groups at L=11, 969856 protocol bytes, 69 direction switches, 93362 us -> /tmp/ringlppn-ole-two-party.AZyqDO/keys_limb0_p1.spfss (pass)
n-ole-two-party.AZyqDO/keys_limb0_p0.spfss (pass)
[two-party-spfss-provenance] party=1 sid=1786407531979514613 noise_source=independent_os_drbg local_noise_sha256=f76e921bebe9a31[two-party-spfss-provenance] party=0 sid=1786407531979514613 noise_source=independent_os_drbg local_noise_sha256=72cafc925cbacba91a29b37ca75177502723318e57b51afdb6640b69efb1647c noise_content_sha256=dcee00f481fad25cbe4ecd2abb41aeb5bc56b8f6ae3a2a1d2cf3897528767b35d5c5abac85991786b36accc72d56bf6d2103f21825 noise_content_sha256=e6e0a7d7001a49da57b4c2e9ac4fbb39409aa57c76706e379fbda0bcbdc373ec public_manifest_sha256=7925bdfb9e88bb9c8100f54810ae78d5f78e2cfe9866f7b4573ca4520133abb4 common_cw_sha256=9e6d2cc76b625dfb1c4578 public_manifest_sha256=7925bdfb9e88bb9c8100f54810ae78d5f78e2cfe9866f7b4573ca4520133abb4 common_cw_sha256=9e6d2cc76b625dfb412db0e85be79a6fbc4e3d3f3542dda114cc22e838c767fa
b412db0e85be79a6fbc4e3d3f3542dda114cc22e838c767fa
[two-party-spfss] party 0: 256 trees in 60 groups at L=11, 969856 protocol bytes, 69 direction switches, 86555 us -> /tmp/ringlp[two-party-spfss] party 1: 256 trees in 60 groups at L=11, 1010048 protocol bytes, 69 direction switches, 86208 us -> /tmp/ringln-ole-two-party.AZyqDO/keys_limb1_p0.spfss (pass)
pn-ole-two-party.AZyqDO/keys_limb1_p1.spfss (pass)
[two-party-spfss] unsupported or unavailable local parameter/input work set
[two-party-spfss] public-parameter/local-validation mismatch; aborting before OT setup/output
[two-party-spfss] public-parameter/local-validation mismatch; aborting before OT setup/output
[ole-two-party] bilateral destination preflight rejected before OT and removed staged records
[ole-two-party] stage 2: OLE engine consumes independently sampled noise and matching keys
device,input_mode,n,logn,log_domain,requested_qbits,actual_qbits,noise_mode,noise_source,key_source,spfss_domain,c,t,chunk_size,iters,validation,host_validation,spfss_pair_key_bytes,spfss_keygen_us,spfss_key_load_us,ole_expand_mean_us,ole_expand_std_us,correct
cuda_ringlpn_ole_BENCHMARK_ONLY,BENCHMARK_ONLY_mt19937_64_figure2_spfss_regular,8192,13,11,128,124,regular,party_records,two_party_files,2048,2,8,8192,1,pass,pass,233088,-1,899,18390,0,1
