/usr/include/eigen3/Eigen/src/Core/DenseStorage.h(223): warning #20012-D: __host__ annotation is ignored on a function("DenseStorage") that is explicitly defaulted on its first declaration
     __attribute__((host)) __attribute__((device)) 
                    ^

Remark: The warnings can be suppressed with "-diag-suppress <warning-number>"

/usr/include/eigen3/Eigen/src/Core/DenseStorage.h(223): warning #20012-D: __device__ annotation is ignored on a function("DenseStorage") that is explicitly defaulted on its first declaration
     __attribute__((host)) __attribute__((device)) 
                                          ^

/usr/include/eigen3/Eigen/src/Core/DenseStorage.h(233): warning #20012-D: __host__ annotation is ignored on a function("operator=") that is explicitly defaulted on its first declaration
     __attribute__((host)) __attribute__((device)) 
                    ^

/usr/include/eigen3/Eigen/src/Core/DenseStorage.h(233): warning #20012-D: __device__ annotation is ignored on a function("operator=") that is explicitly defaulted on its first declaration
     __attribute__((host)) __attribute__((device)) 
                                          ^

/usr/include/eigen3/Eigen/src/Core/DenseStorage.h(248): warning #20012-D: __host__ annotation is ignored on a function("DenseStorage") that is explicitly defaulted on its first declaration
     __attribute__((host)) __attribute__((device)) 
                    ^

/usr/include/eigen3/Eigen/src/Core/DenseStorage.h(248): warning #20012-D: __device__ annotation is ignored on a function("DenseStorage") that is explicitly defaulted on its first declaration
     __attribute__((host)) __attribute__((device)) 
                                          ^

/usr/include/eigen3/Eigen/src/Core/DenseStorage.h(249): warning #20012-D: __host__ annotation is ignored on a function("operator=") that is explicitly defaulted on its first declaration
     __attribute__((host)) __attribute__((device)) 
                    ^

/usr/include/eigen3/Eigen/src/Core/DenseStorage.h(249): warning #20012-D: __device__ annotation is ignored on a function("operator=") that is explicitly defaulted on its first declaration
     __attribute__((host)) __attribute__((device)) 
                                          ^

/home/fatih/EzPC/GPU-MPC/ext/sytorch/ext/cryptoTools/cryptoTools/Crypto/PRNG.h(39): warning #815-D: type qualifier on return type is meaningless
          const block getSeed() const;
          ^

/usr/include/eigen3/Eigen/src/Core/DenseStorage.h(223): warning #20012-D: __host__ annotation is ignored on a function("DenseStorage") that is explicitly defaulted on its first declaration
     __attribute__((host)) __attribute__((device)) 
                    ^

Remark: The warnings can be suppressed with "-diag-suppress <warning-number>"

/usr/include/eigen3/Eigen/src/Core/DenseStorage.h(223): warning #20012-D: __device__ annotation is ignored on a function("DenseStorage") that is explicitly defaulted on its first declaration
     __attribute__((host)) __attribute__((device)) 
                                          ^

/usr/include/eigen3/Eigen/src/Core/DenseStorage.h(233): warning #20012-D: __host__ annotation is ignored on a function("operator=") that is explicitly defaulted on its first declaration
     __attribute__((host)) __attribute__((device)) 
                    ^

/usr/include/eigen3/Eigen/src/Core/DenseStorage.h(233): warning #20012-D: __device__ annotation is ignored on a function("operator=") that is explicitly defaulted on its first declaration
     __attribute__((host)) __attribute__((device)) 
                                          ^

/usr/include/eigen3/Eigen/src/Core/DenseStorage.h(248): warning #20012-D: __host__ annotation is ignored on a function("DenseStorage") that is explicitly defaulted on its first declaration
     __attribute__((host)) __attribute__((device)) 
                    ^

/usr/include/eigen3/Eigen/src/Core/DenseStorage.h(248): warning #20012-D: __device__ annotation is ignored on a function("DenseStorage") that is explicitly defaulted on its first declaration
     __attribute__((host)) __attribute__((device)) 
                                          ^

/usr/include/eigen3/Eigen/src/Core/DenseStorage.h(249): warning #20012-D: __host__ annotation is ignored on a function("operator=") that is explicitly defaulted on its first declaration
     __attribute__((host)) __attribute__((device)) 
                    ^

/usr/include/eigen3/Eigen/src/Core/DenseStorage.h(249): warning #20012-D: __device__ annotation is ignored on a function("operator=") that is explicitly defaulted on its first declaration
     __attribute__((host)) __attribute__((device)) 
                                          ^

/home/fatih/EzPC/GPU-MPC/ext/sytorch/ext/cryptoTools/cryptoTools/Crypto/PRNG.h(39): warning #815-D: type qualifier on return type is meaningless
          const block getSeed() const;
          ^

/home/fatih/EzPC/GPU-MPC/ext/sytorch/ext/cryptoTools/cryptoTools/Common/Defines.h:73:38: warning: ignoring attributes on template argument ‘__m128i’ [-Wignored-attributes]
   73 |     extern const std::array<block, 2> zeroAndAllOne;
      |                                      ^
/home/fatih/EzPC/GPU-MPC/ext/sytorch/ext/cryptoTools/cryptoTools/Crypto/AES.h:35:38: warning: ignoring attributes on template argument ‘const __m128i’ [-Wignored-attributes]
   35 |         void ecbEncBlocks(span<const block> plaintexts, span<block> ciphertext) const
      |                                      ^
/home/fatih/EzPC/GPU-MPC/ext/sytorch/ext/cryptoTools/cryptoTools/Crypto/AES.h:35:66: warning: ignoring attributes on template argument ‘__m128i’ [-Wignored-attributes]
   35 |         void ecbEncBlocks(span<const block> plaintexts, span<block> ciphertext) const
      |                                                                  ^
/home/fatih/EzPC/GPU-MPC/ext/sytorch/ext/cryptoTools/cryptoTools/Crypto/AES.h:56:50: warning: ignoring attributes on template argument ‘__m128i’ [-Wignored-attributes]
   56 |         void ecbEncCounterMode(u64 baseIdx, span<block> ciphertext) const
      |                                                  ^
/home/fatih/EzPC/GPU-MPC/ext/sytorch/ext/cryptoTools/cryptoTools/Crypto/AES.h:81:24: warning: ignoring attributes on template argument ‘osuCrypto::block’ {aka ‘__m128i’} [-Wignored-attributes]
   81 |         MultiKeyAES(span<block> keys) { setKeys(keys); }
      |                        ^
/home/fatih/EzPC/GPU-MPC/ext/sytorch/ext/cryptoTools/cryptoTools/Crypto/AES.h:84:25: warning: ignoring attributes on template argument ‘osuCrypto::block’ {aka ‘__m128i’} [-Wignored-attributes]
   84 |         void setKeys(span<block> keys)
      |                         ^
/home/fatih/EzPC/GPU-MPC/ext/sytorch/ext/cryptoTools/cryptoTools/Crypto/PRNG.h:140:35: warning: ignoring attributes on template argument ‘__m128i’ [-Wignored-attributes]
  140 |                 std::vector<block> mBuffer;
      |                                   ^
/usr/include/eigen3/Eigen/src/Core/DenseStorage.h(223): warning #20012-D: __host__ annotation is ignored on a function("DenseStorage") that is explicitly defaulted on its first declaration
     __attribute__((host)) __attribute__((device)) 
                    ^

Remark: The warnings can be suppressed with "-diag-suppress <warning-number>"

/usr/include/eigen3/Eigen/src/Core/DenseStorage.h(223): warning #20012-D: __device__ annotation is ignored on a function("DenseStorage") that is explicitly defaulted on its first declaration
     __attribute__((host)) __attribute__((device)) 
                                          ^

/usr/include/eigen3/Eigen/src/Core/DenseStorage.h(233): warning #20012-D: __host__ annotation is ignored on a function("operator=") that is explicitly defaulted on its first declaration
     __attribute__((host)) __attribute__((device)) 
                    ^

/usr/include/eigen3/Eigen/src/Core/DenseStorage.h(233): warning #20012-D: __device__ annotation is ignored on a function("operator=") that is explicitly defaulted on its first declaration
     __attribute__((host)) __attribute__((device)) 
                                          ^

/usr/include/eigen3/Eigen/src/Core/DenseStorage.h(248): warning #20012-D: __host__ annotation is ignored on a function("DenseStorage") that is explicitly defaulted on its first declaration
     __attribute__((host)) __attribute__((device)) 
                    ^

/usr/include/eigen3/Eigen/src/Core/DenseStorage.h(248): warning #20012-D: __device__ annotation is ignored on a function("DenseStorage") that is explicitly defaulted on its first declaration
     __attribute__((host)) __attribute__((device)) 
                                          ^

/usr/include/eigen3/Eigen/src/Core/DenseStorage.h(249): warning #20012-D: __host__ annotation is ignored on a function("operator=") that is explicitly defaulted on its first declaration
     __attribute__((host)) __attribute__((device)) 
                    ^

/usr/include/eigen3/Eigen/src/Core/DenseStorage.h(249): warning #20012-D: __device__ annotation is ignored on a function("operator=") that is explicitly defaulted on its first declaration
     __attribute__((host)) __attribute__((device)) 
                                          ^

/home/fatih/EzPC/GPU-MPC/ext/sytorch/ext/cryptoTools/cryptoTools/Crypto/PRNG.h(39): warning #815-D: type qualifier on return type is meaningless
          const block getSeed() const;
          ^

/usr/include/eigen3/Eigen/src/Core/DenseStorage.h(223): warning #20012-D: __host__ annotation is ignored on a function("DenseStorage") that is explicitly defaulted on its first declaration
     __attribute__((host)) __attribute__((device)) 
                    ^

Remark: The warnings can be suppressed with "-diag-suppress <warning-number>"

/usr/include/eigen3/Eigen/src/Core/DenseStorage.h(223): warning #20012-D: __device__ annotation is ignored on a function("DenseStorage") that is explicitly defaulted on its first declaration
     __attribute__((host)) __attribute__((device)) 
                                          ^

/usr/include/eigen3/Eigen/src/Core/DenseStorage.h(233): warning #20012-D: __host__ annotation is ignored on a function("operator=") that is explicitly defaulted on its first declaration
     __attribute__((host)) __attribute__((device)) 
                    ^

/usr/include/eigen3/Eigen/src/Core/DenseStorage.h(233): warning #20012-D: __device__ annotation is ignored on a function("operator=") that is explicitly defaulted on its first declaration
     __attribute__((host)) __attribute__((device)) 
                                          ^

/usr/include/eigen3/Eigen/src/Core/DenseStorage.h(248): warning #20012-D: __host__ annotation is ignored on a function("DenseStorage") that is explicitly defaulted on its first declaration
     __attribute__((host)) __attribute__((device)) 
                    ^

/usr/include/eigen3/Eigen/src/Core/DenseStorage.h(248): warning #20012-D: __device__ annotation is ignored on a function("DenseStorage") that is explicitly defaulted on its first declaration
     __attribute__((host)) __attribute__((device)) 
                                          ^

/usr/include/eigen3/Eigen/src/Core/DenseStorage.h(249): warning #20012-D: __host__ annotation is ignored on a function("operator=") that is explicitly defaulted on its first declaration
     __attribute__((host)) __attribute__((device)) 
                    ^

/usr/include/eigen3/Eigen/src/Core/DenseStorage.h(249): warning #20012-D: __device__ annotation is ignored on a function("operator=") that is explicitly defaulted on its first declaration
     __attribute__((host)) __attribute__((device)) 
                                          ^

/home/fatih/EzPC/GPU-MPC/ext/sytorch/ext/cryptoTools/cryptoTools/Crypto/PRNG.h(39): warning #815-D: type qualifier on return type is meaningless
          const block getSeed() const;
          ^

/home/fatih/EzPC/GPU-MPC/ext/sytorch/ext/cryptoTools/cryptoTools/Common/Defines.h:73:38: warning: ignoring attributes on template argument ‘__m128i’ [-Wignored-attributes]
   73 |     extern const std::array<block, 2> zeroAndAllOne;
      |                                      ^
/home/fatih/EzPC/GPU-MPC/ext/sytorch/ext/cryptoTools/cryptoTools/Crypto/AES.h:35:38: warning: ignoring attributes on template argument ‘const __m128i’ [-Wignored-attributes]
   35 |         void ecbEncBlocks(span<const block> plaintexts, span<block> ciphertext) const
      |                                      ^
/home/fatih/EzPC/GPU-MPC/ext/sytorch/ext/cryptoTools/cryptoTools/Crypto/AES.h:35:66: warning: ignoring attributes on template argument ‘__m128i’ [-Wignored-attributes]
   35 |         void ecbEncBlocks(span<const block> plaintexts, span<block> ciphertext) const
      |                                                                  ^
/home/fatih/EzPC/GPU-MPC/ext/sytorch/ext/cryptoTools/cryptoTools/Crypto/AES.h:56:50: warning: ignoring attributes on template argument ‘__m128i’ [-Wignored-attributes]
   56 |         void ecbEncCounterMode(u64 baseIdx, span<block> ciphertext) const
      |                                                  ^
/home/fatih/EzPC/GPU-MPC/ext/sytorch/ext/cryptoTools/cryptoTools/Crypto/AES.h:81:24: warning: ignoring attributes on template argument ‘osuCrypto::block’ {aka ‘__m128i’} [-Wignored-attributes]
   81 |         MultiKeyAES(span<block> keys) { setKeys(keys); }
      |                        ^
/home/fatih/EzPC/GPU-MPC/ext/sytorch/ext/cryptoTools/cryptoTools/Crypto/AES.h:84:25: warning: ignoring attributes on template argument ‘osuCrypto::block’ {aka ‘__m128i’} [-Wignored-attributes]
   84 |         void setKeys(span<block> keys)
      |                         ^
/home/fatih/EzPC/GPU-MPC/ext/sytorch/ext/cryptoTools/cryptoTools/Crypto/PRNG.h:140:35: warning: ignoring attributes on template argument ‘__m128i’ [-Wignored-attributes]
  140 |                 std::vector<block> mBuffer;
      |                                   ^
/usr/include/eigen3/Eigen/src/Core/DenseStorage.h(223): warning #20012-D: __host__ annotation is ignored on a function("DenseStorage") that is explicitly defaulted on its first declaration
     __attribute__((host)) __attribute__((device)) 
                    ^

Remark: The warnings can be suppressed with "-diag-suppress <warning-number>"

/usr/include/eigen3/Eigen/src/Core/DenseStorage.h(223): warning #20012-D: __device__ annotation is ignored on a function("DenseStorage") that is explicitly defaulted on its first declaration
     __attribute__((host)) __attribute__((device)) 
                                          ^

/usr/include/eigen3/Eigen/src/Core/DenseStorage.h(233): warning #20012-D: __host__ annotation is ignored on a function("operator=") that is explicitly defaulted on its first declaration
     __attribute__((host)) __attribute__((device)) 
                    ^

/usr/include/eigen3/Eigen/src/Core/DenseStorage.h(233): warning #20012-D: __device__ annotation is ignored on a function("operator=") that is explicitly defaulted on its first declaration
     __attribute__((host)) __attribute__((device)) 
                                          ^

/usr/include/eigen3/Eigen/src/Core/DenseStorage.h(248): warning #20012-D: __host__ annotation is ignored on a function("DenseStorage") that is explicitly defaulted on its first declaration
     __attribute__((host)) __attribute__((device)) 
                    ^

/usr/include/eigen3/Eigen/src/Core/DenseStorage.h(248): warning #20012-D: __device__ annotation is ignored on a function("DenseStorage") that is explicitly defaulted on its first declaration
     __attribute__((host)) __attribute__((device)) 
                                          ^

/usr/include/eigen3/Eigen/src/Core/DenseStorage.h(249): warning #20012-D: __host__ annotation is ignored on a function("operator=") that is explicitly defaulted on its first declaration
     __attribute__((host)) __attribute__((device)) 
                    ^

/usr/include/eigen3/Eigen/src/Core/DenseStorage.h(249): warning #20012-D: __device__ annotation is ignored on a function("operator=") that is explicitly defaulted on its first declaration
     __attribute__((host)) __attribute__((device)) 
                                          ^

/home/fatih/EzPC/GPU-MPC/ext/sytorch/ext/cryptoTools/cryptoTools/Crypto/PRNG.h(39): warning #815-D: type qualifier on return type is meaningless
          const block getSeed() const;
          ^

/usr/include/eigen3/Eigen/src/Core/DenseStorage.h(223): warning #20012-D: __host__ annotation is ignored on a function("DenseStorage") that is explicitly defaulted on its first declaration
     __attribute__((host)) __attribute__((device)) 
                    ^

Remark: The warnings can be suppressed with "-diag-suppress <warning-number>"

/usr/include/eigen3/Eigen/src/Core/DenseStorage.h(223): warning #20012-D: __device__ annotation is ignored on a function("DenseStorage") that is explicitly defaulted on its first declaration
     __attribute__((host)) __attribute__((device)) 
                                          ^

/usr/include/eigen3/Eigen/src/Core/DenseStorage.h(233): warning #20012-D: __host__ annotation is ignored on a function("operator=") that is explicitly defaulted on its first declaration
     __attribute__((host)) __attribute__((device)) 
                    ^

/usr/include/eigen3/Eigen/src/Core/DenseStorage.h(233): warning #20012-D: __device__ annotation is ignored on a function("operator=") that is explicitly defaulted on its first declaration
     __attribute__((host)) __attribute__((device)) 
                                          ^

/usr/include/eigen3/Eigen/src/Core/DenseStorage.h(248): warning #20012-D: __host__ annotation is ignored on a function("DenseStorage") that is explicitly defaulted on its first declaration
     __attribute__((host)) __attribute__((device)) 
                    ^

/usr/include/eigen3/Eigen/src/Core/DenseStorage.h(248): warning #20012-D: __device__ annotation is ignored on a function("DenseStorage") that is explicitly defaulted on its first declaration
     __attribute__((host)) __attribute__((device)) 
                                          ^

/usr/include/eigen3/Eigen/src/Core/DenseStorage.h(249): warning #20012-D: __host__ annotation is ignored on a function("operator=") that is explicitly defaulted on its first declaration
     __attribute__((host)) __attribute__((device)) 
                    ^

/usr/include/eigen3/Eigen/src/Core/DenseStorage.h(249): warning #20012-D: __device__ annotation is ignored on a function("operator=") that is explicitly defaulted on its first declaration
     __attribute__((host)) __attribute__((device)) 
                                          ^

/home/fatih/EzPC/GPU-MPC/ext/sytorch/ext/cryptoTools/cryptoTools/Crypto/PRNG.h(39): warning #815-D: type qualifier on return type is meaningless
          const block getSeed() const;
          ^

/home/fatih/EzPC/GPU-MPC/ext/sytorch/ext/cryptoTools/cryptoTools/Common/Defines.h:73:38: warning: ignoring attributes on template argument ‘__m128i’ [-Wignored-attributes]
   73 |     extern const std::array<block, 2> zeroAndAllOne;
      |                                      ^
/home/fatih/EzPC/GPU-MPC/ext/sytorch/ext/cryptoTools/cryptoTools/Crypto/AES.h:35:38: warning: ignoring attributes on template argument ‘const __m128i’ [-Wignored-attributes]
   35 |         void ecbEncBlocks(span<const block> plaintexts, span<block> ciphertext) const
      |                                      ^
/home/fatih/EzPC/GPU-MPC/ext/sytorch/ext/cryptoTools/cryptoTools/Crypto/AES.h:35:66: warning: ignoring attributes on template argument ‘__m128i’ [-Wignored-attributes]
   35 |         void ecbEncBlocks(span<const block> plaintexts, span<block> ciphertext) const
      |                                                                  ^
/home/fatih/EzPC/GPU-MPC/ext/sytorch/ext/cryptoTools/cryptoTools/Crypto/AES.h:56:50: warning: ignoring attributes on template argument ‘__m128i’ [-Wignored-attributes]
   56 |         void ecbEncCounterMode(u64 baseIdx, span<block> ciphertext) const
      |                                                  ^
/home/fatih/EzPC/GPU-MPC/ext/sytorch/ext/cryptoTools/cryptoTools/Crypto/AES.h:81:24: warning: ignoring attributes on template argument ‘osuCrypto::block’ {aka ‘__m128i’} [-Wignored-attributes]
   81 |         MultiKeyAES(span<block> keys) { setKeys(keys); }
      |                        ^
/home/fatih/EzPC/GPU-MPC/ext/sytorch/ext/cryptoTools/cryptoTools/Crypto/AES.h:84:25: warning: ignoring attributes on template argument ‘osuCrypto::block’ {aka ‘__m128i’} [-Wignored-attributes]
   84 |         void setKeys(span<block> keys)
      |                         ^
/home/fatih/EzPC/GPU-MPC/ext/sytorch/ext/cryptoTools/cryptoTools/Crypto/PRNG.h:140:35: warning: ignoring attributes on template argument ‘__m128i’ [-Wignored-attributes]
  140 |                 std::vector<block> mBuffer;
      |                                   ^
Built:
-rwx------ 1 fatih fatih 4922576 Aug 11 00:17 /home/fatih/EzPC/GPU-MPC/ringlpn/bin/bench_ole_ringlpn_cuda
-rwx------ 1 fatih fatih 4854296 Aug 11 00:17 /home/fatih/EzPC/GPU-MPC/ringlpn/bin/bench_ole_ringlpn_party
-rwx------ 1 fatih fatih 1600232 Aug 11 00:17 /home/fatih/EzPC/GPU-MPC/ringlpn/bin/test_spfss_zp_cuda
[ole-two-party] stage 1: independently sample per-party noise and generate keys for 1 limb(s)
[two-party-spfss-provenance] party=1 sid=1786407413868811357 noise_source=independent_os_drbg local_noise_sha256=eee427719f82135e68dc5aa5f59d28fa93b2b0f6fbc1afbacc988be68ec9548a noise_content_sha256=a87dcfb12c409b72880e63b282ab62519055ad3335dbad42aac4627f9ea59caf public_manifest_sha256=e8bb551b23b478cb8f058f6ff2fc5e493a772abafde55f5b18bd34b9e6045b53 common_cw_sha256=59067272e6f25a2b261a58bf787017bb48d08f589c4ff6bc80298196c3e74c3e
[two-party-spfss] party 1: 256 trees in 60 groups at L=11, 1010048 protocol bytes, 69 direction switches, 93085 us -> /tmp/ringlpn-ole-two-party.SfSfjM/keys_limb0_p1.spfss (pass)
[two-party-spfss-provenance] party=0 sid=1786407413868811357 noise_source=independent_os_drbg local_noise_sha256=5ffff5d637cd691450e351f92cd7c6d97aeef26293967a9ea9102181426e6b9b noise_content_sha256=99ca68a0983502ee901919872bd107b465acde053e2fafd699e5d9964a01d5f2 public_manifest_sha256=e8bb551b23b478cb8f058f6ff2fc5e493a772abafde55f5b18bd34b9e6045b53 common_cw_sha256=59067272e6f25a2b261a58bf787017bb48d08f589c4ff6bc80298196c3e74c3e
[two-party-spfss] party 0: 256 trees in 60 groups at L=11, 969856 protocol bytes, 69 direction switches, 93051 us -> /tmp/ringlpn-ole-two-party.SfSfjM/keys_limb0_p0.spfss (pass)
[two-party-spfss] unsupported or unavailable local parameter/input work set
[two-party-spfss] public-parameter/local-validation mismatch; aborting before OT setup/output
[two-party-spfss] public-parameter/local-validation mismatch; aborting before OT setup/output
[ole-two-party] bilateral destination preflight rejected before OT and removed staged records
[ole-two-party] stage 2: OLE engine consumes independently sampled noise and matching keys
device,input_mode,n,logn,log_domain,requested_qbits,actual_qbits,noise_mode,noise_source,key_source,spfss_domain,c,t,chunk_size,iters,validation,host_validation,spfss_pair_key_bytes,spfss_keygen_us,spfss_key_load_us,ole_expand_mean_us,ole_expand_std_us,correct
cuda_ringlpn_ole_BENCHMARK_ONLY,BENCHMARK_ONLY_mt19937_64_figure2_spfss_regular,8192,13,11,64,62,regular,party_records,two_party_files,2048,2,8,8192,1,pass,pass,116544,-1,493,9133,0,1
