single_point,log_domain=6,points=1,spfss_pass=1
multiple_points,log_domain=7,points=4,spfss_pass=1
colliding_alphas,log_domain=7,points=4,spfss_pass=1
edge_alphas,log_domain=8,points=2,spfss_pass=1
batch_parity,layout=regular,prime=4611686018326724609,party=0,path=breadth,offset=0,count=1,capacity_rejected=1,offset_rejected=1,guards=1,exact=1,modulo_p=1,pass=1
batch_parity,layout=regular,prime=4611686018326724609,party=0,path=breadth,offset=1,count=14,capacity_rejected=1,offset_rejected=1,guards=1,exact=1,modulo_p=1,pass=1
batch_parity,layout=regular,prime=4611686018326724609,party=0,path=breadth,offset=15,count=15,capacity_rejected=1,offset_rejected=1,guards=1,exact=1,modulo_p=1,pass=1
batch_parity,layout=regular,prime=4611686018326724609,party=0,path=breadth,offset=0,count=60,capacity_rejected=1,offset_rejected=1,guards=1,exact=1,modulo_p=1,pass=1
batch_parity,layout=regular,prime=4611686018326724609,party=0,path=root_to_leaf,offset=0,count=1,capacity_rejected=1,offset_rejected=1,guards=1,exact=1,modulo_p=1,pass=1
batch_parity,layout=regular,prime=4611686018326724609,party=0,path=root_to_leaf,offset=1,count=14,capacity_rejected=1,offset_rejected=1,guards=1,exact=1,modulo_p=1,pass=1
batch_parity,layout=regular,prime=4611686018326724609,party=0,path=root_to_leaf,offset=15,count=15,capacity_rejected=1,offset_rejected=1,guards=1,exact=1,modulo_p=1,pass=1
batch_parity,layout=regular,prime=4611686018326724609,party=0,path=root_to_leaf,offset=0,count=60,capacity_rejected=1,offset_rejected=1,guards=1,exact=1,modulo_p=1,pass=1
batch_parity,layout=regular,prime=4611686018326724609,party=1,path=breadth,offset=0,count=1,capacity_rejected=1,offset_rejected=1,guards=1,exact=1,modulo_p=1,pass=1
batch_parity,layout=regular,prime=4611686018326724609,party=1,path=breadth,offset=1,count=14,capacity_rejected=1,offset_rejected=1,guards=1,exact=1,modulo_p=1,pass=1
batch_parity,layout=regular,prime=4611686018326724609,party=1,path=breadth,offset=15,count=15,capacity_rejected=1,offset_rejected=1,guards=1,exact=1,modulo_p=1,pass=1
batch_parity,layout=regular,prime=4611686018326724609,party=1,path=breadth,offset=0,count=60,capacity_rejected=1,offset_rejected=1,guards=1,exact=1,modulo_p=1,pass=1
batch_parity,layout=regular,prime=4611686018326724609,party=1,path=root_to_leaf,offset=0,count=1,capacity_rejected=1,offset_rejected=1,guards=1,exact=1,modulo_p=1,pass=1
batch_parity,layout=regular,prime=4611686018326724609,party=1,path=root_to_leaf,offset=1,count=14,capacity_rejected=1,offset_rejected=1,guards=1,exact=1,modulo_p=1,pass=1
batch_parity,layout=regular,prime=4611686018326724609,party=1,path=root_to_leaf,offset=15,count=15,capacity_rejected=1,offset_rejected=1,guards=1,exact=1,modulo_p=1,pass=1
batch_parity,layout=regular,prime=4611686018326724609,party=1,path=root_to_leaf,offset=0,count=60,capacity_rejected=1,offset_rejected=1,guards=1,exact=1,modulo_p=1,pass=1
batch_parity,layout=uniform,prime=4611686018326724609,party=0,path=breadth,offset=0,count=1,capacity_rejected=1,offset_rejected=1,guards=1,exact=1,modulo_p=1,pass=1
batch_parity,layout=uniform,prime=4611686018326724609,party=0,path=breadth,offset=1,count=3,capacity_rejected=1,offset_rejected=1,guards=1,exact=1,modulo_p=1,pass=1
batch_parity,layout=uniform,prime=4611686018326724609,party=0,path=root_to_leaf,offset=0,count=1,capacity_rejected=1,offset_rejected=1,guards=1,exact=1,modulo_p=1,pass=1
batch_parity,layout=uniform,prime=4611686018326724609,party=0,path=root_to_leaf,offset=1,count=3,capacity_rejected=1,offset_rejected=1,guards=1,exact=1,modulo_p=1,pass=1
batch_parity,layout=uniform,prime=4611686018326724609,party=1,path=breadth,offset=0,count=1,capacity_rejected=1,offset_rejected=1,guards=1,exact=1,modulo_p=1,pass=1
batch_parity,layout=uniform,prime=4611686018326724609,party=1,path=breadth,offset=1,count=3,capacity_rejected=1,offset_rejected=1,guards=1,exact=1,modulo_p=1,pass=1
batch_parity,layout=uniform,prime=4611686018326724609,party=1,path=root_to_leaf,offset=0,count=1,capacity_rejected=1,offset_rejected=1,guards=1,exact=1,modulo_p=1,pass=1
batch_parity,layout=uniform,prime=4611686018326724609,party=1,path=root_to_leaf,offset=1,count=3,capacity_rejected=1,offset_rejected=1,guards=1,exact=1,modulo_p=1,pass=1
batch_parity,layout=regular,prime=4611686018309947393,party=0,path=breadth,offset=0,count=1,capacity_rejected=1,offset_rejected=1,guards=1,exact=1,modulo_p=1,pass=1
batch_parity,layout=regular,prime=4611686018309947393,party=0,path=breadth,offset=1,count=14,capacity_rejected=1,offset_rejected=1,guards=1,exact=1,modulo_p=1,pass=1
batch_parity,layout=regular,prime=4611686018309947393,party=0,path=breadth,offset=15,count=15,capacity_rejected=1,offset_rejected=1,guards=1,exact=1,modulo_p=1,pass=1
batch_parity,layout=regular,prime=4611686018309947393,party=0,path=breadth,offset=0,count=60,capacity_rejected=1,offset_rejected=1,guards=1,exact=1,modulo_p=1,pass=1
batch_parity,layout=regular,prime=4611686018309947393,party=0,path=root_to_leaf,offset=0,count=1,capacity_rejected=1,offset_rejected=1,guards=1,exact=1,modulo_p=1,pass=1
batch_parity,layout=regular,prime=4611686018309947393,party=0,path=root_to_leaf,offset=1,count=14,capacity_rejected=1,offset_rejected=1,guards=1,exact=1,modulo_p=1,pass=1
batch_parity,layout=regular,prime=4611686018309947393,party=0,path=root_to_leaf,offset=15,count=15,capacity_rejected=1,offset_rejected=1,guards=1,exact=1,modulo_p=1,pass=1
batch_parity,layout=regular,prime=4611686018309947393,party=0,path=root_to_leaf,offset=0,count=60,capacity_rejected=1,offset_rejected=1,guards=1,exact=1,modulo_p=1,pass=1
batch_parity,layout=regular,prime=4611686018309947393,party=1,path=breadth,offset=0,count=1,capacity_rejected=1,offset_rejected=1,guards=1,exact=1,modulo_p=1,pass=1
batch_parity,layout=regular,prime=4611686018309947393,party=1,path=breadth,offset=1,count=14,capacity_rejected=1,offset_rejected=1,guards=1,exact=1,modulo_p=1,pass=1
batch_parity,layout=regular,prime=4611686018309947393,party=1,path=breadth,offset=15,count=15,capacity_rejected=1,offset_rejected=1,guards=1,exact=1,modulo_p=1,pass=1
batch_parity,layout=regular,prime=4611686018309947393,party=1,path=breadth,offset=0,count=60,capacity_rejected=1,offset_rejected=1,guards=1,exact=1,modulo_p=1,pass=1
batch_parity,layout=regular,prime=4611686018309947393,party=1,path=root_to_leaf,offset=0,count=1,capacity_rejected=1,offset_rejected=1,guards=1,exact=1,modulo_p=1,pass=1
batch_parity,layout=regular,prime=4611686018309947393,party=1,path=root_to_leaf,offset=1,count=14,capacity_rejected=1,offset_rejected=1,guards=1,exact=1,modulo_p=1,pass=1
batch_parity,layout=regular,prime=4611686018309947393,party=1,path=root_to_leaf,offset=15,count=15,capacity_rejected=1,offset_rejected=1,guards=1,exact=1,modulo_p=1,pass=1
batch_parity,layout=regular,prime=4611686018309947393,party=1,path=root_to_leaf,offset=0,count=60,capacity_rejected=1,offset_rejected=1,guards=1,exact=1,modulo_p=1,pass=1
batch_parity,layout=uniform,prime=4611686018309947393,party=0,path=breadth,offset=0,count=1,capacity_rejected=1,offset_rejected=1,guards=1,exact=1,modulo_p=1,pass=1
batch_parity,layout=uniform,prime=4611686018309947393,party=0,path=breadth,offset=1,count=3,capacity_rejected=1,offset_rejected=1,guards=1,exact=1,modulo_p=1,pass=1
batch_parity,layout=uniform,prime=4611686018309947393,party=0,path=root_to_leaf,offset=0,count=1,capacity_rejected=1,offset_rejected=1,guards=1,exact=1,modulo_p=1,pass=1
batch_parity,layout=uniform,prime=4611686018309947393,party=0,path=root_to_leaf,offset=1,count=3,capacity_rejected=1,offset_rejected=1,guards=1,exact=1,modulo_p=1,pass=1
batch_parity,layout=uniform,prime=4611686018309947393,party=1,path=breadth,offset=0,count=1,capacity_rejected=1,offset_rejected=1,guards=1,exact=1,modulo_p=1,pass=1
batch_parity,layout=uniform,prime=4611686018309947393,party=1,path=breadth,offset=1,count=3,capacity_rejected=1,offset_rejected=1,guards=1,exact=1,modulo_p=1,pass=1
batch_parity,layout=uniform,prime=4611686018309947393,party=1,path=root_to_leaf,offset=0,count=1,capacity_rejected=1,offset_rejected=1,guards=1,exact=1,modulo_p=1,pass=1
batch_parity,layout=uniform,prime=4611686018309947393,party=1,path=root_to_leaf,offset=1,count=3,capacity_rejected=1,offset_rejected=1,guards=1,exact=1,modulo_p=1,pass=1
device,input_mode,n,logn,log_domain,requested_qbits,actual_qbits,noise_mode,noise_source,key_source,spfss_domain,c,t,chunk_size,iters,validation,host_validation,spfss_pair_key_bytes,spfss_keygen_us,spfss_key_load_us,ole_expand_mean_us,ole_expand_std_us,correct
cuda_ringlpn_ole_BENCHMARK_ONLY,BENCHMARK_ONLY_mt19937_64_figure2_spfss_regular,8192,13,11,64,62,regular,benchmark_generated,centralized,2048,2,8,8192,1,pass,pass,116544,7445,0,9086,0,1
